<?xml version="1.0"?>
<link_info>
   <banner>TI ARM Linker PC v5.1.10</banner>
   <copyright>Copyright (c) 1996-2015 Texas Instruments Incorporated</copyright>
   <link_time>0x550b1943</link_time>
   <link_errors>0x0</link_errors>
   <output_file>DataSamplingRate.out</output_file>
   <entry_point>
      <name>_c_int00</name>
      <address>0x1011</address>
   </entry_point>
   <input_file_list>
      <input_file id="fl-2">
         <path>.\</path>
         <kind>object</kind>
         <file>main.obj</file>
         <name>main.obj</name>
      </input_file>
      <input_file id="fl-3">
         <path>.\</path>
         <kind>object</kind>
         <file>startup_ccs.obj</file>
         <name>startup_ccs.obj</name>
      </input_file>
      <input_file id="fl-4">
         <path>.\utils\</path>
         <kind>object</kind>
         <file>uartstdio.obj</file>
         <name>uartstdio.obj</name>
      </input_file>
      <input_file id="fl-5">
         <path>.\drivers\</path>
         <kind>object</kind>
         <file>rgb.obj</file>
         <name>rgb.obj</name>
      </input_file>
      <input_file id="fl-134">
         <path>c:\ti\ccsv6\tools\compiler\arm_5.1.10\lib\</path>
         <kind>archive</kind>
         <file>rtsv7M4_T_le_v4SPD16_eabi.lib</file>
         <name>boot.obj</name>
      </input_file>
      <input_file id="fl-135">
         <path>c:\ti\ccsv6\tools\compiler\arm_5.1.10\lib\</path>
         <kind>archive</kind>
         <file>rtsv7M4_T_le_v4SPD16_eabi.lib</file>
         <name>copy_decompress_none.obj</name>
      </input_file>
      <input_file id="fl-136">
         <path>c:\ti\ccsv6\tools\compiler\arm_5.1.10\lib\</path>
         <kind>archive</kind>
         <file>rtsv7M4_T_le_v4SPD16_eabi.lib</file>
         <name>copy_decompress_rle.obj</name>
      </input_file>
      <input_file id="fl-137">
         <path>c:\ti\ccsv6\tools\compiler\arm_5.1.10\lib\</path>
         <kind>archive</kind>
         <file>rtsv7M4_T_le_v4SPD16_eabi.lib</file>
         <name>copy_zero_init.obj</name>
      </input_file>
      <input_file id="fl-138">
         <path>c:\ti\ccsv6\tools\compiler\arm_5.1.10\lib\</path>
         <kind>archive</kind>
         <file>rtsv7M4_T_le_v4SPD16_eabi.lib</file>
         <name>exit.obj</name>
      </input_file>
      <input_file id="fl-139">
         <path>c:\ti\ccsv6\tools\compiler\arm_5.1.10\lib\</path>
         <kind>archive</kind>
         <file>rtsv7M4_T_le_v4SPD16_eabi.lib</file>
         <name>fs_toull_t2.obj</name>
      </input_file>
      <input_file id="fl-13a">
         <path>c:\ti\ccsv6\tools\compiler\arm_5.1.10\lib\</path>
         <kind>archive</kind>
         <file>rtsv7M4_T_le_v4SPD16_eabi.lib</file>
         <name>memcpy_t2.obj</name>
      </input_file>
      <input_file id="fl-13b">
         <path>c:\ti\ccsv6\tools\compiler\arm_5.1.10\lib\</path>
         <kind>archive</kind>
         <file>rtsv7M4_T_le_v4SPD16_eabi.lib</file>
         <name>stkdepth_vars.obj</name>
      </input_file>
      <input_file id="fl-13c">
         <path>c:\ti\ccsv6\tools\compiler\arm_5.1.10\lib\</path>
         <kind>archive</kind>
         <file>rtsv7M4_T_le_v4SPD16_eabi.lib</file>
         <name>u_divt2.obj</name>
      </input_file>
      <input_file id="fl-13d">
         <path>c:\ti\ccsv6\tools\compiler\arm_5.1.10\lib\</path>
         <kind>archive</kind>
         <file>rtsv7M4_T_le_v4SPD16_eabi.lib</file>
         <name>_lock.obj</name>
      </input_file>
      <input_file id="fl-13e">
         <path>c:\ti\ccsv6\tools\compiler\arm_5.1.10\lib\</path>
         <kind>archive</kind>
         <file>rtsv7M4_T_le_v4SPD16_eabi.lib</file>
         <name>args_main.obj</name>
      </input_file>
      <input_file id="fl-13f">
         <path>c:\ti\ccsv6\tools\compiler\arm_5.1.10\lib\</path>
         <kind>archive</kind>
         <file>rtsv7M4_T_le_v4SPD16_eabi.lib</file>
         <name>auto_init.obj</name>
      </input_file>
      <input_file id="fl-140">
         <path>c:\ti\ccsv6\tools\compiler\arm_5.1.10\lib\</path>
         <kind>archive</kind>
         <file>rtsv7M4_T_le_v4SPD16_eabi.lib</file>
         <name>cpy_tbl.obj</name>
      </input_file>
      <input_file id="fl-141">
         <path>C:\ti\TivaWare_C_Series-2.0.1.11577\examples\boards\ek-tm4c123gxl-boostxl-senshub\compdcm_mpu9150\ccs\..\..\..\..\..\driverlib\ccs\Debug\</path>
         <kind>archive</kind>
         <file>driverlib.lib</file>
         <name>sysctl.obj</name>
      </input_file>
      <input_file id="fl-142">
         <path>C:\ti\TivaWare_C_Series-2.0.1.11577\examples\boards\ek-tm4c123gxl-boostxl-senshub\compdcm_mpu9150\ccs\..\..\..\..\..\driverlib\ccs\Debug\</path>
         <kind>archive</kind>
         <file>driverlib.lib</file>
         <name>interrupt.obj</name>
      </input_file>
      <input_file id="fl-143">
         <path>C:\ti\TivaWare_C_Series-2.0.1.11577\examples\boards\ek-tm4c123gxl-boostxl-senshub\compdcm_mpu9150\ccs\..\..\..\..\..\driverlib\ccs\Debug\</path>
         <kind>archive</kind>
         <file>driverlib.lib</file>
         <name>gpio.obj</name>
      </input_file>
      <input_file id="fl-144">
         <path>C:\ti\TivaWare_C_Series-2.0.1.11577\examples\boards\ek-tm4c123gxl-boostxl-senshub\compdcm_mpu9150\ccs\..\..\..\..\..\driverlib\ccs\Debug\</path>
         <kind>archive</kind>
         <file>driverlib.lib</file>
         <name>cpu.obj</name>
      </input_file>
      <input_file id="fl-145">
         <path>C:\ti\TivaWare_C_Series-2.0.1.11577\examples\boards\ek-tm4c123gxl-boostxl-senshub\compdcm_mpu9150\ccs\..\..\..\..\..\sensorlib\ccs\Debug\</path>
         <kind>archive</kind>
         <file>sensorlib.lib</file>
         <name>mpu9150.obj</name>
      </input_file>
      <input_file id="fl-146">
         <path>C:\ti\TivaWare_C_Series-2.0.1.11577\examples\boards\ek-tm4c123gxl-boostxl-senshub\compdcm_mpu9150\ccs\..\..\..\..\..\sensorlib\ccs\Debug\</path>
         <kind>archive</kind>
         <file>sensorlib.lib</file>
         <name>i2cm_drv.obj</name>
      </input_file>
      <input_file id="fl-147">
         <path>c:\ti\ccsv6\tools\compiler\arm_5.1.10\lib\</path>
         <kind>archive</kind>
         <file>rtsv7M4_T_le_v4SPD16_eabi.lib</file>
         <name>fd_mul_t2.obj</name>
      </input_file>
      <input_file id="fl-148">
         <path>c:\ti\ccsv6\tools\compiler\arm_5.1.10\lib\</path>
         <kind>archive</kind>
         <file>rtsv7M4_T_le_v4SPD16_eabi.lib</file>
         <name>fd_tos_t2.obj</name>
      </input_file>
      <input_file id="fl-149">
         <path>c:\ti\ccsv6\tools\compiler\arm_5.1.10\lib\</path>
         <kind>archive</kind>
         <file>rtsv7M4_T_le_v4SPD16_eabi.lib</file>
         <name>fs_tod_t2.obj</name>
      </input_file>
      <input_file id="fl-14a">
         <path>C:\ti\TivaWare_C_Series-2.0.1.11577\examples\boards\ek-tm4c123gxl-boostxl-senshub\compdcm_mpu9150\ccs\..\..\..\..\..\driverlib\ccs\Debug\</path>
         <kind>archive</kind>
         <file>driverlib.lib</file>
         <name>i2c.obj</name>
      </input_file>
   </input_file_list>
   <object_component_list>
      <object_component id="oc-e">
         <name>.intvecs</name>
         <load_address>0x0</load_address>
         <run_address>0x0</run_address>
         <size>0x26c</size>
         <input_file_ref idref="fl-3"/>
      </object_component>
      <object_component id="oc-fd">
         <name>.text:MPU9150Callback</name>
         <load_address>0x26c</load_address>
         <run_address>0x26c</run_address>
         <size>0x180</size>
         <input_file_ref idref="fl-145"/>
      </object_component>
      <object_component id="oc-269">
         <name>.text:GPIOPadConfigSet</name>
         <load_address>0x3ec</load_address>
         <run_address>0x3ec</run_address>
         <size>0x130</size>
         <input_file_ref idref="fl-143"/>
      </object_component>
      <object_component id="oc-aa">
         <name>.text:I2CMIntHandler</name>
         <load_address>0x51c</load_address>
         <run_address>0x51c</run_address>
         <size>0xf2</size>
         <input_file_ref idref="fl-146"/>
      </object_component>
      <object_component id="oc-35">
         <name>.text:FaultISR</name>
         <load_address>0x60e</load_address>
         <run_address>0x60e</run_address>
         <size>0x2</size>
         <input_file_ref idref="fl-3"/>
      </object_component>
      <object_component id="oc-23d">
         <name>.text:MPU9150Write</name>
         <load_address>0x610</load_address>
         <run_address>0x610</run_address>
         <size>0xa0</size>
         <input_file_ref idref="fl-145"/>
      </object_component>
      <object_component id="oc-187">
         <name>.text:InitializeMPU9150</name>
         <load_address>0x6b0</load_address>
         <run_address>0x6b0</run_address>
         <size>0x9c</size>
         <input_file_ref idref="fl-2"/>
      </object_component>
      <object_component id="oc-65">
         <name>.text</name>
         <load_address>0x74c</load_address>
         <run_address>0x74c</run_address>
         <size>0x9c</size>
         <input_file_ref idref="fl-13a"/>
      </object_component>
      <object_component id="oc-15e">
         <name>.text:I2CMStateIdle</name>
         <load_address>0x7e8</load_address>
         <run_address>0x7e8</run_address>
         <size>0x98</size>
         <input_file_ref idref="fl-146"/>
      </object_component>
      <object_component id="oc-50">
         <name>.text</name>
         <load_address>0x880</load_address>
         <run_address>0x880</run_address>
         <size>0x94</size>
         <input_file_ref idref="fl-13f"/>
      </object_component>
      <object_component id="oc-f7">
         <name>.text:I2CMCommand</name>
         <load_address>0x914</load_address>
         <run_address>0x914</run_address>
         <size>0x84</size>
         <input_file_ref idref="fl-146"/>
      </object_component>
      <object_component id="oc-28a">
         <name>.text:I2CMReadModifyWrite8</name>
         <load_address>0x998</load_address>
         <run_address>0x998</run_address>
         <size>0x70</size>
         <input_file_ref idref="fl-146"/>
      </object_component>
      <object_component id="oc-231">
         <name>.text:MPU9150Init</name>
         <load_address>0xa08</load_address>
         <run_address>0xa08</run_address>
         <size>0x6c</size>
         <input_file_ref idref="fl-145"/>
      </object_component>
      <object_component id="oc-1ab">
         <name>.text:IntIsEnabled</name>
         <load_address>0xa74</load_address>
         <run_address>0xa74</run_address>
         <size>0x64</size>
         <input_file_ref idref="fl-142"/>
      </object_component>
      <object_component id="oc-2a1">
         <name>.text:I2CMReadModifyWrite8Callback</name>
         <load_address>0xad8</load_address>
         <run_address>0xad8</run_address>
         <size>0x60</size>
         <input_file_ref idref="fl-146"/>
      </object_component>
      <object_component id="oc-1b1">
         <name>.text:IntDisable</name>
         <load_address>0xb38</load_address>
         <run_address>0xb38</run_address>
         <size>0x60</size>
         <input_file_ref idref="fl-142"/>
      </object_component>
      <object_component id="oc-1bd">
         <name>.text:IntEnable</name>
         <load_address>0xb98</load_address>
         <run_address>0xb98</run_address>
         <size>0x60</size>
         <input_file_ref idref="fl-142"/>
      </object_component>
      <object_component id="oc-95">
         <name>.text:MPU9150DataRead</name>
         <load_address>0xbf8</load_address>
         <run_address>0xbf8</run_address>
         <size>0x60</size>
         <input_file_ref idref="fl-145"/>
      </object_component>
      <object_component id="oc-18d">
         <name>.text:SetMpuSampleRate</name>
         <load_address>0xc58</load_address>
         <run_address>0xc58</run_address>
         <size>0x60</size>
         <input_file_ref idref="fl-2"/>
      </object_component>
      <object_component id="oc-14c">
         <name>.text:I2CMStateWritePause</name>
         <load_address>0xcb8</load_address>
         <run_address>0xcb8</run_address>
         <size>0x5e</size>
         <input_file_ref idref="fl-146"/>
      </object_component>
      <object_component id="oc-78">
         <name>.text</name>
         <load_address>0xd16</load_address>
         <run_address>0xd16</run_address>
         <size>0x5e</size>
         <input_file_ref idref="fl-136"/>
      </object_component>
      <object_component id="oc-24a">
         <name>.text:MPU9150Read</name>
         <load_address>0xd74</load_address>
         <run_address>0xd74</run_address>
         <size>0x5c</size>
         <input_file_ref idref="fl-145"/>
      </object_component>
      <object_component id="oc-c7">
         <name>.text:main</name>
         <load_address>0xdd0</load_address>
         <run_address>0xdd0</run_address>
         <size>0x5c</size>
         <input_file_ref idref="fl-2"/>
      </object_component>
      <object_component id="oc-16f">
         <name>.text:ConfigureI2C</name>
         <load_address>0xe2c</load_address>
         <run_address>0xe2c</run_address>
         <size>0x58</size>
         <input_file_ref idref="fl-2"/>
      </object_component>
      <object_component id="oc-283">
         <name>.text:I2CMWrite8</name>
         <load_address>0xe84</load_address>
         <run_address>0xe84</run_address>
         <size>0x58</size>
         <input_file_ref idref="fl-146"/>
      </object_component>
      <object_component id="oc-243">
         <name>.text:MPU9150ReadModifyWrite</name>
         <load_address>0xedc</load_address>
         <run_address>0xedc</run_address>
         <size>0x54</size>
         <input_file_ref idref="fl-145"/>
      </object_component>
      <object_component id="oc-152">
         <name>.text:I2CMStateWriteFinal</name>
         <load_address>0xf30</load_address>
         <run_address>0xf30</run_address>
         <size>0x4e</size>
         <input_file_ref idref="fl-146"/>
      </object_component>
      <object_component id="oc-13a">
         <name>.text:I2CMStateReadNext</name>
         <load_address>0xf7e</load_address>
         <run_address>0xf7e</run_address>
         <size>0x48</size>
         <input_file_ref idref="fl-146"/>
      </object_component>
      <object_component id="oc-3b">
         <name>.text:IntDefaultHandler</name>
         <load_address>0xfc6</load_address>
         <run_address>0xfc6</run_address>
         <size>0x2</size>
         <input_file_ref idref="fl-3"/>
      </object_component>
      <object_component id="oc-224">
         <name>.text:I2CMasterInitExpClk</name>
         <load_address>0xfc8</load_address>
         <run_address>0xfc8</run_address>
         <size>0x48</size>
         <input_file_ref idref="fl-14a"/>
      </object_component>
      <object_component id="oc-11">
         <name>.text</name>
         <load_address>0x1010</load_address>
         <run_address>0x1010</run_address>
         <size>0x48</size>
         <input_file_ref idref="fl-134"/>
      </object_component>
      <object_component id="oc-158">
         <name>.text:I2CMStateWriteNext</name>
         <load_address>0x1058</load_address>
         <run_address>0x1058</run_address>
         <size>0x46</size>
         <input_file_ref idref="fl-146"/>
      </object_component>
      <object_component id="oc-122">
         <name>.text:I2CMStateCallback</name>
         <load_address>0x109e</load_address>
         <run_address>0x109e</run_address>
         <size>0x44</size>
         <input_file_ref idref="fl-146"/>
      </object_component>
      <object_component id="oc-27a">
         <name>.text:MPU9150AppErrorHandler</name>
         <load_address>0x10e2</load_address>
         <run_address>0x10e2</run_address>
         <size>0x2</size>
         <input_file_ref idref="fl-2"/>
      </object_component>
      <object_component id="oc-c0">
         <name>.text</name>
         <load_address>0x10e4</load_address>
         <run_address>0x10e4</run_address>
         <size>0x44</size>
         <input_file_ref idref="fl-140"/>
      </object_component>
      <object_component id="oc-5b">
         <name>.text</name>
         <load_address>0x1128</load_address>
         <run_address>0x1128</run_address>
         <size>0x44</size>
         <input_file_ref idref="fl-138"/>
      </object_component>
      <object_component id="oc-134">
         <name>.text:I2CMStateReadFinal</name>
         <load_address>0x116c</load_address>
         <run_address>0x116c</run_address>
         <size>0x3e</size>
         <input_file_ref idref="fl-146"/>
      </object_component>
      <object_component id="oc-12e">
         <name>.text:I2CMStateReadPause</name>
         <load_address>0x11aa</load_address>
         <run_address>0x11aa</run_address>
         <size>0x3e</size>
         <input_file_ref idref="fl-146"/>
      </object_component>
      <object_component id="oc-175">
         <name>.text:ConfigureMPU9150Interrupt</name>
         <load_address>0x11e8</load_address>
         <run_address>0x11e8</run_address>
         <size>0x3c</size>
         <input_file_ref idref="fl-2"/>
      </object_component>
      <object_component id="oc-29a">
         <name>.text:I2CMWrite8Callback</name>
         <load_address>0x1224</load_address>
         <run_address>0x1224</run_address>
         <size>0x38</size>
         <input_file_ref idref="fl-146"/>
      </object_component>
      <object_component id="oc-17b">
         <name>.text:SetUpPeripheralsInterrupts</name>
         <load_address>0x125c</load_address>
         <run_address>0x125c</run_address>
         <size>0x38</size>
         <input_file_ref idref="fl-2"/>
      </object_component>
      <object_component id="oc-181">
         <name>.text:I2CMInit</name>
         <load_address>0x1294</load_address>
         <run_address>0x1294</run_address>
         <size>0x34</size>
         <input_file_ref idref="fl-146"/>
      </object_component>
      <object_component id="oc-41">
         <name>.text:IntGPIOb</name>
         <load_address>0x12c8</load_address>
         <run_address>0x12c8</run_address>
         <size>0x34</size>
         <input_file_ref idref="fl-2"/>
      </object_component>
      <object_component id="oc-2a8">
         <name>.text:I2CMTransferResume</name>
         <load_address>0x12fc</load_address>
         <run_address>0x12fc</run_address>
         <size>0x30</size>
         <input_file_ref idref="fl-146"/>
      </object_component>
      <object_component id="oc-263">
         <name>.text:GPIODirModeSet</name>
         <load_address>0x132c</load_address>
         <run_address>0x132c</run_address>
         <size>0x2a</size>
         <input_file_ref idref="fl-143"/>
      </object_component>
      <object_component id="oc-140">
         <name>.text:I2CMStateReadFirst</name>
         <load_address>0x1356</load_address>
         <run_address>0x1356</run_address>
         <size>0x2a</size>
         <input_file_ref idref="fl-146"/>
      </object_component>
      <object_component id="oc-237">
         <name>.text:MPU9150AppI2CWait</name>
         <load_address>0x1380</load_address>
         <run_address>0x1380</run_address>
         <size>0x28</size>
         <input_file_ref idref="fl-2"/>
      </object_component>
      <object_component id="oc-146">
         <name>.text:I2CMStateReadOne</name>
         <load_address>0x13a8</load_address>
         <run_address>0x13a8</run_address>
         <size>0x20</size>
         <input_file_ref idref="fl-146"/>
      </object_component>
      <object_component id="oc-128">
         <name>.text:I2CMStateReadWait</name>
         <load_address>0x13c8</load_address>
         <run_address>0x13c8</run_address>
         <size>0x18</size>
         <input_file_ref idref="fl-146"/>
      </object_component>
      <object_component id="oc-9e">
         <name>.text:MPU9150AppCallback</name>
         <load_address>0x13e0</load_address>
         <run_address>0x13e0</run_address>
         <size>0x18</size>
         <input_file_ref idref="fl-2"/>
      </object_component>
      <object_component id="oc-55">
         <name>.text</name>
         <load_address>0x13f8</load_address>
         <run_address>0x13f8</run_address>
         <size>0x18</size>
         <input_file_ref idref="fl-13e"/>
      </object_component>
      <object_component id="oc-19b">
         <name>.text</name>
         <load_address>0x1410</load_address>
         <run_address>0x1410</run_address>
         <size>0x14</size>
         <input_file_ref idref="fl-13d"/>
      </object_component>
      <object_component id="oc-215">
         <name>.text:GPIOPinTypeI2CSCL</name>
         <load_address>0x1424</load_address>
         <run_address>0x1424</run_address>
         <size>0x12</size>
         <input_file_ref idref="fl-143"/>
      </object_component>
      <object_component id="oc-1c">
         <name>.text:decompress:ZI</name>
         <load_address>0x1436</load_address>
         <run_address>0x1436</run_address>
         <size>0x12</size>
         <input_file_ref idref="fl-137"/>
      </object_component>
      <object_component id="oc-89">
         <name>.text:GPIOIntStatus</name>
         <load_address>0x1448</load_address>
         <run_address>0x1448</run_address>
         <size>0xe</size>
         <input_file_ref idref="fl-143"/>
      </object_component>
      <object_component id="oc-16">
         <name>.text:decompress:none</name>
         <load_address>0x1456</load_address>
         <run_address>0x1456</run_address>
         <size>0xe</size>
         <input_file_ref idref="fl-135"/>
      </object_component>
      <object_component id="oc-21c">
         <name>.text:GPIOIntEnable</name>
         <load_address>0x1464</load_address>
         <run_address>0x1464</run_address>
         <size>0xc</size>
         <input_file_ref idref="fl-143"/>
      </object_component>
      <object_component id="oc-1b7">
         <name>.text:IntTrigger</name>
         <load_address>0x1470</load_address>
         <run_address>0x1470</run_address>
         <size>0xc</size>
         <input_file_ref idref="fl-142"/>
      </object_component>
      <object_component id="oc-47">
         <name>.text:MPU9150I2CIntHandler</name>
         <load_address>0x147c</load_address>
         <run_address>0x147c</run_address>
         <size>0xc</size>
         <input_file_ref idref="fl-2"/>
      </object_component>
      <object_component id="oc-271">
         <name>.text:I2CMasterEnable</name>
         <load_address>0x1488</load_address>
         <run_address>0x1488</run_address>
         <size>0xa</size>
         <input_file_ref idref="fl-14a"/>
      </object_component>
      <object_component id="oc-116">
         <name>.text:I2CMasterIntClear</name>
         <load_address>0x1492</load_address>
         <run_address>0x1492</run_address>
         <size>0x8</size>
         <input_file_ref idref="fl-14a"/>
      </object_component>
      <object_component id="oc-22a">
         <name>.text:I2CMasterIntEnableEx</name>
         <load_address>0x149a</load_address>
         <run_address>0x149a</run_address>
         <size>0x8</size>
         <input_file_ref idref="fl-14a"/>
      </object_component>
      <object_component id="oc-1f0">
         <name>.text:I2CMasterSlaveAddrSet</name>
         <load_address>0x14a2</load_address>
         <run_address>0x14a2</run_address>
         <size>0x8</size>
         <input_file_ref idref="fl-14a"/>
      </object_component>
      <object_component id="oc-8f">
         <name>.text:GPIOIntClear</name>
         <load_address>0x14aa</load_address>
         <run_address>0x14aa</run_address>
         <size>0x6</size>
         <input_file_ref idref="fl-143"/>
      </object_component>
      <object_component id="oc-29">
         <name>.text:ResetISR</name>
         <load_address>0x14b0</load_address>
         <run_address>0x14b0</run_address>
         <size>0x6</size>
         <input_file_ref idref="fl-3"/>
      </object_component>
      <object_component id="oc-22">
         <name>.text:decompress:rle24</name>
         <load_address>0x14b6</load_address>
         <run_address>0x14b6</run_address>
         <size>0x6</size>
         <input_file_ref idref="fl-136"/>
      </object_component>
      <object_component id="oc-11c">
         <name>.text:I2CMasterControl</name>
         <load_address>0x14bc</load_address>
         <run_address>0x14bc</run_address>
         <size>0x4</size>
         <input_file_ref idref="fl-14a"/>
      </object_component>
      <object_component id="oc-1e6">
         <name>.text:I2CMasterDataGet</name>
         <load_address>0x14c0</load_address>
         <run_address>0x14c0</run_address>
         <size>0x4</size>
         <input_file_ref idref="fl-14a"/>
      </object_component>
      <object_component id="oc-1f8">
         <name>.text:I2CMasterDataPut</name>
         <load_address>0x14c4</load_address>
         <run_address>0x14c4</run_address>
         <size>0x4</size>
         <input_file_ref idref="fl-14a"/>
      </object_component>
      <object_component id="oc-2f">
         <name>.text:NmiSR</name>
         <load_address>0x14c8</load_address>
         <run_address>0x14c8</run_address>
         <size>0x2</size>
         <input_file_ref idref="fl-3"/>
      </object_component>
      <object_component id="oc-256">
         <name>.const</name>
         <load_address>0x14cc</load_address>
         <run_address>0x14cc</run_address>
         <size>0x70</size>
         <input_file_ref idref="fl-142"/>
      </object_component>
      <object_component id="oc-2cf">
         <name>.cinit..data.load</name>
         <load_address>0x1540</load_address>
         <run_address>0x1540</run_address>
         <size>0xf</size>
      </object_component>
      <object_component id="oc-2cd">
         <name>__TI_handler_table</name>
         <load_address>0x1550</load_address>
         <run_address>0x1550</run_address>
         <size>0xc</size>
      </object_component>
      <object_component id="oc-2d0">
         <name>.cinit..bss.load</name>
         <load_address>0x1560</load_address>
         <run_address>0x1560</run_address>
         <size>0x8</size>
      </object_component>
      <object_component id="oc-2ce">
         <name>__TI_cinit_table</name>
         <load_address>0x1568</load_address>
         <run_address>0x1568</run_address>
         <size>0x10</size>
      </object_component>
      <object_component id="oc-61">
         <name>.data</name>
         <load_address>0x200005a8</load_address>
         <run_address>0x200005a8</run_address>
         <size>0x4</size>
         <input_file_ref idref="fl-13b"/>
      </object_component>
      <object_component id="oc-cf">
         <name>.data</name>
         <load_address>0x20000598</load_address>
         <run_address>0x20000598</run_address>
         <size>0x8</size>
         <input_file_ref idref="fl-13d"/>
      </object_component>
      <object_component id="oc-d2">
         <name>.data</name>
         <load_address>0x200005a0</load_address>
         <run_address>0x200005a0</run_address>
         <size>0x8</size>
         <input_file_ref idref="fl-138"/>
      </object_component>
      <object_component id="oc-9b">
         <name>.bss:g_sMPU9150Inst</name>
         <uninitialized>true</uninitialized>
         <run_address>0x20000524</run_address>
         <size>0x6c</size>
         <input_file_ref idref="fl-2"/>
      </object_component>
      <object_component id="oc-b0">
         <name>.bss:g_sI2CInst</name>
         <uninitialized>true</uninitialized>
         <run_address>0x20000400</run_address>
         <size>0x124</size>
         <input_file_ref idref="fl-2"/>
      </object_component>
      <object_component id="oc-281">
         <name>.common:g_vui8I2CDoneFlag</name>
         <uninitialized>true</uninitialized>
         <run_address>0x20000594</run_address>
         <size>0x4</size>
      </object_component>
      <object_component id="oc-280">
         <name>.common:g_vui8ErrorFlag</name>
         <uninitialized>true</uninitialized>
         <run_address>0x20000590</run_address>
         <size>0x4</size>
      </object_component>
      <object_component id="oc-28">
         <name>.stack</name>
         <uninitialized>true</uninitialized>
         <run_address>0x20000000</run_address>
         <size>0x0</size>
         <input_file_ref idref="fl-134"/>
      </object_component>
      <object_component id="oc-2d1">
         <name>.stack</name>
         <uninitialized>true</uninitialized>
         <run_address>0x20000000</run_address>
         <size>0x0</size>
      </object_component>
      <object_component id="oc-f">
         <name>.debug_info</name>
         <load_address>0x0</load_address>
         <run_address>0x0</run_address>
         <size>0xe6</size>
         <input_file_ref idref="fl-3"/>
      </object_component>
      <object_component id="oc-12">
         <name>.debug_info</name>
         <load_address>0xe6</load_address>
         <run_address>0xe6</run_address>
         <size>0xf2</size>
         <input_file_ref idref="fl-134"/>
      </object_component>
      <object_component id="oc-17">
         <name>.debug_info</name>
         <load_address>0x1d8</load_address>
         <run_address>0x1d8</run_address>
         <size>0x180</size>
         <input_file_ref idref="fl-135"/>
      </object_component>
      <object_component id="oc-1d">
         <name>.debug_info</name>
         <load_address>0x358</load_address>
         <run_address>0x358</run_address>
         <size>0x16b</size>
         <input_file_ref idref="fl-137"/>
      </object_component>
      <object_component id="oc-25">
         <name>.debug_info</name>
         <load_address>0x4c3</load_address>
         <run_address>0x4c3</run_address>
         <size>0x167</size>
         <input_file_ref idref="fl-136"/>
      </object_component>
      <object_component id="oc-2a">
         <name>.debug_info</name>
         <load_address>0x62a</load_address>
         <run_address>0x62a</run_address>
         <size>0x116</size>
         <input_file_ref idref="fl-3"/>
      </object_component>
      <object_component id="oc-30">
         <name>.debug_info</name>
         <load_address>0x740</load_address>
         <run_address>0x740</run_address>
         <size>0x107</size>
         <input_file_ref idref="fl-3"/>
      </object_component>
      <object_component id="oc-36">
         <name>.debug_info</name>
         <load_address>0x847</load_address>
         <run_address>0x847</run_address>
         <size>0x10d</size>
         <input_file_ref idref="fl-3"/>
      </object_component>
      <object_component id="oc-3c">
         <name>.debug_info</name>
         <load_address>0x954</load_address>
         <run_address>0x954</run_address>
         <size>0x11f</size>
         <input_file_ref idref="fl-3"/>
      </object_component>
      <object_component id="oc-42">
         <name>.debug_info</name>
         <load_address>0xa73</load_address>
         <run_address>0xa73</run_address>
         <size>0x157</size>
         <input_file_ref idref="fl-2"/>
      </object_component>
      <object_component id="oc-48">
         <name>.debug_info</name>
         <load_address>0xbca</load_address>
         <run_address>0xbca</run_address>
         <size>0x129</size>
         <input_file_ref idref="fl-2"/>
      </object_component>
      <object_component id="oc-4f">
         <name>.debug_info</name>
         <load_address>0xcf3</load_address>
         <run_address>0xcf3</run_address>
         <size>0x149</size>
         <input_file_ref idref="fl-3"/>
      </object_component>
      <object_component id="oc-52">
         <name>.debug_info</name>
         <load_address>0xe3c</load_address>
         <run_address>0xe3c</run_address>
         <size>0x13a</size>
         <input_file_ref idref="fl-13f"/>
      </object_component>
      <object_component id="oc-56">
         <name>.debug_info</name>
         <load_address>0xf76</load_address>
         <run_address>0xf76</run_address>
         <size>0x11d</size>
         <input_file_ref idref="fl-13e"/>
      </object_component>
      <object_component id="oc-5c">
         <name>.debug_info</name>
         <load_address>0x1093</load_address>
         <run_address>0x1093</run_address>
         <size>0x1ae</size>
         <input_file_ref idref="fl-138"/>
      </object_component>
      <object_component id="oc-62">
         <name>.debug_info</name>
         <load_address>0x1241</load_address>
         <run_address>0x1241</run_address>
         <size>0xbf</size>
         <input_file_ref idref="fl-13b"/>
      </object_component>
      <object_component id="oc-66">
         <name>.debug_info</name>
         <load_address>0x1300</load_address>
         <run_address>0x1300</run_address>
         <size>0xcb</size>
         <input_file_ref idref="fl-13a"/>
      </object_component>
      <object_component id="oc-6b">
         <name>.debug_info</name>
         <load_address>0x13cb</load_address>
         <run_address>0x13cb</run_address>
         <size>0x46</size>
         <input_file_ref idref="fl-135"/>
      </object_component>
      <object_component id="oc-70">
         <name>.debug_info</name>
         <load_address>0x1411</load_address>
         <run_address>0x1411</run_address>
         <size>0xee</size>
         <input_file_ref idref="fl-135"/>
      </object_component>
      <object_component id="oc-72">
         <name>.debug_info</name>
         <load_address>0x14ff</load_address>
         <run_address>0x14ff</run_address>
         <size>0x46</size>
         <input_file_ref idref="fl-137"/>
      </object_component>
      <object_component id="oc-77">
         <name>.debug_info</name>
         <load_address>0x1545</load_address>
         <run_address>0x1545</run_address>
         <size>0xae</size>
         <input_file_ref idref="fl-137"/>
      </object_component>
      <object_component id="oc-7b">
         <name>.debug_info</name>
         <load_address>0x15f3</load_address>
         <run_address>0x15f3</run_address>
         <size>0x1f0</size>
         <input_file_ref idref="fl-136"/>
      </object_component>
      <object_component id="oc-7f">
         <name>.debug_info</name>
         <load_address>0x17e3</load_address>
         <run_address>0x17e3</run_address>
         <size>0xb8</size>
         <input_file_ref idref="fl-136"/>
      </object_component>
      <object_component id="oc-80">
         <name>.debug_info</name>
         <load_address>0x189b</load_address>
         <run_address>0x189b</run_address>
         <size>0x39</size>
         <input_file_ref idref="fl-136"/>
      </object_component>
      <object_component id="oc-8a">
         <name>.debug_info</name>
         <load_address>0x18d4</load_address>
         <run_address>0x18d4</run_address>
         <size>0x1e3</size>
         <input_file_ref idref="fl-143"/>
      </object_component>
      <object_component id="oc-90">
         <name>.debug_info</name>
         <load_address>0x1ab7</load_address>
         <run_address>0x1ab7</run_address>
         <size>0x1f1</size>
         <input_file_ref idref="fl-143"/>
      </object_component>
      <object_component id="oc-97">
         <name>.debug_info</name>
         <load_address>0x1ca8</load_address>
         <run_address>0x1ca8</run_address>
         <size>0x254</size>
         <input_file_ref idref="fl-145"/>
      </object_component>
      <object_component id="oc-9c">
         <name>.debug_info</name>
         <load_address>0x1efc</load_address>
         <run_address>0x1efc</run_address>
         <size>0xe3</size>
         <input_file_ref idref="fl-2"/>
      </object_component>
      <object_component id="oc-9f">
         <name>.debug_info</name>
         <load_address>0x1fdf</load_address>
         <run_address>0x1fdf</run_address>
         <size>0x170</size>
         <input_file_ref idref="fl-2"/>
      </object_component>
      <object_component id="oc-a5">
         <name>.debug_info</name>
         <load_address>0x214f</load_address>
         <run_address>0x214f</run_address>
         <size>0x8b</size>
         <input_file_ref idref="fl-2"/>
      </object_component>
      <object_component id="oc-ab">
         <name>.debug_info</name>
         <load_address>0x21da</load_address>
         <run_address>0x21da</run_address>
         <size>0x418</size>
         <input_file_ref idref="fl-146"/>
      </object_component>
      <object_component id="oc-b1">
         <name>.debug_info</name>
         <load_address>0x25f2</load_address>
         <run_address>0x25f2</run_address>
         <size>0xdb</size>
         <input_file_ref idref="fl-2"/>
      </object_component>
      <object_component id="oc-b6">
         <name>.debug_info</name>
         <load_address>0x26cd</load_address>
         <run_address>0x26cd</run_address>
         <size>0x84</size>
         <input_file_ref idref="fl-3"/>
      </object_component>
      <object_component id="oc-bb">
         <name>.debug_info</name>
         <load_address>0x2751</load_address>
         <run_address>0x2751</run_address>
         <size>0x18b</size>
         <input_file_ref idref="fl-2"/>
      </object_component>
      <object_component id="oc-c1">
         <name>.debug_info</name>
         <load_address>0x28dc</load_address>
         <run_address>0x28dc</run_address>
         <size>0x14c</size>
         <input_file_ref idref="fl-140"/>
      </object_component>
      <object_component id="oc-c8">
         <name>.debug_info</name>
         <load_address>0x2a28</load_address>
         <run_address>0x2a28</run_address>
         <size>0x19e</size>
         <input_file_ref idref="fl-2"/>
      </object_component>
      <object_component id="oc-ce">
         <name>.debug_info</name>
         <load_address>0x2bc6</load_address>
         <run_address>0x2bc6</run_address>
         <size>0x11c</size>
         <input_file_ref idref="fl-13e"/>
      </object_component>
      <object_component id="oc-d0">
         <name>.debug_info</name>
         <load_address>0x2ce2</load_address>
         <run_address>0x2ce2</run_address>
         <size>0xc9</size>
         <input_file_ref idref="fl-13d"/>
      </object_component>
      <object_component id="oc-d3">
         <name>.debug_info</name>
         <load_address>0x2dab</load_address>
         <run_address>0x2dab</run_address>
         <size>0xec</size>
         <input_file_ref idref="fl-138"/>
      </object_component>
      <object_component id="oc-d9">
         <name>.debug_info</name>
         <load_address>0x2e97</load_address>
         <run_address>0x2e97</run_address>
         <size>0x2c</size>
         <input_file_ref idref="fl-135"/>
      </object_component>
      <object_component id="oc-e0">
         <name>.debug_info</name>
         <load_address>0x2ec3</load_address>
         <run_address>0x2ec3</run_address>
         <size>0x2c</size>
         <input_file_ref idref="fl-137"/>
      </object_component>
      <object_component id="oc-eb">
         <name>.debug_info</name>
         <load_address>0x2eef</load_address>
         <run_address>0x2eef</run_address>
         <size>0x18b</size>
         <input_file_ref idref="fl-141"/>
      </object_component>
      <object_component id="oc-f0">
         <name>.debug_info</name>
         <load_address>0x307a</load_address>
         <run_address>0x307a</run_address>
         <size>0x90</size>
         <input_file_ref idref="fl-141"/>
      </object_component>
      <object_component id="oc-f5">
         <name>.debug_info</name>
         <load_address>0x310a</load_address>
         <run_address>0x310a</run_address>
         <size>0x1d7</size>
         <input_file_ref idref="fl-143"/>
      </object_component>
      <object_component id="oc-f8">
         <name>.debug_info</name>
         <load_address>0x32e1</load_address>
         <run_address>0x32e1</run_address>
         <size>0x3e8</size>
         <input_file_ref idref="fl-146"/>
      </object_component>
      <object_component id="oc-ff">
         <name>.debug_info</name>
         <load_address>0x36c9</load_address>
         <run_address>0x36c9</run_address>
         <size>0x224</size>
         <input_file_ref idref="fl-145"/>
      </object_component>
      <object_component id="oc-104">
         <name>.debug_info</name>
         <load_address>0x38ed</load_address>
         <run_address>0x38ed</run_address>
         <size>0x18b</size>
         <input_file_ref idref="fl-145"/>
      </object_component>
      <object_component id="oc-109">
         <name>.debug_info</name>
         <load_address>0x3a78</load_address>
         <run_address>0x3a78</run_address>
         <size>0x348</size>
         <input_file_ref idref="fl-145"/>
      </object_component>
      <object_component id="oc-10c">
         <name>.debug_info</name>
         <load_address>0x3dc0</load_address>
         <run_address>0x3dc0</run_address>
         <size>0x16c</size>
         <input_file_ref idref="fl-2"/>
      </object_component>
      <object_component id="oc-112">
         <name>.debug_info</name>
         <load_address>0x3f2c</load_address>
         <run_address>0x3f2c</run_address>
         <size>0x554</size>
         <input_file_ref idref="fl-2"/>
      </object_component>
      <object_component id="oc-117">
         <name>.debug_info</name>
         <load_address>0x4480</load_address>
         <run_address>0x4480</run_address>
         <size>0x1b6</size>
         <input_file_ref idref="fl-14a"/>
      </object_component>
      <object_component id="oc-11d">
         <name>.debug_info</name>
         <load_address>0x4636</load_address>
         <run_address>0x4636</run_address>
         <size>0x1e2</size>
         <input_file_ref idref="fl-14a"/>
      </object_component>
      <object_component id="oc-123">
         <name>.debug_info</name>
         <load_address>0x4818</load_address>
         <run_address>0x4818</run_address>
         <size>0x273</size>
         <input_file_ref idref="fl-146"/>
      </object_component>
      <object_component id="oc-129">
         <name>.debug_info</name>
         <load_address>0x4a8b</load_address>
         <run_address>0x4a8b</run_address>
         <size>0x205</size>
         <input_file_ref idref="fl-146"/>
      </object_component>
      <object_component id="oc-12f">
         <name>.debug_info</name>
         <load_address>0x4c90</load_address>
         <run_address>0x4c90</run_address>
         <size>0x21e</size>
         <input_file_ref idref="fl-146"/>
      </object_component>
      <object_component id="oc-135">
         <name>.debug_info</name>
         <load_address>0x4eae</load_address>
         <run_address>0x4eae</run_address>
         <size>0x22b</size>
         <input_file_ref idref="fl-146"/>
      </object_component>
      <object_component id="oc-13b">
         <name>.debug_info</name>
         <load_address>0x50d9</load_address>
         <run_address>0x50d9</run_address>
         <size>0x229</size>
         <input_file_ref idref="fl-146"/>
      </object_component>
      <object_component id="oc-141">
         <name>.debug_info</name>
         <load_address>0x5302</load_address>
         <run_address>0x5302</run_address>
         <size>0x223</size>
         <input_file_ref idref="fl-146"/>
      </object_component>
      <object_component id="oc-147">
         <name>.debug_info</name>
         <load_address>0x5525</load_address>
         <run_address>0x5525</run_address>
         <size>0x21f</size>
         <input_file_ref idref="fl-146"/>
      </object_component>
      <object_component id="oc-14d">
         <name>.debug_info</name>
         <load_address>0x5744</load_address>
         <run_address>0x5744</run_address>
         <size>0x24e</size>
         <input_file_ref idref="fl-146"/>
      </object_component>
      <object_component id="oc-153">
         <name>.debug_info</name>
         <load_address>0x5992</load_address>
         <run_address>0x5992</run_address>
         <size>0x244</size>
         <input_file_ref idref="fl-146"/>
      </object_component>
      <object_component id="oc-159">
         <name>.debug_info</name>
         <load_address>0x5bd6</load_address>
         <run_address>0x5bd6</run_address>
         <size>0x22b</size>
         <input_file_ref idref="fl-146"/>
      </object_component>
      <object_component id="oc-15f">
         <name>.debug_info</name>
         <load_address>0x5e01</load_address>
         <run_address>0x5e01</run_address>
         <size>0x291</size>
         <input_file_ref idref="fl-146"/>
      </object_component>
      <object_component id="oc-165">
         <name>.debug_info</name>
         <load_address>0x6092</load_address>
         <run_address>0x6092</run_address>
         <size>0x3f7</size>
         <input_file_ref idref="fl-146"/>
      </object_component>
      <object_component id="oc-168">
         <name>.debug_info</name>
         <load_address>0x6489</load_address>
         <run_address>0x6489</run_address>
         <size>0x4e6</size>
         <input_file_ref idref="fl-2"/>
      </object_component>
      <object_component id="oc-16e">
         <name>.debug_info</name>
         <load_address>0x696f</load_address>
         <run_address>0x696f</run_address>
         <size>0x149</size>
         <input_file_ref idref="fl-140"/>
      </object_component>
      <object_component id="oc-170">
         <name>.debug_info</name>
         <load_address>0x6ab8</load_address>
         <run_address>0x6ab8</run_address>
         <size>0x144</size>
         <input_file_ref idref="fl-2"/>
      </object_component>
      <object_component id="oc-176">
         <name>.debug_info</name>
         <load_address>0x6bfc</load_address>
         <run_address>0x6bfc</run_address>
         <size>0x14c</size>
         <input_file_ref idref="fl-2"/>
      </object_component>
      <object_component id="oc-17c">
         <name>.debug_info</name>
         <load_address>0x6d48</load_address>
         <run_address>0x6d48</run_address>
         <size>0x141</size>
         <input_file_ref idref="fl-2"/>
      </object_component>
      <object_component id="oc-182">
         <name>.debug_info</name>
         <load_address>0x6e89</load_address>
         <run_address>0x6e89</run_address>
         <size>0x2b4</size>
         <input_file_ref idref="fl-146"/>
      </object_component>
      <object_component id="oc-188">
         <name>.debug_info</name>
         <load_address>0x713d</load_address>
         <run_address>0x713d</run_address>
         <size>0x1fd</size>
         <input_file_ref idref="fl-2"/>
      </object_component>
      <object_component id="oc-18e">
         <name>.debug_info</name>
         <load_address>0x733a</load_address>
         <run_address>0x733a</run_address>
         <size>0x1ef</size>
         <input_file_ref idref="fl-2"/>
      </object_component>
      <object_component id="oc-196">
         <name>.debug_info</name>
         <load_address>0x7529</load_address>
         <run_address>0x7529</run_address>
         <size>0x5e</size>
         <input_file_ref idref="fl-13e"/>
      </object_component>
      <object_component id="oc-19c">
         <name>.debug_info</name>
         <load_address>0x7587</load_address>
         <run_address>0x7587</run_address>
         <size>0x1d5</size>
         <input_file_ref idref="fl-13d"/>
      </object_component>
      <object_component id="oc-1a3">
         <name>.debug_info</name>
         <load_address>0x775c</load_address>
         <run_address>0x775c</run_address>
         <size>0xda</size>
         <input_file_ref idref="fl-13d"/>
      </object_component>
      <object_component id="oc-1a7">
         <name>.debug_info</name>
         <load_address>0x7836</load_address>
         <run_address>0x7836</run_address>
         <size>0x142</size>
         <input_file_ref idref="fl-138"/>
      </object_component>
      <object_component id="oc-1ac">
         <name>.debug_info</name>
         <load_address>0x7978</load_address>
         <run_address>0x7978</run_address>
         <size>0x205</size>
         <input_file_ref idref="fl-142"/>
      </object_component>
      <object_component id="oc-1b2">
         <name>.debug_info</name>
         <load_address>0x7b7d</load_address>
         <run_address>0x7b7d</run_address>
         <size>0x1ce</size>
         <input_file_ref idref="fl-142"/>
      </object_component>
      <object_component id="oc-1b8">
         <name>.debug_info</name>
         <load_address>0x7d4b</load_address>
         <run_address>0x7d4b</run_address>
         <size>0x1ce</size>
         <input_file_ref idref="fl-142"/>
      </object_component>
      <object_component id="oc-1be">
         <name>.debug_info</name>
         <load_address>0x7f19</load_address>
         <run_address>0x7f19</run_address>
         <size>0x1cc</size>
         <input_file_ref idref="fl-142"/>
      </object_component>
      <object_component id="oc-1c5">
         <name>.debug_info</name>
         <load_address>0x80e5</load_address>
         <run_address>0x80e5</run_address>
         <size>0x89</size>
         <input_file_ref idref="fl-145"/>
      </object_component>
      <object_component id="oc-1cc">
         <name>.debug_info</name>
         <load_address>0x816e</load_address>
         <run_address>0x816e</run_address>
         <size>0x4e6</size>
         <input_file_ref idref="fl-145"/>
      </object_component>
      <object_component id="oc-1d1">
         <name>.debug_info</name>
         <load_address>0x8654</load_address>
         <run_address>0x8654</run_address>
         <size>0x108</size>
         <input_file_ref idref="fl-145"/>
      </object_component>
      <object_component id="oc-1d6">
         <name>.debug_info</name>
         <load_address>0x875c</load_address>
         <run_address>0x875c</run_address>
         <size>0x16c</size>
         <input_file_ref idref="fl-145"/>
      </object_component>
      <object_component id="oc-1db">
         <name>.debug_info</name>
         <load_address>0x88c8</load_address>
         <run_address>0x88c8</run_address>
         <size>0x108</size>
         <input_file_ref idref="fl-2"/>
      </object_component>
      <object_component id="oc-1e3">
         <name>.debug_info</name>
         <load_address>0x89d0</load_address>
         <run_address>0x89d0</run_address>
         <size>0x1d8</size>
         <input_file_ref idref="fl-14a"/>
      </object_component>
      <object_component id="oc-1e7">
         <name>.debug_info</name>
         <load_address>0x8ba8</load_address>
         <run_address>0x8ba8</run_address>
         <size>0x1b8</size>
         <input_file_ref idref="fl-14a"/>
      </object_component>
      <object_component id="oc-1f1">
         <name>.debug_info</name>
         <load_address>0x8d60</load_address>
         <run_address>0x8d60</run_address>
         <size>0x232</size>
         <input_file_ref idref="fl-14a"/>
      </object_component>
      <object_component id="oc-1f9">
         <name>.debug_info</name>
         <load_address>0x8f92</load_address>
         <run_address>0x8f92</run_address>
         <size>0x1e2</size>
         <input_file_ref idref="fl-14a"/>
      </object_component>
      <object_component id="oc-204">
         <name>.debug_info</name>
         <load_address>0x9174</load_address>
         <run_address>0x9174</run_address>
         <size>0x90</size>
         <input_file_ref idref="fl-146"/>
      </object_component>
      <object_component id="oc-209">
         <name>.debug_info</name>
         <load_address>0x9204</load_address>
         <run_address>0x9204</run_address>
         <size>0x4e6</size>
         <input_file_ref idref="fl-146"/>
      </object_component>
      <object_component id="oc-210">
         <name>.debug_info</name>
         <load_address>0x96ea</load_address>
         <run_address>0x96ea</run_address>
         <size>0xcd</size>
         <input_file_ref idref="fl-140"/>
      </object_component>
      <object_component id="oc-216">
         <name>.debug_info</name>
         <load_address>0x97b7</load_address>
         <run_address>0x97b7</run_address>
         <size>0x1e3</size>
         <input_file_ref idref="fl-143"/>
      </object_component>
      <object_component id="oc-21d">
         <name>.debug_info</name>
         <load_address>0x999a</load_address>
         <run_address>0x999a</run_address>
         <size>0x1f3</size>
         <input_file_ref idref="fl-143"/>
      </object_component>
      <object_component id="oc-225">
         <name>.debug_info</name>
         <load_address>0x9b8d</load_address>
         <run_address>0x9b8d</run_address>
         <size>0x24c</size>
         <input_file_ref idref="fl-14a"/>
      </object_component>
      <object_component id="oc-22b">
         <name>.debug_info</name>
         <load_address>0x9dd9</load_address>
         <run_address>0x9dd9</run_address>
         <size>0x1fe</size>
         <input_file_ref idref="fl-14a"/>
      </object_component>
      <object_component id="oc-233">
         <name>.debug_info</name>
         <load_address>0x9fd7</load_address>
         <run_address>0x9fd7</run_address>
         <size>0x298</size>
         <input_file_ref idref="fl-145"/>
      </object_component>
      <object_component id="oc-238">
         <name>.debug_info</name>
         <load_address>0xa26f</load_address>
         <run_address>0xa26f</run_address>
         <size>0x167</size>
         <input_file_ref idref="fl-2"/>
      </object_component>
      <object_component id="oc-23f">
         <name>.debug_info</name>
         <load_address>0xa3d6</load_address>
         <run_address>0xa3d6</run_address>
         <size>0x29d</size>
         <input_file_ref idref="fl-145"/>
      </object_component>
      <object_component id="oc-245">
         <name>.debug_info</name>
         <load_address>0xa673</load_address>
         <run_address>0xa673</run_address>
         <size>0x29e</size>
         <input_file_ref idref="fl-145"/>
      </object_component>
      <object_component id="oc-24c">
         <name>.debug_info</name>
         <load_address>0xa911</load_address>
         <run_address>0xa911</run_address>
         <size>0x29c</size>
         <input_file_ref idref="fl-145"/>
      </object_component>
      <object_component id="oc-257">
         <name>.debug_info</name>
         <load_address>0xabad</load_address>
         <run_address>0xabad</run_address>
         <size>0x1c2</size>
         <input_file_ref idref="fl-142"/>
      </object_component>
      <object_component id="oc-25a">
         <name>.debug_info</name>
         <load_address>0xad6f</load_address>
         <run_address>0xad6f</run_address>
         <size>0x1ba</size>
         <input_file_ref idref="fl-142"/>
      </object_component>
      <object_component id="oc-264">
         <name>.debug_info</name>
         <load_address>0xaf29</load_address>
         <run_address>0xaf29</run_address>
         <size>0x217</size>
         <input_file_ref idref="fl-143"/>
      </object_component>
      <object_component id="oc-26a">
         <name>.debug_info</name>
         <load_address>0xb140</load_address>
         <run_address>0xb140</run_address>
         <size>0x312</size>
         <input_file_ref idref="fl-143"/>
      </object_component>
      <object_component id="oc-272">
         <name>.debug_info</name>
         <load_address>0xb452</load_address>
         <run_address>0xb452</run_address>
         <size>0x1b2</size>
         <input_file_ref idref="fl-14a"/>
      </object_component>
      <object_component id="oc-27b">
         <name>.debug_info</name>
         <load_address>0xb604</load_address>
         <run_address>0xb604</run_address>
         <size>0x14d</size>
         <input_file_ref idref="fl-2"/>
      </object_component>
      <object_component id="oc-284">
         <name>.debug_info</name>
         <load_address>0xb751</load_address>
         <run_address>0xb751</run_address>
         <size>0x2ec</size>
         <input_file_ref idref="fl-146"/>
      </object_component>
      <object_component id="oc-28b">
         <name>.debug_info</name>
         <load_address>0xba3d</load_address>
         <run_address>0xba3d</run_address>
         <size>0x308</size>
         <input_file_ref idref="fl-146"/>
      </object_component>
      <object_component id="oc-29b">
         <name>.debug_info</name>
         <load_address>0xbd45</load_address>
         <run_address>0xbd45</run_address>
         <size>0x22a</size>
         <input_file_ref idref="fl-146"/>
      </object_component>
      <object_component id="oc-2a2">
         <name>.debug_info</name>
         <load_address>0xbf6f</load_address>
         <run_address>0xbf6f</run_address>
         <size>0x256</size>
         <input_file_ref idref="fl-146"/>
      </object_component>
      <object_component id="oc-2a9">
         <name>.debug_info</name>
         <load_address>0xc1c5</load_address>
         <run_address>0xc1c5</run_address>
         <size>0x206</size>
         <input_file_ref idref="fl-146"/>
      </object_component>
      <object_component id="oc-2d2">
         <name>.debug_info</name>
         <load_address>0xc3cb</load_address>
         <run_address>0xc3cb</run_address>
         <size>0xad</size>
      </object_component>
      <object_component id="oc-10">
         <name>.debug_pubnames</name>
         <load_address>0x0</load_address>
         <run_address>0x0</run_address>
         <size>0x23</size>
         <input_file_ref idref="fl-3"/>
      </object_component>
      <object_component id="oc-14">
         <name>.debug_pubnames</name>
         <load_address>0x23</load_address>
         <run_address>0x23</run_address>
         <size>0x1f</size>
         <input_file_ref idref="fl-134"/>
      </object_component>
      <object_component id="oc-19">
         <name>.debug_pubnames</name>
         <load_address>0x42</load_address>
         <run_address>0x42</run_address>
         <size>0x2b</size>
         <input_file_ref idref="fl-135"/>
      </object_component>
      <object_component id="oc-1f">
         <name>.debug_pubnames</name>
         <load_address>0x6d</load_address>
         <run_address>0x6d</run_address>
         <size>0x25</size>
         <input_file_ref idref="fl-137"/>
      </object_component>
      <object_component id="oc-26">
         <name>.debug_pubnames</name>
         <load_address>0x92</load_address>
         <run_address>0x92</run_address>
         <size>0x2c</size>
         <input_file_ref idref="fl-136"/>
      </object_component>
      <object_component id="oc-2c">
         <name>.debug_pubnames</name>
         <load_address>0xbe</load_address>
         <run_address>0xbe</run_address>
         <size>0x1f</size>
         <input_file_ref idref="fl-3"/>
      </object_component>
      <object_component id="oc-32">
         <name>.debug_pubnames</name>
         <load_address>0xdd</load_address>
         <run_address>0xdd</run_address>
         <size>0x1c</size>
         <input_file_ref idref="fl-3"/>
      </object_component>
      <object_component id="oc-38">
         <name>.debug_pubnames</name>
         <load_address>0xf9</load_address>
         <run_address>0xf9</run_address>
         <size>0x1f</size>
         <input_file_ref idref="fl-3"/>
      </object_component>
      <object_component id="oc-3e">
         <name>.debug_pubnames</name>
         <load_address>0x118</load_address>
         <run_address>0x118</run_address>
         <size>0x28</size>
         <input_file_ref idref="fl-3"/>
      </object_component>
      <object_component id="oc-44">
         <name>.debug_pubnames</name>
         <load_address>0x140</load_address>
         <run_address>0x140</run_address>
         <size>0x1f</size>
         <input_file_ref idref="fl-2"/>
      </object_component>
      <object_component id="oc-4a">
         <name>.debug_pubnames</name>
         <load_address>0x15f</load_address>
         <run_address>0x15f</run_address>
         <size>0x2b</size>
         <input_file_ref idref="fl-2"/>
      </object_component>
      <object_component id="oc-54">
         <name>.debug_pubnames</name>
         <load_address>0x18a</load_address>
         <run_address>0x18a</run_address>
         <size>0x37</size>
         <input_file_ref idref="fl-13f"/>
      </object_component>
      <object_component id="oc-58">
         <name>.debug_pubnames</name>
         <load_address>0x1c1</load_address>
         <run_address>0x1c1</run_address>
         <size>0x21</size>
         <input_file_ref idref="fl-13e"/>
      </object_component>
      <object_component id="oc-5e">
         <name>.debug_pubnames</name>
         <load_address>0x1e2</load_address>
         <run_address>0x1e2</run_address>
         <size>0x35</size>
         <input_file_ref idref="fl-138"/>
      </object_component>
      <object_component id="oc-63">
         <name>.debug_pubnames</name>
         <load_address>0x217</load_address>
         <run_address>0x217</run_address>
         <size>0x23</size>
         <input_file_ref idref="fl-13b"/>
      </object_component>
      <object_component id="oc-68">
         <name>.debug_pubnames</name>
         <load_address>0x23a</load_address>
         <run_address>0x23a</run_address>
         <size>0x1d</size>
         <input_file_ref idref="fl-13a"/>
      </object_component>
      <object_component id="oc-7c">
         <name>.debug_pubnames</name>
         <load_address>0x257</load_address>
         <run_address>0x257</run_address>
         <size>0x2f</size>
         <input_file_ref idref="fl-136"/>
      </object_component>
      <object_component id="oc-8c">
         <name>.debug_pubnames</name>
         <load_address>0x286</load_address>
         <run_address>0x286</run_address>
         <size>0x24</size>
         <input_file_ref idref="fl-143"/>
      </object_component>
      <object_component id="oc-92">
         <name>.debug_pubnames</name>
         <load_address>0x2aa</load_address>
         <run_address>0x2aa</run_address>
         <size>0x23</size>
         <input_file_ref idref="fl-143"/>
      </object_component>
      <object_component id="oc-99">
         <name>.debug_pubnames</name>
         <load_address>0x2cd</load_address>
         <run_address>0x2cd</run_address>
         <size>0x26</size>
         <input_file_ref idref="fl-145"/>
      </object_component>
      <object_component id="oc-9d">
         <name>.debug_pubnames</name>
         <load_address>0x2f3</load_address>
         <run_address>0x2f3</run_address>
         <size>0x25</size>
         <input_file_ref idref="fl-2"/>
      </object_component>
      <object_component id="oc-a1">
         <name>.debug_pubnames</name>
         <load_address>0x318</load_address>
         <run_address>0x318</run_address>
         <size>0x29</size>
         <input_file_ref idref="fl-2"/>
      </object_component>
      <object_component id="oc-ad">
         <name>.debug_pubnames</name>
         <load_address>0x341</load_address>
         <run_address>0x341</run_address>
         <size>0x25</size>
         <input_file_ref idref="fl-146"/>
      </object_component>
      <object_component id="oc-b2">
         <name>.debug_pubnames</name>
         <load_address>0x366</load_address>
         <run_address>0x366</run_address>
         <size>0x21</size>
         <input_file_ref idref="fl-2"/>
      </object_component>
      <object_component id="oc-c3">
         <name>.debug_pubnames</name>
         <load_address>0x387</load_address>
         <run_address>0x387</run_address>
         <size>0x1e</size>
         <input_file_ref idref="fl-140"/>
      </object_component>
      <object_component id="oc-ca">
         <name>.debug_pubnames</name>
         <load_address>0x3a5</load_address>
         <run_address>0x3a5</run_address>
         <size>0x1b</size>
         <input_file_ref idref="fl-2"/>
      </object_component>
      <object_component id="oc-d1">
         <name>.debug_pubnames</name>
         <load_address>0x3c0</load_address>
         <run_address>0x3c0</run_address>
         <size>0x28</size>
         <input_file_ref idref="fl-13d"/>
      </object_component>
      <object_component id="oc-d4">
         <name>.debug_pubnames</name>
         <load_address>0x3e8</load_address>
         <run_address>0x3e8</run_address>
         <size>0x3a</size>
         <input_file_ref idref="fl-138"/>
      </object_component>
      <object_component id="oc-fa">
         <name>.debug_pubnames</name>
         <load_address>0x422</load_address>
         <run_address>0x422</run_address>
         <size>0x22</size>
         <input_file_ref idref="fl-146"/>
      </object_component>
      <object_component id="oc-101">
         <name>.debug_pubnames</name>
         <load_address>0x444</load_address>
         <run_address>0x444</run_address>
         <size>0x26</size>
         <input_file_ref idref="fl-145"/>
      </object_component>
      <object_component id="oc-113">
         <name>.debug_pubnames</name>
         <load_address>0x46a</load_address>
         <run_address>0x46a</run_address>
         <size>0x4f</size>
         <input_file_ref idref="fl-2"/>
      </object_component>
      <object_component id="oc-119">
         <name>.debug_pubnames</name>
         <load_address>0x4b9</load_address>
         <run_address>0x4b9</run_address>
         <size>0x28</size>
         <input_file_ref idref="fl-14a"/>
      </object_component>
      <object_component id="oc-11f">
         <name>.debug_pubnames</name>
         <load_address>0x4e1</load_address>
         <run_address>0x4e1</run_address>
         <size>0x27</size>
         <input_file_ref idref="fl-14a"/>
      </object_component>
      <object_component id="oc-125">
         <name>.debug_pubnames</name>
         <load_address>0x508</load_address>
         <run_address>0x508</run_address>
         <size>0x28</size>
         <input_file_ref idref="fl-146"/>
      </object_component>
      <object_component id="oc-12b">
         <name>.debug_pubnames</name>
         <load_address>0x530</load_address>
         <run_address>0x530</run_address>
         <size>0x28</size>
         <input_file_ref idref="fl-146"/>
      </object_component>
      <object_component id="oc-131">
         <name>.debug_pubnames</name>
         <load_address>0x558</load_address>
         <run_address>0x558</run_address>
         <size>0x29</size>
         <input_file_ref idref="fl-146"/>
      </object_component>
      <object_component id="oc-137">
         <name>.debug_pubnames</name>
         <load_address>0x581</load_address>
         <run_address>0x581</run_address>
         <size>0x29</size>
         <input_file_ref idref="fl-146"/>
      </object_component>
      <object_component id="oc-13d">
         <name>.debug_pubnames</name>
         <load_address>0x5aa</load_address>
         <run_address>0x5aa</run_address>
         <size>0x28</size>
         <input_file_ref idref="fl-146"/>
      </object_component>
      <object_component id="oc-143">
         <name>.debug_pubnames</name>
         <load_address>0x5d2</load_address>
         <run_address>0x5d2</run_address>
         <size>0x29</size>
         <input_file_ref idref="fl-146"/>
      </object_component>
      <object_component id="oc-149">
         <name>.debug_pubnames</name>
         <load_address>0x5fb</load_address>
         <run_address>0x5fb</run_address>
         <size>0x27</size>
         <input_file_ref idref="fl-146"/>
      </object_component>
      <object_component id="oc-14f">
         <name>.debug_pubnames</name>
         <load_address>0x622</load_address>
         <run_address>0x622</run_address>
         <size>0x2a</size>
         <input_file_ref idref="fl-146"/>
      </object_component>
      <object_component id="oc-155">
         <name>.debug_pubnames</name>
         <load_address>0x64c</load_address>
         <run_address>0x64c</run_address>
         <size>0x2a</size>
         <input_file_ref idref="fl-146"/>
      </object_component>
      <object_component id="oc-15b">
         <name>.debug_pubnames</name>
         <load_address>0x676</load_address>
         <run_address>0x676</run_address>
         <size>0x29</size>
         <input_file_ref idref="fl-146"/>
      </object_component>
      <object_component id="oc-161">
         <name>.debug_pubnames</name>
         <load_address>0x69f</load_address>
         <run_address>0x69f</run_address>
         <size>0x24</size>
         <input_file_ref idref="fl-146"/>
      </object_component>
      <object_component id="oc-172">
         <name>.debug_pubnames</name>
         <load_address>0x6c3</load_address>
         <run_address>0x6c3</run_address>
         <size>0x23</size>
         <input_file_ref idref="fl-2"/>
      </object_component>
      <object_component id="oc-178">
         <name>.debug_pubnames</name>
         <load_address>0x6e6</load_address>
         <run_address>0x6e6</run_address>
         <size>0x30</size>
         <input_file_ref idref="fl-2"/>
      </object_component>
      <object_component id="oc-17e">
         <name>.debug_pubnames</name>
         <load_address>0x716</load_address>
         <run_address>0x716</run_address>
         <size>0x31</size>
         <input_file_ref idref="fl-2"/>
      </object_component>
      <object_component id="oc-184">
         <name>.debug_pubnames</name>
         <load_address>0x747</load_address>
         <run_address>0x747</run_address>
         <size>0x1f</size>
         <input_file_ref idref="fl-146"/>
      </object_component>
      <object_component id="oc-18a">
         <name>.debug_pubnames</name>
         <load_address>0x766</load_address>
         <run_address>0x766</run_address>
         <size>0x28</size>
         <input_file_ref idref="fl-2"/>
      </object_component>
      <object_component id="oc-190">
         <name>.debug_pubnames</name>
         <load_address>0x78e</load_address>
         <run_address>0x78e</run_address>
         <size>0x27</size>
         <input_file_ref idref="fl-2"/>
      </object_component>
      <object_component id="oc-19e">
         <name>.debug_pubnames</name>
         <load_address>0x7b5</load_address>
         <run_address>0x7b5</run_address>
         <size>0x43</size>
         <input_file_ref idref="fl-13d"/>
      </object_component>
      <object_component id="oc-1ae">
         <name>.debug_pubnames</name>
         <load_address>0x7f8</load_address>
         <run_address>0x7f8</run_address>
         <size>0x23</size>
         <input_file_ref idref="fl-142"/>
      </object_component>
      <object_component id="oc-1b4">
         <name>.debug_pubnames</name>
         <load_address>0x81b</load_address>
         <run_address>0x81b</run_address>
         <size>0x21</size>
         <input_file_ref idref="fl-142"/>
      </object_component>
      <object_component id="oc-1ba">
         <name>.debug_pubnames</name>
         <load_address>0x83c</load_address>
         <run_address>0x83c</run_address>
         <size>0x21</size>
         <input_file_ref idref="fl-142"/>
      </object_component>
      <object_component id="oc-1c0">
         <name>.debug_pubnames</name>
         <load_address>0x85d</load_address>
         <run_address>0x85d</run_address>
         <size>0x20</size>
         <input_file_ref idref="fl-142"/>
      </object_component>
      <object_component id="oc-1e9">
         <name>.debug_pubnames</name>
         <load_address>0x87d</load_address>
         <run_address>0x87d</run_address>
         <size>0x27</size>
         <input_file_ref idref="fl-14a"/>
      </object_component>
      <object_component id="oc-1f3">
         <name>.debug_pubnames</name>
         <load_address>0x8a4</load_address>
         <run_address>0x8a4</run_address>
         <size>0x2c</size>
         <input_file_ref idref="fl-14a"/>
      </object_component>
      <object_component id="oc-1fb">
         <name>.debug_pubnames</name>
         <load_address>0x8d0</load_address>
         <run_address>0x8d0</run_address>
         <size>0x27</size>
         <input_file_ref idref="fl-14a"/>
      </object_component>
      <object_component id="oc-218">
         <name>.debug_pubnames</name>
         <load_address>0x8f7</load_address>
         <run_address>0x8f7</run_address>
         <size>0x28</size>
         <input_file_ref idref="fl-143"/>
      </object_component>
      <object_component id="oc-21f">
         <name>.debug_pubnames</name>
         <load_address>0x91f</load_address>
         <run_address>0x91f</run_address>
         <size>0x24</size>
         <input_file_ref idref="fl-143"/>
      </object_component>
      <object_component id="oc-227">
         <name>.debug_pubnames</name>
         <load_address>0x943</load_address>
         <run_address>0x943</run_address>
         <size>0x2a</size>
         <input_file_ref idref="fl-14a"/>
      </object_component>
      <object_component id="oc-22d">
         <name>.debug_pubnames</name>
         <load_address>0x96d</load_address>
         <run_address>0x96d</run_address>
         <size>0x2b</size>
         <input_file_ref idref="fl-14a"/>
      </object_component>
      <object_component id="oc-235">
         <name>.debug_pubnames</name>
         <load_address>0x998</load_address>
         <run_address>0x998</run_address>
         <size>0x22</size>
         <input_file_ref idref="fl-145"/>
      </object_component>
      <object_component id="oc-23a">
         <name>.debug_pubnames</name>
         <load_address>0x9ba</load_address>
         <run_address>0x9ba</run_address>
         <size>0x28</size>
         <input_file_ref idref="fl-2"/>
      </object_component>
      <object_component id="oc-241">
         <name>.debug_pubnames</name>
         <load_address>0x9e2</load_address>
         <run_address>0x9e2</run_address>
         <size>0x23</size>
         <input_file_ref idref="fl-145"/>
      </object_component>
      <object_component id="oc-247">
         <name>.debug_pubnames</name>
         <load_address>0xa05</load_address>
         <run_address>0xa05</run_address>
         <size>0x2d</size>
         <input_file_ref idref="fl-145"/>
      </object_component>
      <object_component id="oc-24e">
         <name>.debug_pubnames</name>
         <load_address>0xa32</load_address>
         <run_address>0xa32</run_address>
         <size>0x22</size>
         <input_file_ref idref="fl-145"/>
      </object_component>
      <object_component id="oc-258">
         <name>.debug_pubnames</name>
         <load_address>0xa54</load_address>
         <run_address>0xa54</run_address>
         <size>0x77</size>
         <input_file_ref idref="fl-142"/>
      </object_component>
      <object_component id="oc-266">
         <name>.debug_pubnames</name>
         <load_address>0xacb</load_address>
         <run_address>0xacb</run_address>
         <size>0x25</size>
         <input_file_ref idref="fl-143"/>
      </object_component>
      <object_component id="oc-26c">
         <name>.debug_pubnames</name>
         <load_address>0xaf0</load_address>
         <run_address>0xaf0</run_address>
         <size>0x27</size>
         <input_file_ref idref="fl-143"/>
      </object_component>
      <object_component id="oc-274">
         <name>.debug_pubnames</name>
         <load_address>0xb17</load_address>
         <run_address>0xb17</run_address>
         <size>0x26</size>
         <input_file_ref idref="fl-14a"/>
      </object_component>
      <object_component id="oc-27d">
         <name>.debug_pubnames</name>
         <load_address>0xb3d</load_address>
         <run_address>0xb3d</run_address>
         <size>0x2d</size>
         <input_file_ref idref="fl-2"/>
      </object_component>
      <object_component id="oc-286">
         <name>.debug_pubnames</name>
         <load_address>0xb6a</load_address>
         <run_address>0xb6a</run_address>
         <size>0x21</size>
         <input_file_ref idref="fl-146"/>
      </object_component>
      <object_component id="oc-28d">
         <name>.debug_pubnames</name>
         <load_address>0xb8b</load_address>
         <run_address>0xb8b</run_address>
         <size>0x2b</size>
         <input_file_ref idref="fl-146"/>
      </object_component>
      <object_component id="oc-29d">
         <name>.debug_pubnames</name>
         <load_address>0xbb6</load_address>
         <run_address>0xbb6</run_address>
         <size>0x29</size>
         <input_file_ref idref="fl-146"/>
      </object_component>
      <object_component id="oc-2a4">
         <name>.debug_pubnames</name>
         <load_address>0xbdf</load_address>
         <run_address>0xbdf</run_address>
         <size>0x33</size>
         <input_file_ref idref="fl-146"/>
      </object_component>
      <object_component id="oc-2ab">
         <name>.debug_pubnames</name>
         <load_address>0xc12</load_address>
         <run_address>0xc12</run_address>
         <size>0x29</size>
         <input_file_ref idref="fl-146"/>
      </object_component>
      <object_component id="oc-13">
         <name>.debug_aranges</name>
         <load_address>0x0</load_address>
         <run_address>0x0</run_address>
         <size>0x20</size>
         <input_file_ref idref="fl-134"/>
      </object_component>
      <object_component id="oc-18">
         <name>.debug_aranges</name>
         <load_address>0x20</load_address>
         <run_address>0x20</run_address>
         <size>0x20</size>
         <input_file_ref idref="fl-135"/>
      </object_component>
      <object_component id="oc-1e">
         <name>.debug_aranges</name>
         <load_address>0x40</load_address>
         <run_address>0x40</run_address>
         <size>0x20</size>
         <input_file_ref idref="fl-137"/>
      </object_component>
      <object_component id="oc-23">
         <name>.debug_aranges</name>
         <load_address>0x60</load_address>
         <run_address>0x60</run_address>
         <size>0x20</size>
         <input_file_ref idref="fl-136"/>
      </object_component>
      <object_component id="oc-2b">
         <name>.debug_aranges</name>
         <load_address>0x80</load_address>
         <run_address>0x80</run_address>
         <size>0x20</size>
         <input_file_ref idref="fl-3"/>
      </object_component>
      <object_component id="oc-31">
         <name>.debug_aranges</name>
         <load_address>0xa0</load_address>
         <run_address>0xa0</run_address>
         <size>0x20</size>
         <input_file_ref idref="fl-3"/>
      </object_component>
      <object_component id="oc-37">
         <name>.debug_aranges</name>
         <load_address>0xc0</load_address>
         <run_address>0xc0</run_address>
         <size>0x20</size>
         <input_file_ref idref="fl-3"/>
      </object_component>
      <object_component id="oc-3d">
         <name>.debug_aranges</name>
         <load_address>0xe0</load_address>
         <run_address>0xe0</run_address>
         <size>0x20</size>
         <input_file_ref idref="fl-3"/>
      </object_component>
      <object_component id="oc-43">
         <name>.debug_aranges</name>
         <load_address>0x100</load_address>
         <run_address>0x100</run_address>
         <size>0x20</size>
         <input_file_ref idref="fl-2"/>
      </object_component>
      <object_component id="oc-49">
         <name>.debug_aranges</name>
         <load_address>0x120</load_address>
         <run_address>0x120</run_address>
         <size>0x20</size>
         <input_file_ref idref="fl-2"/>
      </object_component>
      <object_component id="oc-53">
         <name>.debug_aranges</name>
         <load_address>0x140</load_address>
         <run_address>0x140</run_address>
         <size>0x28</size>
         <input_file_ref idref="fl-13f"/>
      </object_component>
      <object_component id="oc-57">
         <name>.debug_aranges</name>
         <load_address>0x168</load_address>
         <run_address>0x168</run_address>
         <size>0x20</size>
         <input_file_ref idref="fl-13e"/>
      </object_component>
      <object_component id="oc-5d">
         <name>.debug_aranges</name>
         <load_address>0x188</load_address>
[...]
         <load_address>0x0</load_address>
         <run_address>0x0</run_address>
         <size>0xe66</size>
         <contents>
            <object_component_ref idref="oc-6c"/>
            <object_component_ref idref="oc-73"/>
            <object_component_ref idref="oc-81"/>
            <object_component_ref idref="oc-a6"/>
            <object_component_ref idref="oc-b7"/>
            <object_component_ref idref="oc-bc"/>
            <object_component_ref idref="oc-da"/>
            <object_component_ref idref="oc-e1"/>
            <object_component_ref idref="oc-ec"/>
            <object_component_ref idref="oc-f1"/>
            <object_component_ref idref="oc-105"/>
            <object_component_ref idref="oc-10d"/>
            <object_component_ref idref="oc-169"/>
            <object_component_ref idref="oc-197"/>
            <object_component_ref idref="oc-1a4"/>
            <object_component_ref idref="oc-1a8"/>
            <object_component_ref idref="oc-1c6"/>
            <object_component_ref idref="oc-1cd"/>
            <object_component_ref idref="oc-1d2"/>
            <object_component_ref idref="oc-1d7"/>
            <object_component_ref idref="oc-1dc"/>
            <object_component_ref idref="oc-205"/>
            <object_component_ref idref="oc-20a"/>
            <object_component_ref idref="oc-211"/>
         </contents>
      </logical_group>
      <logical_group id="lg-2cb" display="never" color="cyan">
         <name>.debug_str</name>
         <load_address>0x0</load_address>
         <run_address>0x0</run_address>
         <size>0x1d6a</size>
         <contents>
            <object_component_ref idref="oc-6f"/>
            <object_component_ref idref="oc-76"/>
            <object_component_ref idref="oc-84"/>
            <object_component_ref idref="oc-a9"/>
            <object_component_ref idref="oc-ba"/>
            <object_component_ref idref="oc-bf"/>
            <object_component_ref idref="oc-dd"/>
            <object_component_ref idref="oc-e4"/>
            <object_component_ref idref="oc-ef"/>
            <object_component_ref idref="oc-f4"/>
            <object_component_ref idref="oc-108"/>
            <object_component_ref idref="oc-110"/>
            <object_component_ref idref="oc-16c"/>
            <object_component_ref idref="oc-19a"/>
            <object_component_ref idref="oc-1c9"/>
            <object_component_ref idref="oc-1d0"/>
            <object_component_ref idref="oc-1d5"/>
            <object_component_ref idref="oc-1da"/>
            <object_component_ref idref="oc-1df"/>
            <object_component_ref idref="oc-208"/>
            <object_component_ref idref="oc-20d"/>
            <object_component_ref idref="oc-214"/>
         </contents>
      </logical_group>
      <load_segment id="lg-2d6" display="no" color="cyan">
         <name>SEGMENT_0</name>
         <load_address>0x0</load_address>
         <run_address>0x0</run_address>
         <size>0x1578</size>
         <flags>0x5</flags>
         <contents>
            <logical_group_ref idref="lg-3"/>
            <logical_group_ref idref="lg-4"/>
            <logical_group_ref idref="lg-5"/>
            <logical_group_ref idref="lg-6"/>
         </contents>
      </load_segment>
      <load_segment id="lg-2d7" display="no" color="cyan">
         <name>SEGMENT_1</name>
         <run_address>0x20000000</run_address>
         <size>0x5ac</size>
         <flags>0x6</flags>
         <contents>
            <logical_group_ref idref="lg-d"/>
            <logical_group_ref idref="lg-b"/>
            <logical_group_ref idref="lg-a"/>
         </contents>
      </load_segment>
   </logical_group_list>
   <placement_map>
      <memory_area display="yes" color="green">
         <name>FLASH</name>
         <page_id>0x0</page_id>
         <origin>0x0</origin>
         <length>0x40000</length>
         <used_space>0x1572</used_space>
         <unused_space>0x3ea8e</unused_space>
         <attributes>RX</attributes>
         <usage_details>
            <allocated_space>
               <start_address>0x0</start_address>
               <size>0x26c</size>
               <logical_group_ref idref="lg-3"/>
            </allocated_space>
            <allocated_space>
               <start_address>0x26c</start_address>
               <size>0x125e</size>
               <logical_group_ref idref="lg-4"/>
            </allocated_space>
            <available_space>
               <start_address>0x14ca</start_address>
               <size>0x2</size>
            </available_space>
            <allocated_space>
               <start_address>0x14cc</start_address>
               <size>0x70</size>
               <logical_group_ref idref="lg-5"/>
            </allocated_space>
            <available_space>
               <start_address>0x153c</start_address>
               <size>0x4</size>
            </available_space>
            <allocated_space>
               <start_address>0x1540</start_address>
               <size>0x38</size>
               <logical_group_ref idref="lg-6"/>
            </allocated_space>
            <available_space>
               <start_address>0x1578</start_address>
               <size>0x3ea88</size>
            </available_space>
         </usage_details>
      </memory_area>
      <memory_area display="yes" color="green">
         <name>SRAM</name>
         <page_id>0x0</page_id>
         <origin>0x20000000</origin>
         <length>0x8000</length>
         <used_space>0x5ac</used_space>
         <unused_space>0x7a54</unused_space>
         <attributes>RWX</attributes>
         <usage_details>
            <allocated_space>
               <start_address>0x20000000</start_address>
               <size>0x400</size>
               <logical_group_ref idref="lg-d"/>
            </allocated_space>
            <allocated_space>
               <start_address>0x20000400</start_address>
               <size>0x198</size>
               <logical_group_ref idref="lg-b"/>
            </allocated_space>
            <allocated_space>
               <start_address>0x20000598</start_address>
               <size>0x14</size>
               <logical_group_ref idref="lg-a"/>
            </allocated_space>
            <available_space>
               <start_address>0x200005ac</start_address>
               <size>0x7a54</size>
            </available_space>
         </usage_details>
      </memory_area>
   </placement_map>
   <cptbl_list>
      <cptbl>
         <name>__TI_cinit_table</name>
         <cprec>
            <name>.data</name>
            <load_address>0x1540</load_address>
            <load_size>0xf</load_size>
            <run_address>0x20000598</run_address>
            <run_size>0x14</run_size>
            <compression>rle</compression>
         </cprec>
         <cprec>
            <name>.bss</name>
            <load_address>0x1560</load_address>
            <load_size>0x8</load_size>
            <run_address>0x20000400</run_address>
            <run_size>0x198</run_size>
            <compression>zero_init</compression>
         </cprec>
      </cptbl>
   </cptbl_list>
   <handler_table>
      <handler_table_name>__TI_handler_table</handler_table_name>
      <handler>
         <index>0x0</index>
         <name>__TI_decompress_rle24</name>
      </handler>
      <handler>
         <index>0x1</index>
         <name>__TI_decompress_none</name>
      </handler>
      <handler>
         <index>0x2</index>
         <name>__TI_zero_init</name>
      </handler>
   </handler_table>
   <symbol_table>
      <symbol id="sm-1">
         <name>__STACK_TOP</name>
         <value>0x20000400</value>
      </symbol>
      <symbol id="sm-2">
         <name>__TI_CINIT_Base</name>
         <value>0x1568</value>
      </symbol>
      <symbol id="sm-3">
         <name>__TI_CINIT_Limit</name>
         <value>0x1578</value>
      </symbol>
      <symbol id="sm-4">
         <name>__TI_Handler_Table_Base</name>
         <value>0x1550</value>
      </symbol>
      <symbol id="sm-5">
         <name>__TI_Handler_Table_Limit</name>
         <value>0x155c</value>
      </symbol>
      <symbol id="sm-6">
         <name>binit</name>
         <value>0xffffffff</value>
      </symbol>
      <symbol id="sm-7">
         <name>__binit__</name>
         <value>0xffffffff</value>
      </symbol>
      <symbol id="sm-8">
         <name>__STACK_SIZE</name>
         <value>0x400</value>
      </symbol>
      <symbol id="sm-9">
         <name>__STACK_END</name>
         <value>0x20000400</value>
      </symbol>
      <symbol id="sm-a">
         <name>__c_args__</name>
         <value>0xffffffff</value>
      </symbol>
      <symbol id="sm-c7">
         <name>g_vui8I2CDoneFlag</name>
         <value>0x20000594</value>
      </symbol>
      <symbol id="sm-c8">
         <name>g_vui8ErrorFlag</name>
         <value>0x20000590</value>
      </symbol>
      <symbol id="sm-c9">
         <name>MPU9150AppCallback</name>
         <value>0x13e1</value>
         <object_component_ref idref="oc-9e"/>
      </symbol>
      <symbol id="sm-ca">
         <name>g_sI2CInst</name>
         <value>0x20000400</value>
         <object_component_ref idref="oc-b0"/>
      </symbol>
      <symbol id="sm-cb">
         <name>ConfigureI2C</name>
         <value>0xe2d</value>
         <object_component_ref idref="oc-16f"/>
      </symbol>
      <symbol id="sm-cc">
         <name>MPU9150AppErrorHandler</name>
         <value>0x10e3</value>
         <object_component_ref idref="oc-27a"/>
      </symbol>
      <symbol id="sm-cd">
         <name>main</name>
         <value>0xdd1</value>
         <object_component_ref idref="oc-c7"/>
      </symbol>
      <symbol id="sm-ce">
         <name>ConfigureMPU9150Interrupt</name>
         <value>0x11e9</value>
         <object_component_ref idref="oc-175"/>
      </symbol>
      <symbol id="sm-cf">
         <name>SetMpuSampleRate</name>
         <value>0xc59</value>
         <object_component_ref idref="oc-18d"/>
      </symbol>
      <symbol id="sm-d0">
         <name>InitializeMPU9150</name>
         <value>0x6b1</value>
         <object_component_ref idref="oc-187"/>
      </symbol>
      <symbol id="sm-d1">
         <name>g_sMPU9150Inst</name>
         <value>0x20000524</value>
         <object_component_ref idref="oc-9b"/>
      </symbol>
      <symbol id="sm-d2">
         <name>MPU9150AppI2CWait</name>
         <value>0x1381</value>
         <object_component_ref idref="oc-237"/>
      </symbol>
      <symbol id="sm-d3">
         <name>IntGPIOb</name>
         <value>0x12c9</value>
         <object_component_ref idref="oc-41"/>
      </symbol>
      <symbol id="sm-d4">
         <name>MPU9150I2CIntHandler</name>
         <value>0x147d</value>
         <object_component_ref idref="oc-47"/>
      </symbol>
      <symbol id="sm-d5">
         <name>SetUpPeripheralsInterrupts</name>
         <value>0x125d</value>
         <object_component_ref idref="oc-17b"/>
      </symbol>
      <symbol id="sm-10b">
         <name>ResetISR</name>
         <value>0x14b1</value>
         <object_component_ref idref="oc-29"/>
      </symbol>
      <symbol id="sm-10c">
         <name>g_pfnVectors</name>
         <value>0x0</value>
         <object_component_ref idref="oc-e"/>
      </symbol>
      <symbol id="sm-11e">
         <name>_c_int00</name>
         <value>0x1011</value>
         <object_component_ref idref="oc-11"/>
      </symbol>
      <symbol id="sm-11f">
         <name>__stack</name>
         <value>0x20000000</value>
         <object_component_ref idref="oc-28"/>
      </symbol>
      <symbol id="sm-136">
         <name>__TI_decompress_none</name>
         <value>0x1457</value>
         <object_component_ref idref="oc-16"/>
      </symbol>
      <symbol id="sm-15a">
         <name>__TI_decompress_rle24</name>
         <value>0x14b7</value>
         <object_component_ref idref="oc-22"/>
      </symbol>
      <symbol id="sm-173">
         <name>__TI_zero_init</name>
         <value>0x1437</value>
         <object_component_ref idref="oc-1c"/>
      </symbol>
      <symbol id="sm-192">
         <name>C$$EXIT</name>
         <value>0x1129</value>
         <object_component_ref idref="oc-5b"/>
      </symbol>
      <symbol id="sm-193">
         <name>abort</name>
         <value>0x112d</value>
         <object_component_ref idref="oc-5b"/>
      </symbol>
      <symbol id="sm-194">
         <name>exit</name>
         <value>0x1135</value>
         <object_component_ref idref="oc-5b"/>
      </symbol>
      <symbol id="sm-195">
         <name>__TI_dtors_ptr</name>
         <value>0x200005a4</value>
         <object_component_ref idref="oc-d2"/>
      </symbol>
      <symbol id="sm-196">
         <name>__TI_cleanup_ptr</name>
         <value>0x200005a0</value>
         <object_component_ref idref="oc-d2"/>
      </symbol>
      <symbol id="sm-1b2">
         <name>memcpy</name>
         <value>0x74d</value>
         <object_component_ref idref="oc-65"/>
      </symbol>
      <symbol id="sm-1b3">
         <name>__aeabi_memcpy</name>
         <value>0x74d</value>
         <object_component_ref idref="oc-65"/>
      </symbol>
      <symbol id="sm-1b4">
         <name>__aeabi_memcpy8</name>
         <value>0x74d</value>
         <object_component_ref idref="oc-65"/>
      </symbol>
      <symbol id="sm-1b5">
         <name>__aeabi_memcpy4</name>
         <value>0x74d</value>
         <object_component_ref idref="oc-65"/>
      </symbol>
      <symbol id="sm-1bd">
         <name>main_func_sp</name>
         <value>0x200005a8</value>
         <object_component_ref idref="oc-61"/>
      </symbol>
      <symbol id="sm-1d7">
         <name>_nop</name>
         <value>0x141f</value>
         <object_component_ref idref="oc-19b"/>
      </symbol>
      <symbol id="sm-1d8">
         <name>_lock</name>
         <value>0x20000598</value>
         <object_component_ref idref="oc-cf"/>
      </symbol>
      <symbol id="sm-1d9">
         <name>_unlock</name>
         <value>0x2000059c</value>
         <object_component_ref idref="oc-cf"/>
      </symbol>
      <symbol id="sm-1da">
         <name>_register_lock</name>
         <value>0x1417</value>
         <object_component_ref idref="oc-19b"/>
      </symbol>
      <symbol id="sm-1db">
         <name>_register_unlock</name>
         <value>0x1411</value>
         <object_component_ref idref="oc-19b"/>
      </symbol>
      <symbol id="sm-1ef">
         <name>_args_main</name>
         <value>0x13f9</value>
         <object_component_ref idref="oc-55"/>
      </symbol>
      <symbol id="sm-20c">
         <name>__TI_auto_init</name>
         <value>0x881</value>
         <object_component_ref idref="oc-50"/>
      </symbol>
      <symbol id="sm-225">
         <name>copy_in</name>
         <value>0x10e5</value>
         <object_component_ref idref="oc-c0"/>
      </symbol>
      <symbol id="sm-283">
         <name>IntIsEnabled</name>
         <value>0xa75</value>
         <object_component_ref idref="oc-1ab"/>
      </symbol>
      <symbol id="sm-284">
         <name>IntEnable</name>
         <value>0xb99</value>
         <object_component_ref idref="oc-1bd"/>
      </symbol>
      <symbol id="sm-285">
         <name>IntTrigger</name>
         <value>0x1471</value>
         <object_component_ref idref="oc-1b7"/>
      </symbol>
      <symbol id="sm-286">
         <name>IntDisable</name>
         <value>0xb39</value>
         <object_component_ref idref="oc-1b1"/>
      </symbol>
      <symbol id="sm-2c3">
         <name>GPIOPinTypeI2CSCL</name>
         <value>0x1425</value>
         <object_component_ref idref="oc-215"/>
      </symbol>
      <symbol id="sm-2c4">
         <name>GPIOIntEnable</name>
         <value>0x1465</value>
         <object_component_ref idref="oc-21c"/>
      </symbol>
      <symbol id="sm-2c5">
         <name>GPIOIntClear</name>
         <value>0x14ab</value>
         <object_component_ref idref="oc-8f"/>
      </symbol>
      <symbol id="sm-2c6">
         <name>GPIOIntStatus</name>
         <value>0x1449</value>
         <object_component_ref idref="oc-89"/>
      </symbol>
      <symbol id="sm-2c7">
         <name>GPIODirModeSet</name>
         <value>0x132d</value>
         <object_component_ref idref="oc-263"/>
      </symbol>
      <symbol id="sm-2c8">
         <name>GPIOPadConfigSet</name>
         <value>0x3ed</value>
         <object_component_ref idref="oc-269"/>
      </symbol>
      <symbol id="sm-344">
         <name>MPU9150Write</name>
         <value>0x611</value>
         <object_component_ref idref="oc-23d"/>
      </symbol>
      <symbol id="sm-345">
         <name>MPU9150Init</name>
         <value>0xa09</value>
         <object_component_ref idref="oc-231"/>
      </symbol>
      <symbol id="sm-346">
         <name>MPU9150DataRead</name>
         <value>0xbf9</value>
         <object_component_ref idref="oc-95"/>
      </symbol>
      <symbol id="sm-347">
         <name>MPU9150Read</name>
         <value>0xd75</value>
         <object_component_ref idref="oc-24a"/>
      </symbol>
      <symbol id="sm-348">
         <name>MPU9150ReadModifyWrite</name>
         <value>0xedd</value>
         <object_component_ref idref="oc-243"/>
      </symbol>
      <symbol id="sm-453">
         <name>I2CMWrite8</name>
         <value>0xe85</value>
         <object_component_ref idref="oc-283"/>
      </symbol>
      <symbol id="sm-454">
         <name>I2CMCommand</name>
         <value>0x915</value>
         <object_component_ref idref="oc-f7"/>
      </symbol>
      <symbol id="sm-455">
         <name>I2CMInit</name>
         <value>0x1295</value>
         <object_component_ref idref="oc-181"/>
      </symbol>
      <symbol id="sm-456">
         <name>I2CMReadModifyWrite8</name>
         <value>0x999</value>
         <object_component_ref idref="oc-28a"/>
      </symbol>
      <symbol id="sm-457">
         <name>I2CMTransferResume</name>
         <value>0x12fd</value>
         <object_component_ref idref="oc-2a8"/>
      </symbol>
      <symbol id="sm-458">
         <name>I2CMIntHandler</name>
         <value>0x51d</value>
         <object_component_ref idref="oc-aa"/>
      </symbol>
      <symbol id="sm-4a4">
         <name>I2CMasterDataPut</name>
         <value>0x14c5</value>
         <object_component_ref idref="oc-1f8"/>
      </symbol>
      <symbol id="sm-4a5">
         <name>I2CMasterInitExpClk</name>
         <value>0xfc9</value>
         <object_component_ref idref="oc-224"/>
      </symbol>
      <symbol id="sm-4a6">
         <name>I2CMasterSlaveAddrSet</name>
         <value>0x14a3</value>
         <object_component_ref idref="oc-1f0"/>
      </symbol>
      <symbol id="sm-4a7">
         <name>I2CMasterDataGet</name>
         <value>0x14c1</value>
         <object_component_ref idref="oc-1e6"/>
      </symbol>
      <symbol id="sm-4a8">
         <name>I2CMasterIntEnableEx</name>
         <value>0x149b</value>
         <object_component_ref idref="oc-22a"/>
      </symbol>
      <symbol id="sm-4a9">
         <name>I2CMasterControl</name>
         <value>0x14bd</value>
         <object_component_ref idref="oc-11c"/>
      </symbol>
      <symbol id="sm-4aa">
         <name>I2CMasterEnable</name>
         <value>0x1489</value>
         <object_component_ref idref="oc-271"/>
      </symbol>
      <symbol id="sm-4ab">
         <name>I2CMasterIntClear</name>
         <value>0x1493</value>
         <object_component_ref idref="oc-116"/>
      </symbol>
      <symbol id="sm-4ac">
         <name>__TI_static_base__</name>
         <value>0x1540</value>
      </symbol>
      <symbol id="sm-4ad">
         <name>__TI_args_main</name>
         <value>0x1</value>
      </symbol>
      <symbol id="sm-4ae">
         <name>SHT$$INIT_ARRAY$$Limit</name>
         <value>0x0</value>
      </symbol>
      <symbol id="sm-4af">
         <name>SHT$$INIT_ARRAY$$Base</name>
         <value>0x0</value>
      </symbol>
   </symbol_table>
   <title>Link successful</title>
</link_info>
