<?xml version="1.0"?>
<link_info>
   <banner>TI ARM Linker PC v5.1.10</banner>
   <copyright>Copyright (c) 1996-2015 Texas Instruments Incorporated</copyright>
   <link_time>0x54fa33b5</link_time>
   <link_errors>0x0</link_errors>
   <output_file>InterruptsRateTest.out</output_file>
   <entry_point>
      <name>_c_int00</name>
      <address>0x1411</address>
   </entry_point>
   <input_file_list>
      <input_file id="fl-2">
         <path>.\</path>
         <kind>object</kind>
         <file>compdcm_mpu9150.obj</file>
         <name>compdcm_mpu9150.obj</name>
      </input_file>
      <input_file id="fl-3">
         <path>.\</path>
         <kind>object</kind>
         <file>startup_ccs.obj</file>
         <name>startup_ccs.obj</name>
      </input_file>
      <input_file id="fl-4">
         <path>.\utils\</path>
         <kind>object</kind>
         <file>uartstdio.obj</file>
         <name>uartstdio.obj</name>
      </input_file>
      <input_file id="fl-5">
         <path>.\drivers\</path>
         <kind>object</kind>
         <file>rgb.obj</file>
         <name>rgb.obj</name>
      </input_file>
      <input_file id="fl-134">
         <path>c:\ti\ccsv6\tools\compiler\arm_5.1.10\lib\</path>
         <kind>archive</kind>
         <file>rtsv7M4_T_le_v4SPD16_eabi.lib</file>
         <name>boot.obj</name>
      </input_file>
      <input_file id="fl-135">
         <path>c:\ti\ccsv6\tools\compiler\arm_5.1.10\lib\</path>
         <kind>archive</kind>
         <file>rtsv7M4_T_le_v4SPD16_eabi.lib</file>
         <name>copy_decompress_none.obj</name>
      </input_file>
      <input_file id="fl-136">
         <path>c:\ti\ccsv6\tools\compiler\arm_5.1.10\lib\</path>
         <kind>archive</kind>
         <file>rtsv7M4_T_le_v4SPD16_eabi.lib</file>
         <name>copy_decompress_rle.obj</name>
      </input_file>
      <input_file id="fl-137">
         <path>c:\ti\ccsv6\tools\compiler\arm_5.1.10\lib\</path>
         <kind>archive</kind>
         <file>rtsv7M4_T_le_v4SPD16_eabi.lib</file>
         <name>copy_zero_init.obj</name>
      </input_file>
      <input_file id="fl-138">
         <path>c:\ti\ccsv6\tools\compiler\arm_5.1.10\lib\</path>
         <kind>archive</kind>
         <file>rtsv7M4_T_le_v4SPD16_eabi.lib</file>
         <name>exit.obj</name>
      </input_file>
      <input_file id="fl-139">
         <path>c:\ti\ccsv6\tools\compiler\arm_5.1.10\lib\</path>
         <kind>archive</kind>
         <file>rtsv7M4_T_le_v4SPD16_eabi.lib</file>
         <name>fs_toull_t2.obj</name>
      </input_file>
      <input_file id="fl-13a">
         <path>c:\ti\ccsv6\tools\compiler\arm_5.1.10\lib\</path>
         <kind>archive</kind>
         <file>rtsv7M4_T_le_v4SPD16_eabi.lib</file>
         <name>memcpy_t2.obj</name>
      </input_file>
      <input_file id="fl-13b">
         <path>c:\ti\ccsv6\tools\compiler\arm_5.1.10\lib\</path>
         <kind>archive</kind>
         <file>rtsv7M4_T_le_v4SPD16_eabi.lib</file>
         <name>stkdepth_vars.obj</name>
      </input_file>
      <input_file id="fl-13c">
         <path>c:\ti\ccsv6\tools\compiler\arm_5.1.10\lib\</path>
         <kind>archive</kind>
         <file>rtsv7M4_T_le_v4SPD16_eabi.lib</file>
         <name>u_divt2.obj</name>
      </input_file>
      <input_file id="fl-13d">
         <path>c:\ti\ccsv6\tools\compiler\arm_5.1.10\lib\</path>
         <kind>archive</kind>
         <file>rtsv7M4_T_le_v4SPD16_eabi.lib</file>
         <name>_lock.obj</name>
      </input_file>
      <input_file id="fl-13e">
         <path>c:\ti\ccsv6\tools\compiler\arm_5.1.10\lib\</path>
         <kind>archive</kind>
         <file>rtsv7M4_T_le_v4SPD16_eabi.lib</file>
         <name>args_main.obj</name>
      </input_file>
      <input_file id="fl-13f">
         <path>c:\ti\ccsv6\tools\compiler\arm_5.1.10\lib\</path>
         <kind>archive</kind>
         <file>rtsv7M4_T_le_v4SPD16_eabi.lib</file>
         <name>auto_init.obj</name>
      </input_file>
      <input_file id="fl-140">
         <path>c:\ti\ccsv6\tools\compiler\arm_5.1.10\lib\</path>
         <kind>archive</kind>
         <file>rtsv7M4_T_le_v4SPD16_eabi.lib</file>
         <name>cpy_tbl.obj</name>
      </input_file>
      <input_file id="fl-141">
         <path>C:\ti\TivaWare_C_Series-2.0.1.11577\examples\boards\ek-tm4c123gxl-boostxl-senshub\compdcm_mpu9150\ccs\..\..\..\..\..\driverlib\ccs\Debug\</path>
         <kind>archive</kind>
         <file>driverlib.lib</file>
         <name>sysctl.obj</name>
      </input_file>
      <input_file id="fl-142">
         <path>C:\ti\TivaWare_C_Series-2.0.1.11577\examples\boards\ek-tm4c123gxl-boostxl-senshub\compdcm_mpu9150\ccs\..\..\..\..\..\driverlib\ccs\Debug\</path>
         <kind>archive</kind>
         <file>driverlib.lib</file>
         <name>interrupt.obj</name>
      </input_file>
      <input_file id="fl-143">
         <path>C:\ti\TivaWare_C_Series-2.0.1.11577\examples\boards\ek-tm4c123gxl-boostxl-senshub\compdcm_mpu9150\ccs\..\..\..\..\..\driverlib\ccs\Debug\</path>
         <kind>archive</kind>
         <file>driverlib.lib</file>
         <name>gpio.obj</name>
      </input_file>
      <input_file id="fl-144">
         <path>C:\ti\TivaWare_C_Series-2.0.1.11577\examples\boards\ek-tm4c123gxl-boostxl-senshub\compdcm_mpu9150\ccs\..\..\..\..\..\driverlib\ccs\Debug\</path>
         <kind>archive</kind>
         <file>driverlib.lib</file>
         <name>cpu.obj</name>
      </input_file>
      <input_file id="fl-145">
         <path>C:\ti\TivaWare_C_Series-2.0.1.11577\examples\boards\ek-tm4c123gxl-boostxl-senshub\compdcm_mpu9150\ccs\..\..\..\..\..\sensorlib\ccs\Debug\</path>
         <kind>archive</kind>
         <file>sensorlib.lib</file>
         <name>mpu9150.obj</name>
      </input_file>
      <input_file id="fl-146">
         <path>C:\ti\TivaWare_C_Series-2.0.1.11577\examples\boards\ek-tm4c123gxl-boostxl-senshub\compdcm_mpu9150\ccs\..\..\..\..\..\sensorlib\ccs\Debug\</path>
         <kind>archive</kind>
         <file>sensorlib.lib</file>
         <name>i2cm_drv.obj</name>
      </input_file>
      <input_file id="fl-147">
         <path>c:\ti\ccsv6\tools\compiler\arm_5.1.10\lib\</path>
         <kind>archive</kind>
         <file>rtsv7M4_T_le_v4SPD16_eabi.lib</file>
         <name>fd_mul_t2.obj</name>
      </input_file>
      <input_file id="fl-148">
         <path>c:\ti\ccsv6\tools\compiler\arm_5.1.10\lib\</path>
         <kind>archive</kind>
         <file>rtsv7M4_T_le_v4SPD16_eabi.lib</file>
         <name>fd_tos_t2.obj</name>
      </input_file>
      <input_file id="fl-149">
         <path>c:\ti\ccsv6\tools\compiler\arm_5.1.10\lib\</path>
         <kind>archive</kind>
         <file>rtsv7M4_T_le_v4SPD16_eabi.lib</file>
         <name>fs_tod_t2.obj</name>
      </input_file>
      <input_file id="fl-14a">
         <path>C:\ti\TivaWare_C_Series-2.0.1.11577\examples\boards\ek-tm4c123gxl-boostxl-senshub\compdcm_mpu9150\ccs\..\..\..\..\..\driverlib\ccs\Debug\</path>
         <kind>archive</kind>
         <file>driverlib.lib</file>
         <name>i2c.obj</name>
      </input_file>
   </input_file_list>
   <object_component_list>
      <object_component id="oc-e">
         <name>.intvecs</name>
         <load_address>0x0</load_address>
         <run_address>0x0</run_address>
         <size>0x26c</size>
         <input_file_ref idref="fl-3"/>
      </object_component>
      <object_component id="oc-2af">
         <name>.text:UARTvprintf</name>
         <load_address>0x26c</load_address>
         <run_address>0x26c</run_address>
         <size>0x1ea</size>
         <input_file_ref idref="fl-4"/>
      </object_component>
      <object_component id="oc-35">
         <name>.text:FaultISR</name>
         <load_address>0x456</load_address>
         <run_address>0x456</run_address>
         <size>0x2</size>
         <input_file_ref idref="fl-3"/>
      </object_component>
      <object_component id="oc-fd">
         <name>.text:MPU9150Callback</name>
         <load_address>0x458</load_address>
         <run_address>0x458</run_address>
         <size>0x180</size>
         <input_file_ref idref="fl-145"/>
      </object_component>
      <object_component id="oc-269">
         <name>.text:GPIOPadConfigSet</name>
         <load_address>0x5d8</load_address>
         <run_address>0x5d8</run_address>
         <size>0x130</size>
         <input_file_ref idref="fl-143"/>
      </object_component>
      <object_component id="oc-aa">
         <name>.text:I2CMIntHandler</name>
         <load_address>0x708</load_address>
         <run_address>0x708</run_address>
         <size>0xf2</size>
         <input_file_ref idref="fl-146"/>
      </object_component>
      <object_component id="oc-3b">
         <name>.text:IntDefaultHandler</name>
         <load_address>0x7fa</load_address>
         <run_address>0x7fa</run_address>
         <size>0x2</size>
         <input_file_ref idref="fl-3"/>
      </object_component>
      <object_component id="oc-187">
         <name>.text:InitializeMPU9150</name>
         <load_address>0x7fc</load_address>
         <run_address>0x7fc</run_address>
         <size>0xd0</size>
         <input_file_ref idref="fl-2"/>
      </object_component>
      <object_component id="oc-2c5">
         <name>.text:UARTwrite</name>
         <load_address>0x8cc</load_address>
         <run_address>0x8cc</run_address>
         <size>0xa8</size>
         <input_file_ref idref="fl-4"/>
      </object_component>
      <object_component id="oc-23d">
         <name>.text:MPU9150Write</name>
         <load_address>0x974</load_address>
         <run_address>0x974</run_address>
         <size>0xa0</size>
         <input_file_ref idref="fl-145"/>
      </object_component>
      <object_component id="oc-65">
         <name>.text</name>
         <load_address>0xa14</load_address>
         <run_address>0xa14</run_address>
         <size>0x9c</size>
         <input_file_ref idref="fl-13a"/>
      </object_component>
      <object_component id="oc-15e">
         <name>.text:I2CMStateIdle</name>
         <load_address>0xab0</load_address>
         <run_address>0xab0</run_address>
         <size>0x98</size>
         <input_file_ref idref="fl-146"/>
      </object_component>
      <object_component id="oc-50">
         <name>.text</name>
         <load_address>0xb48</load_address>
         <run_address>0xb48</run_address>
         <size>0x94</size>
         <input_file_ref idref="fl-13f"/>
      </object_component>
      <object_component id="oc-27a">
         <name>.text:MPU9150AppErrorHandler</name>
         <load_address>0xbdc</load_address>
         <run_address>0xbdc</run_address>
         <size>0x8c</size>
         <input_file_ref idref="fl-2"/>
      </object_component>
      <object_component id="oc-2e0">
         <name>.text:UARTPrimeTransmit</name>
         <load_address>0xc68</load_address>
         <run_address>0xc68</run_address>
         <size>0x8c</size>
         <input_file_ref idref="fl-4"/>
      </object_component>
      <object_component id="oc-f7">
         <name>.text:I2CMCommand</name>
         <load_address>0xcf4</load_address>
         <run_address>0xcf4</run_address>
         <size>0x84</size>
         <input_file_ref idref="fl-146"/>
      </object_component>
      <object_component id="oc-18d">
         <name>.text:SetMpuSampleRate</name>
         <load_address>0xd78</load_address>
         <run_address>0xd78</run_address>
         <size>0x80</size>
         <input_file_ref idref="fl-2"/>
      </object_component>
      <object_component id="oc-28a">
         <name>.text:I2CMReadModifyWrite8</name>
         <load_address>0xdf8</load_address>
         <run_address>0xdf8</run_address>
         <size>0x70</size>
         <input_file_ref idref="fl-146"/>
      </object_component>
      <object_component id="oc-231">
         <name>.text:MPU9150Init</name>
         <load_address>0xe68</load_address>
         <run_address>0xe68</run_address>
         <size>0x6c</size>
         <input_file_ref idref="fl-145"/>
      </object_component>
      <object_component id="oc-1ab">
         <name>.text:IntIsEnabled</name>
         <load_address>0xed4</load_address>
         <run_address>0xed4</run_address>
         <size>0x64</size>
         <input_file_ref idref="fl-142"/>
      </object_component>
      <object_component id="oc-2a8">
         <name>.text:I2CMReadModifyWrite8Callback</name>
         <load_address>0xf38</load_address>
         <run_address>0xf38</run_address>
         <size>0x60</size>
         <input_file_ref idref="fl-146"/>
      </object_component>
      <object_component id="oc-1b1">
         <name>.text:IntDisable</name>
         <load_address>0xf98</load_address>
         <run_address>0xf98</run_address>
         <size>0x60</size>
         <input_file_ref idref="fl-142"/>
      </object_component>
      <object_component id="oc-1bd">
         <name>.text:IntEnable</name>
         <load_address>0xff8</load_address>
         <run_address>0xff8</run_address>
         <size>0x60</size>
         <input_file_ref idref="fl-142"/>
      </object_component>
      <object_component id="oc-95">
         <name>.text:MPU9150DataRead</name>
         <load_address>0x1058</load_address>
         <run_address>0x1058</run_address>
         <size>0x60</size>
         <input_file_ref idref="fl-145"/>
      </object_component>
      <object_component id="oc-14c">
         <name>.text:I2CMStateWritePause</name>
         <load_address>0x10b8</load_address>
         <run_address>0x10b8</run_address>
         <size>0x5e</size>
         <input_file_ref idref="fl-146"/>
      </object_component>
      <object_component id="oc-78">
         <name>.text</name>
         <load_address>0x1116</load_address>
         <run_address>0x1116</run_address>
         <size>0x5e</size>
         <input_file_ref idref="fl-136"/>
      </object_component>
      <object_component id="oc-24a">
         <name>.text:MPU9150Read</name>
         <load_address>0x1174</load_address>
         <run_address>0x1174</run_address>
         <size>0x5c</size>
         <input_file_ref idref="fl-145"/>
      </object_component>
      <object_component id="oc-c7">
         <name>.text:main</name>
         <load_address>0x11d0</load_address>
         <run_address>0x11d0</run_address>
         <size>0x5c</size>
         <input_file_ref idref="fl-2"/>
      </object_component>
      <object_component id="oc-16f">
         <name>.text:ConfigureI2C</name>
         <load_address>0x122c</load_address>
         <run_address>0x122c</run_address>
         <size>0x58</size>
         <input_file_ref idref="fl-2"/>
      </object_component>
      <object_component id="oc-283">
         <name>.text:I2CMWrite8</name>
         <load_address>0x1284</load_address>
         <run_address>0x1284</run_address>
         <size>0x58</size>
         <input_file_ref idref="fl-146"/>
      </object_component>
      <object_component id="oc-243">
         <name>.text:MPU9150ReadModifyWrite</name>
         <load_address>0x12dc</load_address>
         <run_address>0x12dc</run_address>
         <size>0x54</size>
         <input_file_ref idref="fl-145"/>
      </object_component>
      <object_component id="oc-152">
         <name>.text:I2CMStateWriteFinal</name>
         <load_address>0x1330</load_address>
         <run_address>0x1330</run_address>
         <size>0x4e</size>
         <input_file_ref idref="fl-146"/>
      </object_component>
      <object_component id="oc-13a">
         <name>.text:I2CMStateReadNext</name>
         <load_address>0x137e</load_address>
         <run_address>0x137e</run_address>
         <size>0x48</size>
         <input_file_ref idref="fl-146"/>
      </object_component>
      <object_component id="oc-2f">
         <name>.text:NmiSR</name>
         <load_address>0x13c6</load_address>
         <run_address>0x13c6</run_address>
         <size>0x2</size>
         <input_file_ref idref="fl-3"/>
      </object_component>
      <object_component id="oc-224">
         <name>.text:I2CMasterInitExpClk</name>
         <load_address>0x13c8</load_address>
         <run_address>0x13c8</run_address>
         <size>0x48</size>
         <input_file_ref idref="fl-14a"/>
      </object_component>
      <object_component id="oc-11">
         <name>.text</name>
         <load_address>0x1410</load_address>
         <run_address>0x1410</run_address>
         <size>0x48</size>
         <input_file_ref idref="fl-134"/>
      </object_component>
      <object_component id="oc-158">
         <name>.text:I2CMStateWriteNext</name>
         <load_address>0x1458</load_address>
         <run_address>0x1458</run_address>
         <size>0x46</size>
         <input_file_ref idref="fl-146"/>
      </object_component>
      <object_component id="oc-122">
         <name>.text:I2CMStateCallback</name>
         <load_address>0x149e</load_address>
         <run_address>0x149e</run_address>
         <size>0x44</size>
         <input_file_ref idref="fl-146"/>
      </object_component>
      <object_component id="oc-c0">
         <name>.text</name>
         <load_address>0x14e4</load_address>
         <run_address>0x14e4</run_address>
         <size>0x44</size>
         <input_file_ref idref="fl-140"/>
      </object_component>
      <object_component id="oc-5b">
         <name>.text</name>
         <load_address>0x1528</load_address>
         <run_address>0x1528</run_address>
         <size>0x44</size>
         <input_file_ref idref="fl-138"/>
      </object_component>
      <object_component id="oc-2cb">
         <name>.text</name>
         <load_address>0x156c</load_address>
         <run_address>0x156c</run_address>
         <size>0x42</size>
         <input_file_ref idref="fl-13c"/>
      </object_component>
      <object_component id="oc-134">
         <name>.text:I2CMStateReadFinal</name>
         <load_address>0x15ae</load_address>
         <run_address>0x15ae</run_address>
         <size>0x3e</size>
         <input_file_ref idref="fl-146"/>
      </object_component>
      <object_component id="oc-12e">
         <name>.text:I2CMStateReadPause</name>
         <load_address>0x15ec</load_address>
         <run_address>0x15ec</run_address>
         <size>0x3e</size>
         <input_file_ref idref="fl-146"/>
      </object_component>
      <object_component id="oc-175">
         <name>.text:ConfigureMPU9150Interrupt</name>
         <load_address>0x162c</load_address>
         <run_address>0x162c</run_address>
         <size>0x3c</size>
         <input_file_ref idref="fl-2"/>
      </object_component>
      <object_component id="oc-2a1">
         <name>.text:I2CMWrite8Callback</name>
         <load_address>0x1668</load_address>
         <run_address>0x1668</run_address>
         <size>0x38</size>
         <input_file_ref idref="fl-146"/>
      </object_component>
      <object_component id="oc-17b">
         <name>.text:SetUpPeripheralsInterrupts</name>
         <load_address>0x16a0</load_address>
         <run_address>0x16a0</run_address>
         <size>0x38</size>
         <input_file_ref idref="fl-2"/>
      </object_component>
      <object_component id="oc-181">
         <name>.text:I2CMInit</name>
         <load_address>0x16d8</load_address>
         <run_address>0x16d8</run_address>
         <size>0x34</size>
         <input_file_ref idref="fl-146"/>
      </object_component>
      <object_component id="oc-41">
         <name>.text:IntGPIOb</name>
         <load_address>0x170c</load_address>
         <run_address>0x170c</run_address>
         <size>0x34</size>
         <input_file_ref idref="fl-2"/>
      </object_component>
      <object_component id="oc-2bd">
         <name>.text:I2CMTransferResume</name>
         <load_address>0x1740</load_address>
         <run_address>0x1740</run_address>
         <size>0x30</size>
         <input_file_ref idref="fl-146"/>
      </object_component>
      <object_component id="oc-237">
         <name>.text:MPU9150AppI2CWait</name>
         <load_address>0x1770</load_address>
         <run_address>0x1770</run_address>
         <size>0x2c</size>
         <input_file_ref idref="fl-2"/>
      </object_component>
      <object_component id="oc-263">
         <name>.text:GPIODirModeSet</name>
         <load_address>0x179c</load_address>
         <run_address>0x179c</run_address>
         <size>0x2a</size>
         <input_file_ref idref="fl-143"/>
      </object_component>
      <object_component id="oc-140">
         <name>.text:I2CMStateReadFirst</name>
         <load_address>0x17c6</load_address>
         <run_address>0x17c6</run_address>
         <size>0x2a</size>
         <input_file_ref idref="fl-146"/>
      </object_component>
      <object_component id="oc-146">
         <name>.text:I2CMStateReadOne</name>
         <load_address>0x17f0</load_address>
         <run_address>0x17f0</run_address>
         <size>0x20</size>
         <input_file_ref idref="fl-146"/>
      </object_component>
      <object_component id="oc-299">
         <name>.text:UARTprintf</name>
         <load_address>0x1810</load_address>
         <run_address>0x1810</run_address>
         <size>0x1a</size>
         <input_file_ref idref="fl-4"/>
      </object_component>
      <object_component id="oc-128">
         <name>.text:I2CMStateReadWait</name>
         <load_address>0x182a</load_address>
         <run_address>0x182a</run_address>
         <size>0x18</size>
         <input_file_ref idref="fl-146"/>
      </object_component>
      <object_component id="oc-2d4">
         <name>.text:IsBufferFull</name>
         <load_address>0x1842</load_address>
         <run_address>0x1842</run_address>
         <size>0x18</size>
         <input_file_ref idref="fl-4"/>
      </object_component>
      <object_component id="oc-9e">
         <name>.text:MPU9150AppCallback</name>
         <load_address>0x185c</load_address>
         <run_address>0x185c</run_address>
         <size>0x18</size>
         <input_file_ref idref="fl-2"/>
      </object_component>
      <object_component id="oc-55">
         <name>.text</name>
         <load_address>0x1874</load_address>
         <run_address>0x1874</run_address>
         <size>0x18</size>
         <input_file_ref idref="fl-13e"/>
      </object_component>
      <object_component id="oc-19b">
         <name>.text</name>
         <load_address>0x188c</load_address>
         <run_address>0x188c</run_address>
         <size>0x14</size>
         <input_file_ref idref="fl-13d"/>
      </object_component>
      <object_component id="oc-215">
         <name>.text:GPIOPinTypeI2CSCL</name>
         <load_address>0x18a0</load_address>
         <run_address>0x18a0</run_address>
         <size>0x12</size>
         <input_file_ref idref="fl-143"/>
      </object_component>
      <object_component id="oc-1c">
         <name>.text:decompress:ZI</name>
         <load_address>0x18b2</load_address>
         <run_address>0x18b2</run_address>
         <size>0x12</size>
         <input_file_ref idref="fl-137"/>
      </object_component>
      <object_component id="oc-89">
         <name>.text:GPIOIntStatus</name>
         <load_address>0x18c4</load_address>
         <run_address>0x18c4</run_address>
         <size>0xe</size>
         <input_file_ref idref="fl-143"/>
      </object_component>
      <object_component id="oc-2da">
         <name>.text:IsBufferEmpty</name>
         <load_address>0x18d2</load_address>
         <run_address>0x18d2</run_address>
         <size>0xe</size>
         <input_file_ref idref="fl-4"/>
      </object_component>
      <object_component id="oc-16">
         <name>.text:decompress:none</name>
         <load_address>0x18e0</load_address>
         <run_address>0x18e0</run_address>
         <size>0xe</size>
         <input_file_ref idref="fl-135"/>
      </object_component>
      <object_component id="oc-21c">
         <name>.text:GPIOIntEnable</name>
         <load_address>0x18ee</load_address>
         <run_address>0x18ee</run_address>
         <size>0xc</size>
         <input_file_ref idref="fl-143"/>
      </object_component>
      <object_component id="oc-1b7">
         <name>.text:IntTrigger</name>
         <load_address>0x18fc</load_address>
         <run_address>0x18fc</run_address>
         <size>0xc</size>
         <input_file_ref idref="fl-142"/>
      </object_component>
      <object_component id="oc-47">
         <name>.text:MPU9150I2CIntHandler</name>
         <load_address>0x1908</load_address>
         <run_address>0x1908</run_address>
         <size>0xc</size>
         <input_file_ref idref="fl-2"/>
      </object_component>
      <object_component id="oc-271">
         <name>.text:I2CMasterEnable</name>
         <load_address>0x1914</load_address>
         <run_address>0x1914</run_address>
         <size>0xa</size>
         <input_file_ref idref="fl-14a"/>
      </object_component>
      <object_component id="oc-116">
         <name>.text:I2CMasterIntClear</name>
         <load_address>0x191e</load_address>
         <run_address>0x191e</run_address>
         <size>0x8</size>
         <input_file_ref idref="fl-14a"/>
      </object_component>
      <object_component id="oc-22a">
         <name>.text:I2CMasterIntEnableEx</name>
         <load_address>0x1926</load_address>
         <run_address>0x1926</run_address>
         <size>0x8</size>
         <input_file_ref idref="fl-14a"/>
      </object_component>
      <object_component id="oc-1f0">
         <name>.text:I2CMasterSlaveAddrSet</name>
         <load_address>0x192e</load_address>
         <run_address>0x192e</run_address>
         <size>0x8</size>
         <input_file_ref idref="fl-14a"/>
      </object_component>
      <object_component id="oc-8f">
         <name>.text:GPIOIntClear</name>
         <load_address>0x1936</load_address>
         <run_address>0x1936</run_address>
         <size>0x6</size>
         <input_file_ref idref="fl-143"/>
      </object_component>
      <object_component id="oc-29">
         <name>.text:ResetISR</name>
         <load_address>0x193c</load_address>
         <run_address>0x193c</run_address>
         <size>0x6</size>
         <input_file_ref idref="fl-3"/>
      </object_component>
      <object_component id="oc-22">
         <name>.text:decompress:rle24</name>
         <load_address>0x1942</load_address>
         <run_address>0x1942</run_address>
         <size>0x6</size>
         <input_file_ref idref="fl-136"/>
      </object_component>
      <object_component id="oc-11c">
         <name>.text:I2CMasterControl</name>
         <load_address>0x1948</load_address>
         <run_address>0x1948</run_address>
         <size>0x4</size>
         <input_file_ref idref="fl-14a"/>
      </object_component>
      <object_component id="oc-1e6">
         <name>.text:I2CMasterDataGet</name>
         <load_address>0x194c</load_address>
         <run_address>0x194c</run_address>
         <size>0x4</size>
         <input_file_ref idref="fl-14a"/>
      </object_component>
      <object_component id="oc-1f8">
         <name>.text:I2CMasterDataPut</name>
         <load_address>0x1950</load_address>
         <run_address>0x1950</run_address>
         <size>0x4</size>
         <input_file_ref idref="fl-14a"/>
      </object_component>
      <object_component id="oc-256">
         <name>.const</name>
         <load_address>0x1954</load_address>
         <run_address>0x1954</run_address>
         <size>0x70</size>
         <input_file_ref idref="fl-142"/>
      </object_component>
      <object_component id="oc-2f4">
         <name>.const</name>
         <load_address>0x19c4</load_address>
         <run_address>0x19c4</run_address>
         <size>0x28</size>
         <input_file_ref idref="fl-4"/>
      </object_component>
      <object_component id="oc-2fe">
         <name>.const:.string</name>
         <load_address>0x19ec</load_address>
         <run_address>0x19ec</run_address>
         <size>0x12</size>
         <input_file_ref idref="fl-4"/>
      </object_component>
      <object_component id="oc-31f">
         <name>.cinit..data.load</name>
         <load_address>0x1a00</load_address>
         <run_address>0x1a00</run_address>
         <size>0x12</size>
      </object_component>
      <object_component id="oc-31d">
         <name>__TI_handler_table</name>
         <load_address>0x1a14</load_address>
         <run_address>0x1a14</run_address>
         <size>0xc</size>
      </object_component>
      <object_component id="oc-320">
         <name>.cinit..bss.load</name>
         <load_address>0x1a20</load_address>
         <run_address>0x1a20</run_address>
         <size>0x8</size>
      </object_component>
      <object_component id="oc-31e">
         <name>__TI_cinit_table</name>
         <load_address>0x1a28</load_address>
         <run_address>0x1a28</run_address>
         <size>0x10</size>
      </object_component>
      <object_component id="oc-61">
         <name>.data</name>
         <load_address>0x200009c4</load_address>
         <run_address>0x200009c4</run_address>
         <size>0x4</size>
         <input_file_ref idref="fl-13b"/>
      </object_component>
      <object_component id="oc-cf">
         <name>.data</name>
         <load_address>0x200009b4</load_address>
         <run_address>0x200009b4</run_address>
         <size>0x8</size>
         <input_file_ref idref="fl-13d"/>
      </object_component>
      <object_component id="oc-d2">
         <name>.data</name>
         <load_address>0x200009bc</load_address>
         <run_address>0x200009bc</run_address>
         <size>0x8</size>
         <input_file_ref idref="fl-138"/>
      </object_component>
      <object_component id="oc-2e6">
         <name>.data</name>
         <load_address>0x2000099c</load_address>
         <run_address>0x2000099c</run_address>
         <size>0x15</size>
         <input_file_ref idref="fl-4"/>
      </object_component>
      <object_component id="oc-9b">
         <name>.bss:g_sMPU9150Inst</name>
         <uninitialized>true</uninitialized>
         <run_address>0x20000524</run_address>
         <size>0x6c</size>
         <input_file_ref idref="fl-2"/>
      </object_component>
      <object_component id="oc-b0">
         <name>.bss:g_sI2CInst</name>
         <uninitialized>true</uninitialized>
         <run_address>0x20000400</run_address>
         <size>0x124</size>
         <input_file_ref idref="fl-2"/>
      </object_component>
      <object_component id="oc-2ec">
         <name>.bss:g_pcUARTTxBuffer</name>
         <uninitialized>true</uninitialized>
         <run_address>0x20000000</run_address>
         <size>0x400</size>
         <input_file_ref idref="fl-4"/>
      </object_component>
      <object_component id="oc-281">
         <name>.common:g_vui8I2CDoneFlag</name>
         <uninitialized>true</uninitialized>
         <run_address>0x20000598</run_address>
         <size>0x4</size>
      </object_component>
      <object_component id="oc-29f">
         <name>.common:g_vui8ErrorFlag</name>
         <uninitialized>true</uninitialized>
         <run_address>0x20000594</run_address>
         <size>0x4</size>
      </object_component>
      <object_component id="oc-2f3">
         <name>.common:g_ui32PortNum</name>
         <uninitialized>true</uninitialized>
         <run_address>0x20000590</run_address>
         <size>0x4</size>
      </object_component>
      <object_component id="oc-28">
         <name>.stack</name>
         <uninitialized>true</uninitialized>
         <run_address>0x2000059c</run_address>
         <size>0x0</size>
         <input_file_ref idref="fl-134"/>
      </object_component>
      <object_component id="oc-321">
         <name>.stack</name>
         <uninitialized>true</uninitialized>
         <run_address>0x2000059c</run_address>
         <size>0x0</size>
      </object_component>
      <object_component id="oc-f">
         <name>.debug_info</name>
         <load_address>0x0</load_address>
         <run_address>0x0</run_address>
         <size>0xe8</size>
         <input_file_ref idref="fl-3"/>
      </object_component>
      <object_component id="oc-12">
         <name>.debug_info</name>
         <load_address>0xe8</load_address>
         <run_address>0xe8</run_address>
         <size>0xf2</size>
         <input_file_ref idref="fl-134"/>
      </object_component>
      <object_component id="oc-1a">
         <name>.debug_info</name>
         <load_address>0x1da</load_address>
         <run_address>0x1da</run_address>
         <size>0x180</size>
         <input_file_ref idref="fl-135"/>
      </object_component>
      <object_component id="oc-1f">
         <name>.debug_info</name>
         <load_address>0x35a</load_address>
         <run_address>0x35a</run_address>
         <size>0x16b</size>
         <input_file_ref idref="fl-137"/>
      </object_component>
      <object_component id="oc-25">
         <name>.debug_info</name>
         <load_address>0x4c5</load_address>
         <run_address>0x4c5</run_address>
         <size>0x167</size>
         <input_file_ref idref="fl-136"/>
      </object_component>
      <object_component id="oc-2a">
         <name>.debug_info</name>
         <load_address>0x62c</load_address>
         <run_address>0x62c</run_address>
         <size>0x118</size>
         <input_file_ref idref="fl-3"/>
      </object_component>
      <object_component id="oc-31">
         <name>.debug_info</name>
         <load_address>0x744</load_address>
         <run_address>0x744</run_address>
         <size>0x109</size>
         <input_file_ref idref="fl-3"/>
      </object_component>
      <object_component id="oc-37">
         <name>.debug_info</name>
         <load_address>0x84d</load_address>
         <run_address>0x84d</run_address>
         <size>0x10f</size>
         <input_file_ref idref="fl-3"/>
      </object_component>
      <object_component id="oc-3d">
         <name>.debug_info</name>
         <load_address>0x95c</load_address>
         <run_address>0x95c</run_address>
         <size>0x121</size>
         <input_file_ref idref="fl-3"/>
      </object_component>
      <object_component id="oc-43">
         <name>.debug_info</name>
         <load_address>0xa7d</load_address>
         <run_address>0xa7d</run_address>
         <size>0x17a</size>
         <input_file_ref idref="fl-2"/>
      </object_component>
      <object_component id="oc-49">
         <name>.debug_info</name>
         <load_address>0xbf7</load_address>
         <run_address>0xbf7</run_address>
         <size>0x14c</size>
         <input_file_ref idref="fl-2"/>
      </object_component>
      <object_component id="oc-4f">
         <name>.debug_info</name>
         <load_address>0xd43</load_address>
         <run_address>0xd43</run_address>
         <size>0x14b</size>
         <input_file_ref idref="fl-3"/>
      </object_component>
      <object_component id="oc-51">
         <name>.debug_info</name>
         <load_address>0xe8e</load_address>
         <run_address>0xe8e</run_address>
         <size>0x13a</size>
         <input_file_ref idref="fl-13f"/>
      </object_component>
      <object_component id="oc-56">
         <name>.debug_info</name>
         <load_address>0xfc8</load_address>
         <run_address>0xfc8</run_address>
         <size>0x11d</size>
         <input_file_ref idref="fl-13e"/>
      </object_component>
      <object_component id="oc-5d">
         <name>.debug_info</name>
         <load_address>0x10e5</load_address>
         <run_address>0x10e5</run_address>
         <size>0x1ae</size>
         <input_file_ref idref="fl-138"/>
      </object_component>
      <object_component id="oc-62">
         <name>.debug_info</name>
         <load_address>0x1293</load_address>
         <run_address>0x1293</run_address>
         <size>0xbf</size>
         <input_file_ref idref="fl-13b"/>
      </object_component>
      <object_component id="oc-66">
         <name>.debug_info</name>
         <load_address>0x1352</load_address>
         <run_address>0x1352</run_address>
         <size>0xcb</size>
         <input_file_ref idref="fl-13a"/>
      </object_component>
      <object_component id="oc-6b">
         <name>.debug_info</name>
         <load_address>0x141d</load_address>
         <run_address>0x141d</run_address>
         <size>0x46</size>
         <input_file_ref idref="fl-135"/>
      </object_component>
      <object_component id="oc-70">
         <name>.debug_info</name>
         <load_address>0x1463</load_address>
         <run_address>0x1463</run_address>
         <size>0xee</size>
         <input_file_ref idref="fl-135"/>
      </object_component>
      <object_component id="oc-72">
         <name>.debug_info</name>
         <load_address>0x1551</load_address>
         <run_address>0x1551</run_address>
         <size>0x46</size>
         <input_file_ref idref="fl-137"/>
      </object_component>
      <object_component id="oc-77">
         <name>.debug_info</name>
         <load_address>0x1597</load_address>
         <run_address>0x1597</run_address>
         <size>0xae</size>
         <input_file_ref idref="fl-137"/>
      </object_component>
      <object_component id="oc-7a">
         <name>.debug_info</name>
         <load_address>0x1645</load_address>
         <run_address>0x1645</run_address>
         <size>0x1f0</size>
         <input_file_ref idref="fl-136"/>
      </object_component>
      <object_component id="oc-7f">
         <name>.debug_info</name>
         <load_address>0x1835</load_address>
         <run_address>0x1835</run_address>
         <size>0xb8</size>
         <input_file_ref idref="fl-136"/>
      </object_component>
      <object_component id="oc-80">
         <name>.debug_info</name>
         <load_address>0x18ed</load_address>
         <run_address>0x18ed</run_address>
         <size>0x39</size>
         <input_file_ref idref="fl-136"/>
      </object_component>
      <object_component id="oc-8d">
         <name>.debug_info</name>
         <load_address>0x1926</load_address>
         <run_address>0x1926</run_address>
         <size>0x1e3</size>
         <input_file_ref idref="fl-143"/>
      </object_component>
      <object_component id="oc-93">
         <name>.debug_info</name>
         <load_address>0x1b09</load_address>
         <run_address>0x1b09</run_address>
         <size>0x1f1</size>
         <input_file_ref idref="fl-143"/>
      </object_component>
      <object_component id="oc-97">
         <name>.debug_info</name>
         <load_address>0x1cfa</load_address>
         <run_address>0x1cfa</run_address>
         <size>0x254</size>
         <input_file_ref idref="fl-145"/>
      </object_component>
      <object_component id="oc-9c">
         <name>.debug_info</name>
         <load_address>0x1f4e</load_address>
         <run_address>0x1f4e</run_address>
         <size>0xf0</size>
         <input_file_ref idref="fl-2"/>
      </object_component>
      <object_component id="oc-9f">
         <name>.debug_info</name>
         <load_address>0x203e</load_address>
         <run_address>0x203e</run_address>
         <size>0x193</size>
         <input_file_ref idref="fl-2"/>
      </object_component>
      <object_component id="oc-a5">
         <name>.debug_info</name>
         <load_address>0x21d1</load_address>
         <run_address>0x21d1</run_address>
         <size>0x8b</size>
         <input_file_ref idref="fl-2"/>
      </object_component>
      <object_component id="oc-ab">
         <name>.debug_info</name>
         <load_address>0x225c</load_address>
         <run_address>0x225c</run_address>
         <size>0x418</size>
         <input_file_ref idref="fl-146"/>
      </object_component>
      <object_component id="oc-b1">
         <name>.debug_info</name>
         <load_address>0x2674</load_address>
         <run_address>0x2674</run_address>
         <size>0xe8</size>
         <input_file_ref idref="fl-2"/>
      </object_component>
      <object_component id="oc-b6">
         <name>.debug_info</name>
         <load_address>0x275c</load_address>
         <run_address>0x275c</run_address>
         <size>0x84</size>
         <input_file_ref idref="fl-3"/>
      </object_component>
      <object_component id="oc-bb">
         <name>.debug_info</name>
         <load_address>0x27e0</load_address>
         <run_address>0x27e0</run_address>
         <size>0x18b</size>
         <input_file_ref idref="fl-2"/>
      </object_component>
      <object_component id="oc-c2">
         <name>.debug_info</name>
         <load_address>0x296b</load_address>
         <run_address>0x296b</run_address>
         <size>0x14c</size>
         <input_file_ref idref="fl-140"/>
      </object_component>
      <object_component id="oc-c9">
         <name>.debug_info</name>
         <load_address>0x2ab7</load_address>
         <run_address>0x2ab7</run_address>
         <size>0x1c2</size>
         <input_file_ref idref="fl-2"/>
      </object_component>
      <object_component id="oc-ce">
         <name>.debug_info</name>
         <load_address>0x2c79</load_address>
         <run_address>0x2c79</run_address>
         <size>0x11c</size>
         <input_file_ref idref="fl-13e"/>
      </object_component>
      <object_component id="oc-d0">
         <name>.debug_info</name>
         <load_address>0x2d95</load_address>
         <run_address>0x2d95</run_address>
         <size>0xc9</size>
         <input_file_ref idref="fl-13d"/>
      </object_component>
      <object_component id="oc-d3">
         <name>.debug_info</name>
         <load_address>0x2e5e</load_address>
         <run_address>0x2e5e</run_address>
         <size>0xec</size>
         <input_file_ref idref="fl-138"/>
      </object_component>
      <object_component id="oc-d9">
         <name>.debug_info</name>
         <load_address>0x2f4a</load_address>
         <run_address>0x2f4a</run_address>
         <size>0x2c</size>
         <input_file_ref idref="fl-135"/>
      </object_component>
      <object_component id="oc-e0">
         <name>.debug_info</name>
         <load_address>0x2f76</load_address>
         <run_address>0x2f76</run_address>
         <size>0x2c</size>
         <input_file_ref idref="fl-137"/>
      </object_component>
      <object_component id="oc-eb">
         <name>.debug_info</name>
         <load_address>0x2fa2</load_address>
         <run_address>0x2fa2</run_address>
         <size>0x18b</size>
         <input_file_ref idref="fl-141"/>
      </object_component>
      <object_component id="oc-f0">
         <name>.debug_info</name>
         <load_address>0x312d</load_address>
         <run_address>0x312d</run_address>
         <size>0x90</size>
         <input_file_ref idref="fl-141"/>
      </object_component>
      <object_component id="oc-f5">
         <name>.debug_info</name>
         <load_address>0x31bd</load_address>
         <run_address>0x31bd</run_address>
         <size>0x1d7</size>
         <input_file_ref idref="fl-143"/>
      </object_component>
      <object_component id="oc-f8">
         <name>.debug_info</name>
         <load_address>0x3394</load_address>
         <run_address>0x3394</run_address>
         <size>0x3e8</size>
         <input_file_ref idref="fl-146"/>
      </object_component>
      <object_component id="oc-ff">
         <name>.debug_info</name>
         <load_address>0x377c</load_address>
         <run_address>0x377c</run_address>
         <size>0x224</size>
         <input_file_ref idref="fl-145"/>
      </object_component>
      <object_component id="oc-104">
         <name>.debug_info</name>
         <load_address>0x39a0</load_address>
         <run_address>0x39a0</run_address>
         <size>0x18b</size>
         <input_file_ref idref="fl-145"/>
      </object_component>
      <object_component id="oc-109">
         <name>.debug_info</name>
         <load_address>0x3b2b</load_address>
         <run_address>0x3b2b</run_address>
         <size>0x348</size>
         <input_file_ref idref="fl-145"/>
      </object_component>
      <object_component id="oc-10c">
         <name>.debug_info</name>
         <load_address>0x3e73</load_address>
         <run_address>0x3e73</run_address>
         <size>0x16c</size>
         <input_file_ref idref="fl-2"/>
      </object_component>
      <object_component id="oc-112">
         <name>.debug_info</name>
         <load_address>0x3fdf</load_address>
         <run_address>0x3fdf</run_address>
         <size>0x581</size>
         <input_file_ref idref="fl-2"/>
      </object_component>
      <object_component id="oc-117">
         <name>.debug_info</name>
         <load_address>0x4560</load_address>
         <run_address>0x4560</run_address>
         <size>0x1b6</size>
         <input_file_ref idref="fl-14a"/>
      </object_component>
      <object_component id="oc-11e">
         <name>.debug_info</name>
         <load_address>0x4716</load_address>
         <run_address>0x4716</run_address>
         <size>0x1e2</size>
         <input_file_ref idref="fl-14a"/>
      </object_component>
      <object_component id="oc-123">
         <name>.debug_info</name>
         <load_address>0x48f8</load_address>
         <run_address>0x48f8</run_address>
         <size>0x273</size>
         <input_file_ref idref="fl-146"/>
      </object_component>
      <object_component id="oc-129">
         <name>.debug_info</name>
         <load_address>0x4b6b</load_address>
         <run_address>0x4b6b</run_address>
         <size>0x205</size>
         <input_file_ref idref="fl-146"/>
      </object_component>
      <object_component id="oc-12f">
         <name>.debug_info</name>
         <load_address>0x4d70</load_address>
         <run_address>0x4d70</run_address>
         <size>0x21e</size>
         <input_file_ref idref="fl-146"/>
      </object_component>
      <object_component id="oc-135">
         <name>.debug_info</name>
         <load_address>0x4f8e</load_address>
         <run_address>0x4f8e</run_address>
         <size>0x22b</size>
         <input_file_ref idref="fl-146"/>
      </object_component>
      <object_component id="oc-13b">
         <name>.debug_info</name>
         <load_address>0x51b9</load_address>
         <run_address>0x51b9</run_address>
         <size>0x229</size>
         <input_file_ref idref="fl-146"/>
      </object_component>
      <object_component id="oc-141">
         <name>.debug_info</name>
         <load_address>0x53e2</load_address>
         <run_address>0x53e2</run_address>
         <size>0x223</size>
         <input_file_ref idref="fl-146"/>
      </object_component>
      <object_component id="oc-147">
         <name>.debug_info</name>
         <load_address>0x5605</load_address>
         <run_address>0x5605</run_address>
         <size>0x21f</size>
         <input_file_ref idref="fl-146"/>
      </object_component>
      <object_component id="oc-14d">
         <name>.debug_info</name>
         <load_address>0x5824</load_address>
         <run_address>0x5824</run_address>
         <size>0x24e</size>
         <input_file_ref idref="fl-146"/>
      </object_component>
      <object_component id="oc-153">
         <name>.debug_info</name>
         <load_address>0x5a72</load_address>
         <run_address>0x5a72</run_address>
         <size>0x244</size>
         <input_file_ref idref="fl-146"/>
      </object_component>
      <object_component id="oc-159">
         <name>.debug_info</name>
         <load_address>0x5cb6</load_address>
         <run_address>0x5cb6</run_address>
         <size>0x22b</size>
         <input_file_ref idref="fl-146"/>
      </object_component>
      <object_component id="oc-15f">
         <name>.debug_info</name>
         <load_address>0x5ee1</load_address>
         <run_address>0x5ee1</run_address>
         <size>0x291</size>
         <input_file_ref idref="fl-146"/>
      </object_component>
      <object_component id="oc-165">
         <name>.debug_info</name>
         <load_address>0x6172</load_address>
         <run_address>0x6172</run_address>
         <size>0x3f7</size>
         <input_file_ref idref="fl-146"/>
      </object_component>
      <object_component id="oc-168">
         <name>.debug_info</name>
         <load_address>0x6569</load_address>
         <run_address>0x6569</run_address>
         <size>0x4e6</size>
         <input_file_ref idref="fl-2"/>
      </object_component>
      <object_component id="oc-16e">
         <name>.debug_info</name>
         <load_address>0x6a4f</load_address>
         <run_address>0x6a4f</run_address>
         <size>0x149</size>
         <input_file_ref idref="fl-140"/>
      </object_component>
      <object_component id="oc-170">
         <name>.debug_info</name>
         <load_address>0x6b98</load_address>
         <run_address>0x6b98</run_address>
         <size>0x167</size>
         <input_file_ref idref="fl-2"/>
      </object_component>
      <object_component id="oc-176">
         <name>.debug_info</name>
         <load_address>0x6cff</load_address>
         <run_address>0x6cff</run_address>
         <size>0x16f</size>
         <input_file_ref idref="fl-2"/>
      </object_component>
      <object_component id="oc-17c">
         <name>.debug_info</name>
         <load_address>0x6e6e</load_address>
         <run_address>0x6e6e</run_address>
         <size>0x164</size>
         <input_file_ref idref="fl-2"/>
      </object_component>
      <object_component id="oc-182">
         <name>.debug_info</name>
         <load_address>0x6fd2</load_address>
         <run_address>0x6fd2</run_address>
         <size>0x2b4</size>
         <input_file_ref idref="fl-146"/>
      </object_component>
      <object_component id="oc-189">
         <name>.debug_info</name>
         <load_address>0x7286</load_address>
         <run_address>0x7286</run_address>
         <size>0x220</size>
         <input_file_ref idref="fl-2"/>
      </object_component>
      <object_component id="oc-18f">
         <name>.debug_info</name>
         <load_address>0x74a6</load_address>
         <run_address>0x74a6</run_address>
         <size>0x212</size>
         <input_file_ref idref="fl-2"/>
      </object_component>
      <object_component id="oc-196">
         <name>.debug_info</name>
         <load_address>0x76b8</load_address>
         <run_address>0x76b8</run_address>
         <size>0x5e</size>
         <input_file_ref idref="fl-13e"/>
      </object_component>
      <object_component id="oc-19f">
         <name>.debug_info</name>
         <load_address>0x7716</load_address>
         <run_address>0x7716</run_address>
         <size>0x1d5</size>
         <input_file_ref idref="fl-13d"/>
      </object_component>
      <object_component id="oc-1a3">
         <name>.debug_info</name>
         <load_address>0x78eb</load_address>
         <run_address>0x78eb</run_address>
         <size>0xda</size>
         <input_file_ref idref="fl-13d"/>
      </object_component>
      <object_component id="oc-1a7">
         <name>.debug_info</name>
         <load_address>0x79c5</load_address>
         <run_address>0x79c5</run_address>
         <size>0x142</size>
         <input_file_ref idref="fl-138"/>
      </object_component>
      <object_component id="oc-1ac">
         <name>.debug_info</name>
         <load_address>0x7b07</load_address>
         <run_address>0x7b07</run_address>
         <size>0x205</size>
         <input_file_ref idref="fl-142"/>
      </object_component>
      <object_component id="oc-1b2">
         <name>.debug_info</name>
         <load_address>0x7d0c</load_address>
         <run_address>0x7d0c</run_address>
         <size>0x1ce</size>
         <input_file_ref idref="fl-142"/>
      </object_component>
      <object_component id="oc-1b8">
         <name>.debug_info</name>
         <load_address>0x7eda</load_address>
         <run_address>0x7eda</run_address>
         <size>0x1ce</size>
         <input_file_ref idref="fl-142"/>
      </object_component>
      <object_component id="oc-1be">
         <name>.debug_info</name>
         <load_address>0x80a8</load_address>
         <run_address>0x80a8</run_address>
         <size>0x1cc</size>
         <input_file_ref idref="fl-142"/>
      </object_component>
      <object_component id="oc-1c5">
         <name>.debug_info</name>
         <load_address>0x8274</load_address>
         <run_address>0x8274</run_address>
         <size>0x89</size>
         <input_file_ref idref="fl-145"/>
      </object_component>
      <object_component id="oc-1cc">
         <name>.debug_info</name>
         <load_address>0x82fd</load_address>
         <run_address>0x82fd</run_address>
         <size>0x4e6</size>
         <input_file_ref idref="fl-145"/>
      </object_component>
      <object_component id="oc-1d1">
         <name>.debug_info</name>
         <load_address>0x87e3</load_address>
         <run_address>0x87e3</run_address>
         <size>0x108</size>
         <input_file_ref idref="fl-145"/>
      </object_component>
      <object_component id="oc-1d6">
         <name>.debug_info</name>
         <load_address>0x88eb</load_address>
         <run_address>0x88eb</run_address>
         <size>0x16c</size>
         <input_file_ref idref="fl-145"/>
      </object_component>
      <object_component id="oc-1db">
         <name>.debug_info</name>
         <load_address>0x8a57</load_address>
         <run_address>0x8a57</run_address>
         <size>0x108</size>
         <input_file_ref idref="fl-2"/>
      </object_component>
      <object_component id="oc-1e3">
         <name>.debug_info</name>
         <load_address>0x8b5f</load_address>
         <run_address>0x8b5f</run_address>
         <size>0x1d8</size>
         <input_file_ref idref="fl-14a"/>
      </object_component>
      <object_component id="oc-1e8">
         <name>.debug_info</name>
         <load_address>0x8d37</load_address>
         <run_address>0x8d37</run_address>
         <size>0x1b8</size>
         <input_file_ref idref="fl-14a"/>
      </object_component>
      <object_component id="oc-1f1">
         <name>.debug_info</name>
         <load_address>0x8eef</load_address>
         <run_address>0x8eef</run_address>
         <size>0x232</size>
         <input_file_ref idref="fl-14a"/>
      </object_component>
      <object_component id="oc-1fa">
         <name>.debug_info</name>
         <load_address>0x9121</load_address>
         <run_address>0x9121</run_address>
         <size>0x1e2</size>
         <input_file_ref idref="fl-14a"/>
      </object_component>
      <object_component id="oc-204">
         <name>.debug_info</name>
         <load_address>0x9303</load_address>
         <run_address>0x9303</run_address>
         <size>0x90</size>
         <input_file_ref idref="fl-146"/>
      </object_component>
      <object_component id="oc-209">
         <name>.debug_info</name>
         <load_address>0x9393</load_address>
         <run_address>0x9393</run_address>
         <size>0x4e6</size>
         <input_file_ref idref="fl-146"/>
      </object_component>
      <object_component id="oc-210">
         <name>.debug_info</name>
         <load_address>0x9879</load_address>
         <run_address>0x9879</run_address>
         <size>0xcd</size>
         <input_file_ref idref="fl-140"/>
      </object_component>
      <object_component id="oc-219">
         <name>.debug_info</name>
         <load_address>0x9946</load_address>
         <run_address>0x9946</run_address>
         <size>0x1e3</size>
         <input_file_ref idref="fl-143"/>
      </object_component>
      <object_component id="oc-220">
         <name>.debug_info</name>
         <load_address>0x9b29</load_address>
         <run_address>0x9b29</run_address>
         <size>0x1f3</size>
         <input_file_ref idref="fl-143"/>
      </object_component>
      <object_component id="oc-226">
         <name>.debug_info</name>
         <load_address>0x9d1c</load_address>
         <run_address>0x9d1c</run_address>
         <size>0x24c</size>
         <input_file_ref idref="fl-14a"/>
      </object_component>
      <object_component id="oc-22b">
         <name>.debug_info</name>
         <load_address>0x9f68</load_address>
         <run_address>0x9f68</run_address>
         <size>0x1fe</size>
         <input_file_ref idref="fl-14a"/>
      </object_component>
      <object_component id="oc-233">
         <name>.debug_info</name>
         <load_address>0xa166</load_address>
         <run_address>0xa166</run_address>
         <size>0x298</size>
         <input_file_ref idref="fl-145"/>
      </object_component>
      <object_component id="oc-239">
         <name>.debug_info</name>
         <load_address>0xa3fe</load_address>
         <run_address>0xa3fe</run_address>
         <size>0x189</size>
         <input_file_ref idref="fl-2"/>
      </object_component>
      <object_component id="oc-23f">
         <name>.debug_info</name>
         <load_address>0xa587</load_address>
         <run_address>0xa587</run_address>
         <size>0x29d</size>
         <input_file_ref idref="fl-145"/>
      </object_component>
      <object_component id="oc-245">
         <name>.debug_info</name>
         <load_address>0xa824</load_address>
         <run_address>0xa824</run_address>
         <size>0x29e</size>
         <input_file_ref idref="fl-145"/>
      </object_component>
      <object_component id="oc-24c">
         <name>.debug_info</name>
         <load_address>0xaac2</load_address>
         <run_address>0xaac2</run_address>
         <size>0x29c</size>
         <input_file_ref idref="fl-145"/>
      </object_component>
      <object_component id="oc-257">
         <name>.debug_info</name>
         <load_address>0xad5e</load_address>
         <run_address>0xad5e</run_address>
         <size>0x1c2</size>
         <input_file_ref idref="fl-142"/>
      </object_component>
      <object_component id="oc-25a">
         <name>.debug_info</name>
         <load_address>0xaf20</load_address>
         <run_address>0xaf20</run_address>
         <size>0x1ba</size>
         <input_file_ref idref="fl-142"/>
      </object_component>
      <object_component id="oc-264">
         <name>.debug_info</name>
         <load_address>0xb0da</load_address>
         <run_address>0xb0da</run_address>
         <size>0x217</size>
         <input_file_ref idref="fl-143"/>
      </object_component>
      <object_component id="oc-26a">
         <name>.debug_info</name>
         <load_address>0xb2f1</load_address>
         <run_address>0xb2f1</run_address>
         <size>0x312</size>
         <input_file_ref idref="fl-143"/>
      </object_component>
      <object_component id="oc-272">
         <name>.debug_info</name>
         <load_address>0xb603</load_address>
         <run_address>0xb603</run_address>
         <size>0x1b2</size>
         <input_file_ref idref="fl-14a"/>
      </object_component>
      <object_component id="oc-27c">
         <name>.debug_info</name>
         <load_address>0xb7b5</load_address>
         <run_address>0xb7b5</run_address>
         <size>0x1a3</size>
         <input_file_ref idref="fl-2"/>
      </object_component>
      <object_component id="oc-284">
         <name>.debug_info</name>
         <load_address>0xb958</load_address>
         <run_address>0xb958</run_address>
         <size>0x2ec</size>
         <input_file_ref idref="fl-146"/>
      </object_component>
      <object_component id="oc-28b">
         <name>.debug_info</name>
         <load_address>0xbc44</load_address>
         <run_address>0xbc44</run_address>
         <size>0x308</size>
         <input_file_ref idref="fl-146"/>
      </object_component>
      <object_component id="oc-29a">
         <name>.debug_info</name>
         <load_address>0xbf4c</load_address>
         <run_address>0xbf4c</run_address>
         <size>0x1d4</size>
         <input_file_ref idref="fl-4"/>
      </object_component>
      <object_component id="oc-2a2">
         <name>.debug_info</name>
         <load_address>0xc120</load_address>
         <run_address>0xc120</run_address>
         <size>0x22a</size>
         <input_file_ref idref="fl-146"/>
      </object_component>
      <object_component id="oc-2a9">
         <name>.debug_info</name>
         <load_address>0xc34a</load_address>
         <run_address>0xc34a</run_address>
         <size>0x256</size>
         <input_file_ref idref="fl-146"/>
      </object_component>
      <object_component id="oc-2b0">
         <name>.debug_info</name>
         <load_address>0xc5a0</load_address>
         <run_address>0xc5a0</run_address>
         <size>0x324</size>
         <input_file_ref idref="fl-4"/>
      </object_component>
      <object_component id="oc-2b6">
         <name>.debug_info</name>
         <load_address>0xc8c4</load_address>
         <run_address>0xc8c4</run_address>
         <size>0x1b3</size>
         <input_file_ref idref="fl-4"/>
      </object_component>
      <object_component id="oc-2b8">
         <name>.debug_info</name>
         <load_address>0xca77</load_address>
         <run_address>0xca77</run_address>
         <size>0x4e</size>
         <input_file_ref idref="fl-2"/>
      </object_component>
      <object_component id="oc-2be">
         <name>.debug_info</name>
         <load_address>0xcac5</load_address>
         <run_address>0xcac5</run_address>
         <size>0x206</size>
         <input_file_ref idref="fl-146"/>
      </object_component>
      <object_component id="oc-2c6">
         <name>.debug_info</name>
         <load_address>0xcccb</load_address>
         <run_address>0xcccb</run_address>
         <size>0x23f</size>
         <input_file_ref idref="fl-4"/>
      </object_component>
      <object_component id="oc-2cc">
         <name>.debug_info</name>
         <load_address>0xcf0a</load_address>
         <run_address>0xcf0a</run_address>
         <size>0x134</size>
         <input_file_ref idref="fl-13c"/>
      </object_component>
      <object_component id="oc-2d5">
         <name>.debug_info</name>
         <load_address>0xd03e</load_address>
         <run_address>0xd03e</run_address>
         <size>0x26c</size>
         <input_file_ref idref="fl-4"/>
      </object_component>
      <object_component id="oc-2db">
         <name>.debug_info</name>
         <load_address>0xd2aa</load_address>
         <run_address>0xd2aa</run_address>
         <size>0x23c</size>
         <input_file_ref idref="fl-4"/>
      </object_component>
      <object_component id="oc-2e1">
         <name>.debug_info</name>
         <load_address>0xd4e6</load_address>
         <run_address>0xd4e6</run_address>
         <size>0x1fc</size>
         <input_file_ref idref="fl-4"/>
      </object_component>
      <object_component id="oc-2e7">
         <name>.debug_info</name>
         <load_address>0xd6e2</load_address>
         <run_address>0xd6e2</run_address>
         <size>0x2d0</size>
         <input_file_ref idref="fl-4"/>
      </object_component>
      <object_component id="oc-2ea">
         <name>.debug_info</name>
         <load_address>0xd9b2</load_address>
         <run_address>0xd9b2</run_address>
         <size>0x1f8</size>
         <input_file_ref idref="fl-4"/>
      </object_component>
      <object_component id="oc-2ed">
         <name>.debug_info</name>
         <load_address>0xdbaa</load_address>
         <run_address>0xdbaa</run_address>
         <size>0x118</size>
         <input_file_ref idref="fl-4"/>
      </object_component>
      <object_component id="oc-2f5">
         <name>.debug_info</name>
         <load_address>0xdcc2</load_address>
         <run_address>0xdcc2</run_address>
         <size>0x18c</size>
         <input_file_ref idref="fl-4"/>
      </object_component>
      <object_component id="oc-322">
         <name>.debug_info</name>
         <load_address>0xde4e</load_address>
         <run_address>0xde4e</run_address>
         <size>0xaf</size>
      </object_component>
      <object_component id="oc-10">
         <name>.debug_pubnames</name>
         <load_address>0x0</load_address>
         <run_address>0x0</run_address>
         <size>0x23</size>
         <input_file_ref idref="fl-3"/>
      </object_component>
      <object_component id="oc-14">
         <name>.debug_pubnames</name>
         <load_address>0x23</load_address>
         <run_address>0x23</run_address>
         <size>0x1f</size>
         <input_file_ref idref="fl-134"/>
      </object_component>
      <object_component id="oc-1b">
         <name>.debug_pubnames</name>
         <load_address>0x42</load_address>
         <run_address>0x42</run_address>
         <size>0x2b</size>
         <input_file_ref idref="fl-135"/>
      </object_component>
      <object_component id="oc-20">
         <name>.debug_pubnames</name>
         <load_address>0x6d</load_address>
         <run_address>0x6d</run_address>
         <size>0x25</size>
         <input_file_ref idref="fl-137"/>
      </object_component>
      <object_component id="oc-26">
         <name>.debug_pubnames</name>
         <load_address>0x92</load_address>
         <run_address>0x92</run_address>
         <size>0x2c</size>
         <input_file_ref idref="fl-136"/>
      </object_component>
      <object_component id="oc-2b">
         <name>.debug_pubnames</name>
         <load_address>0xbe</load_address>
         <run_address>0xbe</run_address>
         <size>0x1f</size>
         <input_file_ref idref="fl-3"/>
      </object_component>
      <object_component id="oc-33">
         <name>.debug_pubnames</name>
         <load_address>0xdd</load_address>
         <run_address>0xdd</run_address>
         <size>0x1c</size>
         <input_file_ref idref="fl-3"/>
      </object_component>
      <object_component id="oc-39">
         <name>.debug_pubnames</name>
         <load_address>0xf9</load_address>
         <run_address>0xf9</run_address>
         <size>0x1f</size>
         <input_file_ref idref="fl-3"/>
      </object_component>
      <object_component id="oc-3f">
         <name>.debug_pubnames</name>
         <load_address>0x118</load_address>
         <run_address>0x118</run_address>
         <size>0x28</size>
         <input_file_ref idref="fl-3"/>
      </object_component>
      <object_component id="oc-44">
         <name>.debug_pubnames</name>
         <load_address>0x140</load_address>
         <run_address>0x140</run_address>
         <size>0x1f</size>
         <input_file_ref idref="fl-2"/>
      </object_component>
      <object_component id="oc-4a">
         <name>.debug_pubnames</name>
         <load_address>0x15f</load_address>
         <run_address>0x15f</run_address>
         <size>0x2b</size>
         <input_file_ref idref="fl-2"/>
      </object_component>
      <object_component id="oc-52">
         <name>.debug_pubnames</name>
         <load_address>0x18a</load_address>
         <run_address>0x18a</run_address>
         <size>0x37</size>
         <input_file_ref idref="fl-13f"/>
      </object_component>
      <object_component id="oc-58">
         <name>.debug_pubnames</name>
         <load_address>0x1c1</load_address>
         <run_address>0x1c1</run_address>
         <size>0x21</size>
         <input_file_ref idref="fl-13e"/>
      </object_component>
      <object_component id="oc-5e">
         <name>.debug_pubnames</name>
         <load_address>0x1e2</load_address>
         <run_address>0x1e2</run_address>
         <size>0x35</size>
         <input_file_ref idref="fl-138"/>
      </object_component>
      <object_component id="oc-63">
         <name>.debug_pubnames</name>
         <load_address>0x217</load_address>
         <run_address>0x217</run_address>
         <size>0x23</size>
         <input_file_ref idref="fl-13b"/>
      </object_component>
      <object_component id="oc-68">
         <name>.debug_pubnames</name>
         <load_address>0x23a</load_address>
         <run_address>0x23a</run_address>
         <size>0x1d</size>
         <input_file_ref idref="fl-13a"/>
      </object_component>
      <object_component id="oc-7c">
         <name>.debug_pubnames</name>
         <load_address>0x257</load_address>
         <run_address>0x257</run_address>
         <size>0x2f</size>
         <input_file_ref idref="fl-136"/>
      </object_component>
      <object_component id="oc-8e">
         <name>.debug_pubnames</name>
         <load_address>0x286</load_address>
         <run_address>0x286</run_address>
         <size>0x24</size>
         <input_file_ref idref="fl-143"/>
      </object_component>
      <object_component id="oc-94">
         <name>.debug_pubnames</name>
         <load_address>0x2aa</load_address>
         <run_address>0x2aa</run_address>
         <size>0x23</size>
         <input_file_ref idref="fl-143"/>
      </object_component>
      <object_component id="oc-99">
         <name>.debug_pubnames</name>
         <load_address>0x2cd</load_address>
         <run_address>0x2cd</run_address>
         <size>0x26</size>
         <input_file_ref idref="fl-145"/>
      </object_component>
      <object_component id="oc-9d">
         <name>.debug_pubnames</name>
         <load_address>0x2f3</load_address>
         <run_address>0x2f3</run_address>
         <size>0x25</size>
         <input_file_ref idref="fl-2"/>
      </object_component>
      <object_component id="oc-a0">
         <name>.debug_pubnames</name>
         <load_address>0x318</load_address>
         <run_address>0x318</run_address>
         <size>0x29</size>
         <input_file_ref idref="fl-2"/>
      </object_component>
      <object_component id="oc-ad">
         <name>.debug_pubnames</name>
         <load_address>0x341</load_address>
         <run_address>0x341</run_address>
         <size>0x25</size>
         <input_file_ref idref="fl-146"/>
      </object_component>
      <object_component id="oc-b2">
         <name>.debug_pubnames</name>
         <load_address>0x366</load_address>
         <run_address>0x366</run_address>
         <size>0x21</size>
         <input_file_ref idref="fl-2"/>
      </object_component>
      <object_component id="oc-c4">
         <name>.debug_pubnames</name>
         <load_address>0x387</load_address>
         <run_address>0x387</run_address>
         <size>0x1e</size>
         <input_file_ref idref="fl-140"/>
      </object_component>
      <object_component id="oc-ca">
         <name>.debug_pubnames</name>
         <load_address>0x3a5</load_address>
         <run_address>0x3a5</run_address>
         <size>0x1b</size>
         <input_file_ref idref="fl-2"/>
      </object_component>
      <object_component id="oc-d1">
         <name>.debug_pubnames</name>
         <load_address>0x3c0</load_address>
         <run_address>0x3c0</run_address>
         <size>0x28</size>
         <input_file_ref idref="fl-13d"/>
      </object_component>
      <object_component id="oc-d4">
         <name>.debug_pubnames</name>
         <load_address>0x3e8</load_address>
         <run_address>0x3e8</run_address>
         <size>0x3a</size>
         <input_file_ref idref="fl-138"/>
      </object_component>
      <object_component id="oc-fa">
         <name>.debug_pubnames</name>
         <load_address>0x422</load_address>
         <run_address>0x422</run_address>
         <size>0x22</size>
         <input_file_ref idref="fl-146"/>
      </object_component>
      <object_component id="oc-101">
         <name>.debug_pubnames</name>
         <load_address>0x444</load_address>
         <run_address>0x444</run_address>
         <size>0x26</size>
         <input_file_ref idref="fl-145"/>
      </object_component>
      <object_component id="oc-113">
         <name>.debug_pubnames</name>
         <load_address>0x46a</load_address>
         <run_address>0x46a</run_address>
         <size>0x4f</size>
         <input_file_ref idref="fl-2"/>
      </object_component>
      <object_component id="oc-119">
         <name>.debug_pubnames</name>
         <load_address>0x4b9</load_address>
         <run_address>0x4b9</run_address>
         <size>0x28</size>
         <input_file_ref idref="fl-14a"/>
      </object_component>
      <object_component id="oc-120">
         <name>.debug_pubnames</name>
         <load_address>0x4e1</load_address>
         <run_address>0x4e1</run_address>
         <size>0x27</size>
         <input_file_ref idref="fl-14a"/>
      </object_component>
      <object_component id="oc-125">
         <name>.debug_pubnames</name>
         <load_address>0x508</load_address>
         <run_address>0x508</run_address>
         <size>0x28</size>
         <input_file_ref idref="fl-146"/>
      </object_component>
      <object_component id="oc-12b">
         <name>.debug_pubnames</name>
         <load_address>0x530</load_address>
         <run_address>0x530</run_address>
         <size>0x28</size>
         <input_file_ref idref="fl-146"/>
      </object_component>
      <object_component id="oc-131">
         <name>.debug_pubnames</name>
         <load_address>0x558</load_address>
         <run_address>0x558</run_address>
         <size>0x29</size>
         <input_file_ref idref="fl-146"/>
      </object_component>
      <object_component id="oc-137">
         <name>.debug_pubnames</name>
         <load_address>0x581</load_address>
         <run_address>0x581</run_address>
         <size>0x29</size>
         <input_file_ref idref="fl-146"/>
      </object_component>
      <object_component id="oc-13c">
         <name>.debug_pubnames</name>
         <load_address>0x5aa</load_address>
         <run_address>0x5aa</run_address>
         <size>0x28</size>
         <input_file_ref idref="fl-146"/>
      </object_component>
      <object_component id="oc-143">
         <name>.debug_pubnames</name>
         <load_address>0x5d2</load_address>
         <run_address>0x5d2</run_address>
         <size>0x29</size>
         <input_file_ref idref="fl-146"/>
      </object_component>
      <object_component id="oc-148">
         <name>.debug_pubnames</name>
         <load_address>0x5fb</load_address>
         <run_address>0x5fb</run_address>
         <size>0x27</size>
         <input_file_ref idref="fl-146"/>
      </object_component>
      <object_component id="oc-14f">
         <name>.debug_pubnames</name>
         <load_address>0x622</load_address>
         <run_address>0x622</run_address>
         <size>0x2a</size>
         <input_file_ref idref="fl-146"/>
      </object_component>
      <object_component id="oc-155">
         <name>.debug_pubnames</name>
         <load_address>0x64c</load_address>
         <run_address>0x64c</run_address>
         <size>0x2a</size>
         <input_file_ref idref="fl-146"/>
      </object_component>
      <object_component id="oc-15b">
         <name>.debug_pubnames</name>
         <load_address>0x676</load_address>
         <run_address>0x676</run_address>
         <size>0x29</size>
         <input_file_ref idref="fl-146"/>
      </object_component>
      <object_component id="oc-161">
         <name>.debug_pubnames</name>
         <load_address>0x69f</load_address>
         <run_address>0x69f</run_address>
         <size>0x24</size>
         <input_file_ref idref="fl-146"/>
      </object_component>
      <object_component id="oc-171">
         <name>.debug_pubnames</name>
         <load_address>0x6c3</load_address>
         <run_address>0x6c3</run_address>
         <size>0x23</size>
         <input_file_ref idref="fl-2"/>
      </object_component>
      <object_component id="oc-177">
         <name>.debug_pubnames</name>
         <load_address>0x6e6</load_address>
         <run_address>0x6e6</run_address>
         <size>0x30</size>
         <input_file_ref idref="fl-2"/>
      </object_component>
      <object_component id="oc-17d">
         <name>.debug_pubnames</name>
         <load_address>0x716</load_address>
         <run_address>0x716</run_address>
         <size>0x31</size>
         <input_file_ref idref="fl-2"/>
      </object_component>
      <object_component id="oc-184">
         <name>.debug_pubnames</name>
         <load_address>0x747</load_address>
         <run_address>0x747</run_address>
         <size>0x1f</size>
         <input_file_ref idref="fl-146"/>
      </object_component>
      <object_component id="oc-18a">
         <name>.debug_pubnames</name>
         <load_address>0x766</load_address>
         <run_address>0x766</run_address>
         <size>0x28</size>
         <input_file_ref idref="fl-2"/>
      </object_component>
      <object_component id="oc-190">
         <name>.debug_pubnames</name>
         <load_address>0x78e</load_address>
         <run_address>0x78e</run_address>
         <size>0x27</size>
         <input_file_ref idref="fl-2"/>
      </object_component>
      <object_component id="oc-1a0">
         <name>.debug_pubnames</name>
         <load_address>0x7b5</load_address>
         <run_address>0x7b5</run_address>
         <size>0x43</size>
         <input_file_ref idref="fl-13d"/>
      </object_component>
      <object_component id="oc-1ad">
         <name>.debug_pubnames</name>
         <load_address>0x7f8</load_address>
         <run_address>0x7f8</run_address>
         <size>0x23</size>
         <input_file_ref idref="fl-142"/>
      </object_component>
      <object_component id="oc-1b3">
         <name>.debug_pubnames</name>
         <load_address>0x81b</load_address>
         <run_address>0x81b</run_address>
         <size>0x21</size>
         <input_file_ref idref="fl-142"/>
      </object_component>
      <object_component id="oc-1ba">
         <name>.debug_pubnames</name>
         <load_address>0x83c</load_address>
         <run_address>0x83c</run_address>
         <size>0x21</size>
         <input_file_ref idref="fl-142"/>
      </object_component>
      <object_component id="oc-1bf">
         <name>.debug_pubnames</name>
         <load_address>0x85d</load_address>
         <run_address>0x85d</run_address>
         <size>0x20</size>
         <input_file_ref idref="fl-142"/>
      </object_component>
      <object_component id="oc-1ea">
         <name>.debug_pubnames</name>
         <load_address>0x87d</load_address>
         <run_address>0x87d</run_address>
         <size>0x27</size>
         <input_file_ref idref="fl-14a"/>
      </object_component>
      <object_component id="oc-1f3">
         <name>.debug_pubnames</name>
         <load_address>0x8a4</load_address>
         <run_address>0x8a4</run_address>
         <size>0x2c</size>
         <input_file_ref idref="fl-14a"/>
      </object_component>
      <object_component id="oc-1fc">
         <name>.debug_pubnames</name>
         <load_address>0x8d0</load_address>
         <run_address>0x8d0</run_address>
         <size>0x27</size>
         <input_file_ref idref="fl-14a"/>
      </object_component>
      <object_component id="oc-21a">
         <name>.debug_pubnames</name>
         <load_address>0x8f7</load_address>
         <run_address>0x8f7</run_address>
         <size>0x28</size>
         <input_file_ref idref="fl-143"/>
      </object_component>
      <object_component id="oc-221">
         <name>.debug_pubnames</name>
         <load_address>0x91f</load_address>
         <run_address>0x91f</run_address>
         <size>0x24</size>
         <input_file_ref idref="fl-143"/>
      </object_component>
      <object_component id="oc-228">
         <name>.debug_pubnames</name>
         <load_address>0x943</load_address>
         <run_address>0x943</run_address>
         <size>0x2a</size>
         <input_file_ref idref="fl-14a"/>
      </object_component>
      <object_component id="oc-22d">
         <name>.debug_pubnames</name>
         <load_address>0x96d</load_address>
         <run_address>0x96d</run_address>
         <size>0x2b</size>
         <input_file_ref idref="fl-14a"/>
      </object_component>
      <object_component id="oc-235">
         <name>.debug_pubnames</name>
         <load_address>0x998</load_address>
         <run_address>0x998</run_address>
         <size>0x22</size>
         <input_file_ref idref="fl-145"/>
      </object_component>
      <object_component id="oc-23a">
         <name>.debug_pubnames</name>
         <load_address>0x9ba</load_address>
         <run_address>0x9ba</run_address>
         <size>0x28</size>
         <input_file_ref idref="fl-2"/>
      </object_component>
      <object_component id="oc-241">
         <name>.debug_pubnames</name>
[...]
            <object_component_ref idref="oc-169"/>
            <object_component_ref idref="oc-197"/>
            <object_component_ref idref="oc-1a4"/>
            <object_component_ref idref="oc-1a8"/>
            <object_component_ref idref="oc-1c6"/>
            <object_component_ref idref="oc-1cd"/>
            <object_component_ref idref="oc-1d2"/>
            <object_component_ref idref="oc-1d7"/>
            <object_component_ref idref="oc-1dc"/>
            <object_component_ref idref="oc-205"/>
            <object_component_ref idref="oc-20a"/>
            <object_component_ref idref="oc-211"/>
            <object_component_ref idref="oc-2b9"/>
         </contents>
      </logical_group>
      <logical_group id="lg-31b" display="never" color="cyan">
         <name>.debug_str</name>
         <load_address>0x0</load_address>
         <run_address>0x0</run_address>
         <size>0x1e5c</size>
         <contents>
            <object_component_ref idref="oc-6f"/>
            <object_component_ref idref="oc-76"/>
            <object_component_ref idref="oc-84"/>
            <object_component_ref idref="oc-a9"/>
            <object_component_ref idref="oc-ba"/>
            <object_component_ref idref="oc-bf"/>
            <object_component_ref idref="oc-dd"/>
            <object_component_ref idref="oc-e4"/>
            <object_component_ref idref="oc-ef"/>
            <object_component_ref idref="oc-f4"/>
            <object_component_ref idref="oc-108"/>
            <object_component_ref idref="oc-110"/>
            <object_component_ref idref="oc-16c"/>
            <object_component_ref idref="oc-19a"/>
            <object_component_ref idref="oc-1c9"/>
            <object_component_ref idref="oc-1d0"/>
            <object_component_ref idref="oc-1d5"/>
            <object_component_ref idref="oc-1da"/>
            <object_component_ref idref="oc-1df"/>
            <object_component_ref idref="oc-208"/>
            <object_component_ref idref="oc-20d"/>
            <object_component_ref idref="oc-214"/>
            <object_component_ref idref="oc-2bc"/>
         </contents>
      </logical_group>
      <load_segment id="lg-329" display="no" color="cyan">
         <name>SEGMENT_0</name>
         <load_address>0x0</load_address>
         <run_address>0x0</run_address>
         <size>0x1a38</size>
         <flags>0x5</flags>
         <contents>
            <logical_group_ref idref="lg-3"/>
            <logical_group_ref idref="lg-4"/>
            <logical_group_ref idref="lg-5"/>
            <logical_group_ref idref="lg-6"/>
         </contents>
      </load_segment>
      <load_segment id="lg-32a" display="no" color="cyan">
         <name>SEGMENT_1</name>
         <run_address>0x20000000</run_address>
         <size>0x9c8</size>
         <flags>0x6</flags>
         <contents>
            <logical_group_ref idref="lg-b"/>
            <logical_group_ref idref="lg-d"/>
            <logical_group_ref idref="lg-a"/>
         </contents>
      </load_segment>
   </logical_group_list>
   <placement_map>
      <memory_area display="yes" color="green">
         <name>FLASH</name>
         <page_id>0x0</page_id>
         <origin>0x0</origin>
         <length>0x40000</length>
         <used_space>0x1a36</used_space>
         <unused_space>0x3e5ca</unused_space>
         <attributes>RX</attributes>
         <usage_details>
            <allocated_space>
               <start_address>0x0</start_address>
               <size>0x26c</size>
               <logical_group_ref idref="lg-3"/>
            </allocated_space>
            <allocated_space>
               <start_address>0x26c</start_address>
               <size>0x16e8</size>
               <logical_group_ref idref="lg-4"/>
            </allocated_space>
            <allocated_space>
               <start_address>0x1954</start_address>
               <size>0xaa</size>
               <logical_group_ref idref="lg-5"/>
            </allocated_space>
            <available_space>
               <start_address>0x19fe</start_address>
               <size>0x2</size>
            </available_space>
            <allocated_space>
               <start_address>0x1a00</start_address>
               <size>0x38</size>
               <logical_group_ref idref="lg-6"/>
            </allocated_space>
            <available_space>
               <start_address>0x1a38</start_address>
               <size>0x3e5c8</size>
            </available_space>
         </usage_details>
      </memory_area>
      <memory_area display="yes" color="green">
         <name>SRAM</name>
         <page_id>0x0</page_id>
         <origin>0x20000000</origin>
         <length>0x8000</length>
         <used_space>0x9c8</used_space>
         <unused_space>0x7638</unused_space>
         <attributes>RWX</attributes>
         <usage_details>
            <allocated_space>
               <start_address>0x20000000</start_address>
               <size>0x59c</size>
               <logical_group_ref idref="lg-b"/>
            </allocated_space>
            <allocated_space>
               <start_address>0x2000059c</start_address>
               <size>0x400</size>
               <logical_group_ref idref="lg-d"/>
            </allocated_space>
            <allocated_space>
               <start_address>0x2000099c</start_address>
               <size>0x2c</size>
               <logical_group_ref idref="lg-a"/>
            </allocated_space>
            <available_space>
               <start_address>0x200009c8</start_address>
               <size>0x7638</size>
            </available_space>
         </usage_details>
      </memory_area>
   </placement_map>
   <cptbl_list>
      <cptbl>
         <name>__TI_cinit_table</name>
         <cprec>
            <name>.data</name>
            <load_address>0x1a00</load_address>
            <load_size>0x12</load_size>
            <run_address>0x2000099c</run_address>
            <run_size>0x2c</run_size>
            <compression>rle</compression>
         </cprec>
         <cprec>
            <name>.bss</name>
            <load_address>0x1a20</load_address>
            <load_size>0x8</load_size>
            <run_address>0x20000000</run_address>
            <run_size>0x59c</run_size>
            <compression>zero_init</compression>
         </cprec>
      </cptbl>
   </cptbl_list>
   <handler_table>
      <handler_table_name>__TI_handler_table</handler_table_name>
      <handler>
         <index>0x0</index>
         <name>__TI_decompress_rle24</name>
      </handler>
      <handler>
         <index>0x1</index>
         <name>__TI_decompress_none</name>
      </handler>
      <handler>
         <index>0x2</index>
         <name>__TI_zero_init</name>
      </handler>
   </handler_table>
   <symbol_table>
      <symbol id="sm-1">
         <name>__STACK_TOP</name>
         <value>0x2000099c</value>
      </symbol>
      <symbol id="sm-2">
         <name>__TI_CINIT_Base</name>
         <value>0x1a28</value>
      </symbol>
      <symbol id="sm-3">
         <name>__TI_CINIT_Limit</name>
         <value>0x1a38</value>
      </symbol>
      <symbol id="sm-4">
         <name>__TI_Handler_Table_Base</name>
         <value>0x1a14</value>
      </symbol>
      <symbol id="sm-5">
         <name>__TI_Handler_Table_Limit</name>
         <value>0x1a20</value>
      </symbol>
      <symbol id="sm-6">
         <name>binit</name>
         <value>0xffffffff</value>
      </symbol>
      <symbol id="sm-7">
         <name>__binit__</name>
         <value>0xffffffff</value>
      </symbol>
      <symbol id="sm-8">
         <name>__STACK_SIZE</name>
         <value>0x400</value>
      </symbol>
      <symbol id="sm-9">
         <name>__STACK_END</name>
         <value>0x2000099c</value>
      </symbol>
      <symbol id="sm-a">
         <name>__c_args__</name>
         <value>0xffffffff</value>
      </symbol>
      <symbol id="sm-d6">
         <name>g_vui8I2CDoneFlag</name>
         <value>0x20000598</value>
      </symbol>
      <symbol id="sm-d7">
         <name>g_vui8ErrorFlag</name>
         <value>0x20000594</value>
      </symbol>
      <symbol id="sm-d8">
         <name>MPU9150AppCallback</name>
         <value>0x185d</value>
         <object_component_ref idref="oc-9e"/>
      </symbol>
      <symbol id="sm-d9">
         <name>g_sI2CInst</name>
         <value>0x20000400</value>
         <object_component_ref idref="oc-b0"/>
      </symbol>
      <symbol id="sm-da">
         <name>ConfigureI2C</name>
         <value>0x122d</value>
         <object_component_ref idref="oc-16f"/>
      </symbol>
      <symbol id="sm-db">
         <name>MPU9150AppErrorHandler</name>
         <value>0xbdd</value>
         <object_component_ref idref="oc-27a"/>
      </symbol>
      <symbol id="sm-dc">
         <name>main</name>
         <value>0x11d1</value>
         <object_component_ref idref="oc-c7"/>
      </symbol>
      <symbol id="sm-dd">
         <name>ConfigureMPU9150Interrupt</name>
         <value>0x162d</value>
         <object_component_ref idref="oc-175"/>
      </symbol>
      <symbol id="sm-de">
         <name>SetMpuSampleRate</name>
         <value>0xd79</value>
         <object_component_ref idref="oc-18d"/>
      </symbol>
      <symbol id="sm-df">
         <name>InitializeMPU9150</name>
         <value>0x7fd</value>
         <object_component_ref idref="oc-187"/>
      </symbol>
      <symbol id="sm-e0">
         <name>g_sMPU9150Inst</name>
         <value>0x20000524</value>
         <object_component_ref idref="oc-9b"/>
      </symbol>
      <symbol id="sm-e1">
         <name>MPU9150AppI2CWait</name>
         <value>0x1771</value>
         <object_component_ref idref="oc-237"/>
      </symbol>
      <symbol id="sm-e2">
         <name>IntGPIOb</name>
         <value>0x170d</value>
         <object_component_ref idref="oc-41"/>
      </symbol>
      <symbol id="sm-e3">
         <name>MPU9150I2CIntHandler</name>
         <value>0x1909</value>
         <object_component_ref idref="oc-47"/>
      </symbol>
      <symbol id="sm-e4">
         <name>SetUpPeripheralsInterrupts</name>
         <value>0x16a1</value>
         <object_component_ref idref="oc-17b"/>
      </symbol>
      <symbol id="sm-11a">
         <name>ResetISR</name>
         <value>0x193d</value>
         <object_component_ref idref="oc-29"/>
      </symbol>
      <symbol id="sm-11b">
         <name>g_pfnVectors</name>
         <value>0x0</value>
         <object_component_ref idref="oc-e"/>
      </symbol>
      <symbol id="sm-1b8">
         <name>UARTwrite</name>
         <value>0x8cd</value>
         <object_component_ref idref="oc-2c5"/>
      </symbol>
      <symbol id="sm-1b9">
         <name>UARTprintf</name>
         <value>0x1811</value>
         <object_component_ref idref="oc-299"/>
      </symbol>
      <symbol id="sm-1ba">
         <name>UARTvprintf</name>
         <value>0x26d</value>
         <object_component_ref idref="oc-2af"/>
      </symbol>
      <symbol id="sm-1cb">
         <name>_c_int00</name>
         <value>0x1411</value>
         <object_component_ref idref="oc-11"/>
      </symbol>
      <symbol id="sm-1cc">
         <name>__stack</name>
         <value>0x2000059c</value>
         <object_component_ref idref="oc-28"/>
      </symbol>
      <symbol id="sm-1e3">
         <name>__TI_decompress_none</name>
         <value>0x18e1</value>
         <object_component_ref idref="oc-16"/>
      </symbol>
      <symbol id="sm-207">
         <name>__TI_decompress_rle24</name>
         <value>0x1943</value>
         <object_component_ref idref="oc-22"/>
      </symbol>
      <symbol id="sm-220">
         <name>__TI_zero_init</name>
         <value>0x18b3</value>
         <object_component_ref idref="oc-1c"/>
      </symbol>
      <symbol id="sm-23f">
         <name>C$$EXIT</name>
         <value>0x1529</value>
         <object_component_ref idref="oc-5b"/>
      </symbol>
      <symbol id="sm-240">
         <name>abort</name>
         <value>0x152d</value>
         <object_component_ref idref="oc-5b"/>
      </symbol>
      <symbol id="sm-241">
         <name>exit</name>
         <value>0x1535</value>
         <object_component_ref idref="oc-5b"/>
      </symbol>
      <symbol id="sm-242">
         <name>__TI_dtors_ptr</name>
         <value>0x200009c0</value>
         <object_component_ref idref="oc-d2"/>
      </symbol>
      <symbol id="sm-243">
         <name>__TI_cleanup_ptr</name>
         <value>0x200009bc</value>
         <object_component_ref idref="oc-d2"/>
      </symbol>
      <symbol id="sm-25f">
         <name>memcpy</name>
         <value>0xa15</value>
         <object_component_ref idref="oc-65"/>
      </symbol>
      <symbol id="sm-260">
         <name>__aeabi_memcpy</name>
         <value>0xa15</value>
         <object_component_ref idref="oc-65"/>
      </symbol>
      <symbol id="sm-261">
         <name>__aeabi_memcpy8</name>
         <value>0xa15</value>
         <object_component_ref idref="oc-65"/>
      </symbol>
      <symbol id="sm-262">
         <name>__aeabi_memcpy4</name>
         <value>0xa15</value>
         <object_component_ref idref="oc-65"/>
      </symbol>
      <symbol id="sm-26a">
         <name>main_func_sp</name>
         <value>0x200009c4</value>
         <object_component_ref idref="oc-61"/>
      </symbol>
      <symbol id="sm-27a">
         <name>__aeabi_uidivmod</name>
         <value>0x156d</value>
         <object_component_ref idref="oc-2cb"/>
      </symbol>
      <symbol id="sm-27b">
         <name>__aeabi_uidiv</name>
         <value>0x156d</value>
         <object_component_ref idref="oc-2cb"/>
      </symbol>
      <symbol id="sm-294">
         <name>_nop</name>
         <value>0x189b</value>
         <object_component_ref idref="oc-19b"/>
      </symbol>
      <symbol id="sm-295">
         <name>_lock</name>
         <value>0x200009b4</value>
         <object_component_ref idref="oc-cf"/>
      </symbol>
      <symbol id="sm-296">
         <name>_unlock</name>
         <value>0x200009b8</value>
         <object_component_ref idref="oc-cf"/>
      </symbol>
      <symbol id="sm-297">
         <name>_register_lock</name>
         <value>0x1893</value>
         <object_component_ref idref="oc-19b"/>
      </symbol>
      <symbol id="sm-298">
         <name>_register_unlock</name>
         <value>0x188d</value>
         <object_component_ref idref="oc-19b"/>
      </symbol>
      <symbol id="sm-2ac">
         <name>_args_main</name>
         <value>0x1875</value>
         <object_component_ref idref="oc-55"/>
      </symbol>
      <symbol id="sm-2c9">
         <name>__TI_auto_init</name>
         <value>0xb49</value>
         <object_component_ref idref="oc-50"/>
      </symbol>
      <symbol id="sm-2e2">
         <name>copy_in</name>
         <value>0x14e5</value>
         <object_component_ref idref="oc-c0"/>
      </symbol>
      <symbol id="sm-340">
         <name>IntIsEnabled</name>
         <value>0xed5</value>
         <object_component_ref idref="oc-1ab"/>
      </symbol>
      <symbol id="sm-341">
         <name>IntEnable</name>
         <value>0xff9</value>
         <object_component_ref idref="oc-1bd"/>
      </symbol>
      <symbol id="sm-342">
         <name>IntTrigger</name>
         <value>0x18fd</value>
         <object_component_ref idref="oc-1b7"/>
      </symbol>
      <symbol id="sm-343">
         <name>IntDisable</name>
         <value>0xf99</value>
         <object_component_ref idref="oc-1b1"/>
      </symbol>
      <symbol id="sm-380">
         <name>GPIOPinTypeI2CSCL</name>
         <value>0x18a1</value>
         <object_component_ref idref="oc-215"/>
      </symbol>
      <symbol id="sm-381">
         <name>GPIOIntEnable</name>
         <value>0x18ef</value>
         <object_component_ref idref="oc-21c"/>
      </symbol>
      <symbol id="sm-382">
         <name>GPIOIntClear</name>
         <value>0x1937</value>
         <object_component_ref idref="oc-8f"/>
      </symbol>
      <symbol id="sm-383">
         <name>GPIOIntStatus</name>
         <value>0x18c5</value>
         <object_component_ref idref="oc-89"/>
      </symbol>
      <symbol id="sm-384">
         <name>GPIODirModeSet</name>
         <value>0x179d</value>
         <object_component_ref idref="oc-263"/>
      </symbol>
      <symbol id="sm-385">
         <name>GPIOPadConfigSet</name>
         <value>0x5d9</value>
         <object_component_ref idref="oc-269"/>
      </symbol>
      <symbol id="sm-401">
         <name>MPU9150Write</name>
         <value>0x975</value>
         <object_component_ref idref="oc-23d"/>
      </symbol>
      <symbol id="sm-402">
         <name>MPU9150Init</name>
         <value>0xe69</value>
         <object_component_ref idref="oc-231"/>
      </symbol>
      <symbol id="sm-403">
         <name>MPU9150DataRead</name>
         <value>0x1059</value>
         <object_component_ref idref="oc-95"/>
      </symbol>
      <symbol id="sm-404">
         <name>MPU9150Read</name>
         <value>0x1175</value>
         <object_component_ref idref="oc-24a"/>
      </symbol>
      <symbol id="sm-405">
         <name>MPU9150ReadModifyWrite</name>
         <value>0x12dd</value>
         <object_component_ref idref="oc-243"/>
      </symbol>
      <symbol id="sm-510">
         <name>I2CMWrite8</name>
         <value>0x1285</value>
         <object_component_ref idref="oc-283"/>
      </symbol>
      <symbol id="sm-511">
         <name>I2CMCommand</name>
         <value>0xcf5</value>
         <object_component_ref idref="oc-f7"/>
      </symbol>
      <symbol id="sm-512">
         <name>I2CMInit</name>
         <value>0x16d9</value>
         <object_component_ref idref="oc-181"/>
      </symbol>
      <symbol id="sm-513">
         <name>I2CMReadModifyWrite8</name>
         <value>0xdf9</value>
         <object_component_ref idref="oc-28a"/>
      </symbol>
      <symbol id="sm-514">
         <name>I2CMTransferResume</name>
         <value>0x1741</value>
         <object_component_ref idref="oc-2bd"/>
      </symbol>
      <symbol id="sm-515">
         <name>I2CMIntHandler</name>
         <value>0x709</value>
         <object_component_ref idref="oc-aa"/>
      </symbol>
      <symbol id="sm-561">
         <name>I2CMasterDataPut</name>
         <value>0x1951</value>
         <object_component_ref idref="oc-1f8"/>
      </symbol>
      <symbol id="sm-562">
         <name>I2CMasterInitExpClk</name>
         <value>0x13c9</value>
         <object_component_ref idref="oc-224"/>
      </symbol>
      <symbol id="sm-563">
         <name>I2CMasterSlaveAddrSet</name>
         <value>0x192f</value>
         <object_component_ref idref="oc-1f0"/>
      </symbol>
      <symbol id="sm-564">
         <name>I2CMasterDataGet</name>
         <value>0x194d</value>
         <object_component_ref idref="oc-1e6"/>
      </symbol>
      <symbol id="sm-565">
         <name>I2CMasterIntEnableEx</name>
         <value>0x1927</value>
         <object_component_ref idref="oc-22a"/>
      </symbol>
      <symbol id="sm-566">
         <name>I2CMasterControl</name>
         <value>0x1949</value>
         <object_component_ref idref="oc-11c"/>
      </symbol>
      <symbol id="sm-567">
         <name>I2CMasterEnable</name>
         <value>0x1915</value>
         <object_component_ref idref="oc-271"/>
      </symbol>
      <symbol id="sm-568">
         <name>I2CMasterIntClear</name>
         <value>0x191f</value>
         <object_component_ref idref="oc-116"/>
      </symbol>
      <symbol id="sm-569">
         <name>__TI_static_base__</name>
         <value>0x0</value>
      </symbol>
      <symbol id="sm-56a">
         <name>__TI_args_main</name>
         <value>0x1</value>
      </symbol>
      <symbol id="sm-56b">
         <name>SHT$$INIT_ARRAY$$Limit</name>
         <value>0x0</value>
      </symbol>
      <symbol id="sm-56c">
         <name>SHT$$INIT_ARRAY$$Base</name>
         <value>0x0</value>
      </symbol>
   </symbol_table>
   <title>Link successful</title>
</link_info>
