<?xml version="1.0"?>
<link_info>
   <banner>TI ARM Linker PC v5.1.10</banner>
   <copyright>Copyright (c) 1996-2015 Texas Instruments Incorporated</copyright>
   <link_time>0x54f9fe45</link_time>
   <link_errors>0x0</link_errors>
   <output_file>SensorSampling - Clean.out</output_file>
   <entry_point>
      <name>_c_int00</name>
      <address>0x1a79</address>
   </entry_point>
   <input_file_list>
      <input_file id="fl-2">
         <path>.\</path>
         <kind>object</kind>
         <file>compdcm_mpu9150.obj</file>
         <name>compdcm_mpu9150.obj</name>
      </input_file>
      <input_file id="fl-3">
         <path>.\</path>
         <kind>object</kind>
         <file>startup_ccs.obj</file>
         <name>startup_ccs.obj</name>
      </input_file>
      <input_file id="fl-4">
         <path>.\utils\</path>
         <kind>object</kind>
         <file>uartstdio.obj</file>
         <name>uartstdio.obj</name>
      </input_file>
      <input_file id="fl-5">
         <path>.\drivers\</path>
         <kind>object</kind>
         <file>rgb.obj</file>
         <name>rgb.obj</name>
      </input_file>
      <input_file id="fl-134">
         <path>c:\ti\ccsv6\tools\compiler\arm_5.1.10\lib\</path>
         <kind>archive</kind>
         <file>rtsv7M4_T_le_v4SPD16_eabi.lib</file>
         <name>boot.obj</name>
      </input_file>
      <input_file id="fl-135">
         <path>c:\ti\ccsv6\tools\compiler\arm_5.1.10\lib\</path>
         <kind>archive</kind>
         <file>rtsv7M4_T_le_v4SPD16_eabi.lib</file>
         <name>copy_decompress_none.obj</name>
      </input_file>
      <input_file id="fl-136">
         <path>c:\ti\ccsv6\tools\compiler\arm_5.1.10\lib\</path>
         <kind>archive</kind>
         <file>rtsv7M4_T_le_v4SPD16_eabi.lib</file>
         <name>copy_decompress_rle.obj</name>
      </input_file>
      <input_file id="fl-137">
         <path>c:\ti\ccsv6\tools\compiler\arm_5.1.10\lib\</path>
         <kind>archive</kind>
         <file>rtsv7M4_T_le_v4SPD16_eabi.lib</file>
         <name>copy_zero_init.obj</name>
      </input_file>
      <input_file id="fl-138">
         <path>c:\ti\ccsv6\tools\compiler\arm_5.1.10\lib\</path>
         <kind>archive</kind>
         <file>rtsv7M4_T_le_v4SPD16_eabi.lib</file>
         <name>exit.obj</name>
      </input_file>
      <input_file id="fl-139">
         <path>c:\ti\ccsv6\tools\compiler\arm_5.1.10\lib\</path>
         <kind>archive</kind>
         <file>rtsv7M4_T_le_v4SPD16_eabi.lib</file>
         <name>fs_toull_t2.obj</name>
      </input_file>
      <input_file id="fl-13a">
         <path>c:\ti\ccsv6\tools\compiler\arm_5.1.10\lib\</path>
         <kind>archive</kind>
         <file>rtsv7M4_T_le_v4SPD16_eabi.lib</file>
         <name>memcpy_t2.obj</name>
      </input_file>
      <input_file id="fl-13b">
         <path>c:\ti\ccsv6\tools\compiler\arm_5.1.10\lib\</path>
         <kind>archive</kind>
         <file>rtsv7M4_T_le_v4SPD16_eabi.lib</file>
         <name>stkdepth_vars.obj</name>
      </input_file>
      <input_file id="fl-13c">
         <path>c:\ti\ccsv6\tools\compiler\arm_5.1.10\lib\</path>
         <kind>archive</kind>
         <file>rtsv7M4_T_le_v4SPD16_eabi.lib</file>
         <name>u_divt2.obj</name>
      </input_file>
      <input_file id="fl-13d">
         <path>c:\ti\ccsv6\tools\compiler\arm_5.1.10\lib\</path>
         <kind>archive</kind>
         <file>rtsv7M4_T_le_v4SPD16_eabi.lib</file>
         <name>_lock.obj</name>
      </input_file>
      <input_file id="fl-13e">
         <path>c:\ti\ccsv6\tools\compiler\arm_5.1.10\lib\</path>
         <kind>archive</kind>
         <file>rtsv7M4_T_le_v4SPD16_eabi.lib</file>
         <name>args_main.obj</name>
      </input_file>
      <input_file id="fl-13f">
         <path>c:\ti\ccsv6\tools\compiler\arm_5.1.10\lib\</path>
         <kind>archive</kind>
         <file>rtsv7M4_T_le_v4SPD16_eabi.lib</file>
         <name>auto_init.obj</name>
      </input_file>
      <input_file id="fl-140">
         <path>c:\ti\ccsv6\tools\compiler\arm_5.1.10\lib\</path>
         <kind>archive</kind>
         <file>rtsv7M4_T_le_v4SPD16_eabi.lib</file>
         <name>cpy_tbl.obj</name>
      </input_file>
      <input_file id="fl-141">
         <path>C:\ti\TivaWare_C_Series-2.0.1.11577\examples\boards\ek-tm4c123gxl-boostxl-senshub\compdcm_mpu9150\ccs\..\..\..\..\..\driverlib\ccs\Debug\</path>
         <kind>archive</kind>
         <file>driverlib.lib</file>
         <name>uart.obj</name>
      </input_file>
      <input_file id="fl-142">
         <path>C:\ti\TivaWare_C_Series-2.0.1.11577\examples\boards\ek-tm4c123gxl-boostxl-senshub\compdcm_mpu9150\ccs\..\..\..\..\..\driverlib\ccs\Debug\</path>
         <kind>archive</kind>
         <file>driverlib.lib</file>
         <name>sysctl.obj</name>
      </input_file>
      <input_file id="fl-143">
         <path>C:\ti\TivaWare_C_Series-2.0.1.11577\examples\boards\ek-tm4c123gxl-boostxl-senshub\compdcm_mpu9150\ccs\..\..\..\..\..\driverlib\ccs\Debug\</path>
         <kind>archive</kind>
         <file>driverlib.lib</file>
         <name>interrupt.obj</name>
      </input_file>
      <input_file id="fl-144">
         <path>C:\ti\TivaWare_C_Series-2.0.1.11577\examples\boards\ek-tm4c123gxl-boostxl-senshub\compdcm_mpu9150\ccs\..\..\..\..\..\driverlib\ccs\Debug\</path>
         <kind>archive</kind>
         <file>driverlib.lib</file>
         <name>gpio.obj</name>
      </input_file>
      <input_file id="fl-145">
         <path>C:\ti\TivaWare_C_Series-2.0.1.11577\examples\boards\ek-tm4c123gxl-boostxl-senshub\compdcm_mpu9150\ccs\..\..\..\..\..\driverlib\ccs\Debug\</path>
         <kind>archive</kind>
         <file>driverlib.lib</file>
         <name>cpu.obj</name>
      </input_file>
      <input_file id="fl-146">
         <path>C:\ti\TivaWare_C_Series-2.0.1.11577\examples\boards\ek-tm4c123gxl-boostxl-senshub\compdcm_mpu9150\ccs\..\..\..\..\..\sensorlib\ccs\Debug\</path>
         <kind>archive</kind>
         <file>sensorlib.lib</file>
         <name>mpu9150.obj</name>
      </input_file>
      <input_file id="fl-147">
         <path>C:\ti\TivaWare_C_Series-2.0.1.11577\examples\boards\ek-tm4c123gxl-boostxl-senshub\compdcm_mpu9150\ccs\..\..\..\..\..\sensorlib\ccs\Debug\</path>
         <kind>archive</kind>
         <file>sensorlib.lib</file>
         <name>i2cm_drv.obj</name>
      </input_file>
      <input_file id="fl-148">
         <path>C:\ti\TivaWare_C_Series-2.0.1.11577\examples\boards\ek-tm4c123gxl-boostxl-senshub\compdcm_mpu9150\ccs\..\..\..\..\..\sensorlib\ccs\Debug\</path>
         <kind>archive</kind>
         <file>sensorlib.lib</file>
         <name>bmp180.obj</name>
      </input_file>
      <input_file id="fl-149">
         <path>c:\ti\ccsv6\tools\compiler\arm_5.1.10\lib\</path>
         <kind>archive</kind>
         <file>rtsv7M4_T_le_v4SPD16_eabi.lib</file>
         <name>fd_mul_t2.obj</name>
      </input_file>
      <input_file id="fl-14a">
         <path>c:\ti\ccsv6\tools\compiler\arm_5.1.10\lib\</path>
         <kind>archive</kind>
         <file>rtsv7M4_T_le_v4SPD16_eabi.lib</file>
         <name>fd_tos_t2.obj</name>
      </input_file>
      <input_file id="fl-14b">
         <path>c:\ti\ccsv6\tools\compiler\arm_5.1.10\lib\</path>
         <kind>archive</kind>
         <file>rtsv7M4_T_le_v4SPD16_eabi.lib</file>
         <name>fs_tod_t2.obj</name>
      </input_file>
      <input_file id="fl-14c">
         <path>C:\ti\TivaWare_C_Series-2.0.1.11577\examples\boards\ek-tm4c123gxl-boostxl-senshub\compdcm_mpu9150\ccs\..\..\..\..\..\driverlib\ccs\Debug\</path>
         <kind>archive</kind>
         <file>driverlib.lib</file>
         <name>i2c.obj</name>
      </input_file>
   </input_file_list>
   <object_component_list>
      <object_component id="oc-e">
         <name>.intvecs</name>
         <load_address>0x0</load_address>
         <run_address>0x0</run_address>
         <size>0x26c</size>
         <input_file_ref idref="fl-3"/>
      </object_component>
      <object_component id="oc-12d">
         <name>.text:UARTvprintf</name>
         <load_address>0x26c</load_address>
         <run_address>0x26c</run_address>
         <size>0x1ea</size>
         <input_file_ref idref="fl-4"/>
      </object_component>
      <object_component id="oc-35">
         <name>.text:FaultISR</name>
         <load_address>0x456</load_address>
         <run_address>0x456</run_address>
         <size>0x2</size>
         <input_file_ref idref="fl-3"/>
      </object_component>
      <object_component id="oc-2c8">
         <name>.text:BMP180Callback</name>
         <load_address>0x458</load_address>
         <run_address>0x458</run_address>
         <size>0x1dc</size>
         <input_file_ref idref="fl-148"/>
      </object_component>
      <object_component id="oc-311">
         <name>.text:MPU9150Callback</name>
         <load_address>0x634</load_address>
         <run_address>0x634</run_address>
         <size>0x180</size>
         <input_file_ref idref="fl-146"/>
      </object_component>
      <object_component id="oc-47">
         <name>.text:UARTStdioIntHandler</name>
         <load_address>0x7b4</load_address>
         <run_address>0x7b4</run_address>
         <size>0x160</size>
         <input_file_ref idref="fl-4"/>
      </object_component>
      <object_component id="oc-2fc">
         <name>.text:GPIOPadConfigSet</name>
         <load_address>0x914</load_address>
         <run_address>0x914</run_address>
         <size>0x130</size>
         <input_file_ref idref="fl-144"/>
      </object_component>
      <object_component id="oc-d7">
         <name>.text:I2CMIntHandler</name>
         <load_address>0xa44</load_address>
         <run_address>0xa44</run_address>
         <size>0xf2</size>
         <input_file_ref idref="fl-147"/>
      </object_component>
      <object_component id="oc-3b">
         <name>.text:IntDefaultHandler</name>
         <load_address>0xb36</load_address>
         <run_address>0xb36</run_address>
         <size>0x2</size>
         <input_file_ref idref="fl-3"/>
      </object_component>
      <object_component id="oc-1d2">
         <name>.text:InitializeMPU9150</name>
         <load_address>0xb38</load_address>
         <run_address>0xb38</run_address>
         <size>0xd8</size>
         <input_file_ref idref="fl-2"/>
      </object_component>
      <object_component id="oc-e7">
         <name>.text:RGBEnable</name>
         <load_address>0xc10</load_address>
         <run_address>0xc10</run_address>
         <size>0xc0</size>
         <input_file_ref idref="fl-5"/>
      </object_component>
      <object_component id="oc-fd">
         <name>.text:main</name>
         <load_address>0xcd0</load_address>
         <run_address>0xcd0</run_address>
         <size>0xb4</size>
         <input_file_ref idref="fl-2"/>
      </object_component>
      <object_component id="oc-268">
         <name>.text:UARTStdioConfig</name>
         <load_address>0xd84</load_address>
         <run_address>0xd84</run_address>
         <size>0xb0</size>
         <input_file_ref idref="fl-4"/>
      </object_component>
      <object_component id="oc-bc">
         <name>.text:UARTwrite</name>
         <load_address>0xe34</load_address>
         <run_address>0xe34</run_address>
         <size>0xa8</size>
         <input_file_ref idref="fl-4"/>
      </object_component>
      <object_component id="oc-29e">
         <name>.text:MPU9150Write</name>
         <load_address>0xedc</load_address>
         <run_address>0xedc</run_address>
         <size>0xa0</size>
         <input_file_ref idref="fl-146"/>
      </object_component>
      <object_component id="oc-71">
         <name>.text</name>
         <load_address>0xf7c</load_address>
         <run_address>0xf7c</run_address>
         <size>0x9c</size>
         <input_file_ref idref="fl-13a"/>
      </object_component>
      <object_component id="oc-196">
         <name>.text:I2CMStateIdle</name>
         <load_address>0x1018</load_address>
         <run_address>0x1018</run_address>
         <size>0x98</size>
         <input_file_ref idref="fl-147"/>
      </object_component>
      <object_component id="oc-5c">
         <name>.text</name>
         <load_address>0x10b0</load_address>
         <run_address>0x10b0</run_address>
         <size>0x94</size>
         <input_file_ref idref="fl-13f"/>
      </object_component>
      <object_component id="oc-319">
         <name>.text:MPU9150AppErrorHandler</name>
         <load_address>0x1144</load_address>
         <run_address>0x1144</run_address>
         <size>0x8c</size>
         <input_file_ref idref="fl-2"/>
      </object_component>
      <object_component id="oc-b0">
         <name>.text:UARTPrimeTransmit</name>
         <load_address>0x11d0</load_address>
         <run_address>0x11d0</run_address>
         <size>0x8c</size>
         <input_file_ref idref="fl-4"/>
      </object_component>
      <object_component id="oc-2c2">
         <name>.text:I2CMCommand</name>
         <load_address>0x125c</load_address>
         <run_address>0x125c</run_address>
         <size>0x84</size>
         <input_file_ref idref="fl-147"/>
      </object_component>
      <object_component id="oc-1ae">
         <name>.text:ConfigureUART</name>
         <load_address>0x12e0</load_address>
         <run_address>0x12e0</run_address>
         <size>0x74</size>
         <input_file_ref idref="fl-2"/>
      </object_component>
      <object_component id="oc-329">
         <name>.text:I2CMReadModifyWrite8</name>
         <load_address>0x1354</load_address>
         <run_address>0x1354</run_address>
         <size>0x70</size>
         <input_file_ref idref="fl-147"/>
      </object_component>
      <object_component id="oc-1c6">
         <name>.text:SetUpPeripheralsInterrupts</name>
         <load_address>0x13c4</load_address>
         <run_address>0x13c4</run_address>
         <size>0x70</size>
         <input_file_ref idref="fl-2"/>
      </object_component>
      <object_component id="oc-292">
         <name>.text:MPU9150Init</name>
         <load_address>0x1434</load_address>
         <run_address>0x1434</run_address>
         <size>0x6c</size>
         <input_file_ref idref="fl-146"/>
      </object_component>
      <object_component id="oc-e1">
         <name>.text:RGBDisable</name>
         <load_address>0x14a0</load_address>
         <run_address>0x14a0</run_address>
         <size>0x68</size>
         <input_file_ref idref="fl-5"/>
      </object_component>
      <object_component id="oc-337">
         <name>.text:IntIsEnabled</name>
         <load_address>0x1508</load_address>
         <run_address>0x1508</run_address>
         <size>0x64</size>
         <input_file_ref idref="fl-143"/>
      </object_component>
      <object_component id="oc-37d">
         <name>.text:I2CMReadModifyWrite8Callback</name>
         <load_address>0x156c</load_address>
         <run_address>0x156c</run_address>
         <size>0x60</size>
         <input_file_ref idref="fl-147"/>
      </object_component>
      <object_component id="oc-33d">
         <name>.text:IntDisable</name>
         <load_address>0x15cc</load_address>
         <run_address>0x15cc</run_address>
         <size>0x60</size>
         <input_file_ref idref="fl-143"/>
      </object_component>
      <object_component id="oc-285">
         <name>.text:IntEnable</name>
         <load_address>0x162c</load_address>
         <run_address>0x162c</run_address>
         <size>0x60</size>
         <input_file_ref idref="fl-143"/>
      </object_component>
      <object_component id="oc-184">
         <name>.text:I2CMStateWritePause</name>
         <load_address>0x168c</load_address>
         <run_address>0x168c</run_address>
         <size>0x5e</size>
         <input_file_ref idref="fl-147"/>
      </object_component>
      <object_component id="oc-84">
         <name>.text</name>
         <load_address>0x16ea</load_address>
         <run_address>0x16ea</run_address>
         <size>0x5e</size>
         <input_file_ref idref="fl-136"/>
      </object_component>
      <object_component id="oc-1ba">
         <name>.text:ConfigureI2C</name>
         <load_address>0x1748</load_address>
         <run_address>0x1748</run_address>
         <size>0x5c</size>
         <input_file_ref idref="fl-2"/>
      </object_component>
      <object_component id="oc-1de">
         <name>.text:BMP180DataRead</name>
         <load_address>0x17a4</load_address>
         <run_address>0x17a4</run_address>
         <size>0x58</size>
         <input_file_ref idref="fl-148"/>
      </object_component>
      <object_component id="oc-2b4">
         <name>.text:BMP180Init</name>
         <load_address>0x17fc</load_address>
         <run_address>0x17fc</run_address>
         <size>0x58</size>
         <input_file_ref idref="fl-148"/>
      </object_component>
      <object_component id="oc-322">
         <name>.text:I2CMWrite8</name>
         <load_address>0x1854</load_address>
         <run_address>0x1854</run_address>
         <size>0x58</size>
         <input_file_ref idref="fl-147"/>
      </object_component>
      <object_component id="oc-2a4">
         <name>.text:MPU9150ReadModifyWrite</name>
         <load_address>0x18ac</load_address>
         <run_address>0x18ac</run_address>
         <size>0x54</size>
         <input_file_ref idref="fl-146"/>
      </object_component>
      <object_component id="oc-18a">
         <name>.text:I2CMStateWriteFinal</name>
         <load_address>0x1900</load_address>
         <run_address>0x1900</run_address>
         <size>0x4e</size>
         <input_file_ref idref="fl-147"/>
      </object_component>
      <object_component id="oc-2f">
         <name>.text:NmiSR</name>
         <load_address>0x194e</load_address>
         <run_address>0x194e</run_address>
         <size>0x2</size>
         <input_file_ref idref="fl-3"/>
      </object_component>
      <object_component id="oc-2ba">
         <name>.text:BMP180ReadModifyWrite</name>
         <load_address>0x1950</load_address>
         <run_address>0x1950</run_address>
         <size>0x4c</size>
         <input_file_ref idref="fl-148"/>
      </object_component>
      <object_component id="oc-1d8">
         <name>.text:InitializeBMP180</name>
         <load_address>0x199c</load_address>
         <run_address>0x199c</run_address>
         <size>0x4c</size>
         <input_file_ref idref="fl-2"/>
      </object_component>
      <object_component id="oc-172">
         <name>.text:I2CMStateReadNext</name>
         <load_address>0x19e8</load_address>
         <run_address>0x19e8</run_address>
         <size>0x48</size>
         <input_file_ref idref="fl-147"/>
      </object_component>
      <object_component id="oc-27f">
         <name>.text:I2CMasterInitExpClk</name>
         <load_address>0x1a30</load_address>
         <run_address>0x1a30</run_address>
         <size>0x48</size>
         <input_file_ref idref="fl-14c"/>
      </object_component>
      <object_component id="oc-11">
         <name>.text</name>
         <load_address>0x1a78</load_address>
         <run_address>0x1a78</run_address>
         <size>0x48</size>
         <input_file_ref idref="fl-134"/>
      </object_component>
      <object_component id="oc-190">
         <name>.text:I2CMStateWriteNext</name>
         <load_address>0x1ac0</load_address>
         <run_address>0x1ac0</run_address>
         <size>0x46</size>
         <input_file_ref idref="fl-147"/>
      </object_component>
      <object_component id="oc-15a">
         <name>.text:I2CMStateCallback</name>
         <load_address>0x1b06</load_address>
         <run_address>0x1b06</run_address>
         <size>0x44</size>
         <input_file_ref idref="fl-147"/>
      </object_component>
      <object_component id="oc-f6">
         <name>.text</name>
         <load_address>0x1b4c</load_address>
         <run_address>0x1b4c</run_address>
         <size>0x44</size>
         <input_file_ref idref="fl-140"/>
      </object_component>
      <object_component id="oc-67">
         <name>.text</name>
         <load_address>0x1b90</load_address>
         <run_address>0x1b90</run_address>
         <size>0x44</size>
         <input_file_ref idref="fl-138"/>
      </object_component>
      <object_component id="oc-20d">
         <name>.text</name>
         <load_address>0x1bd4</load_address>
         <run_address>0x1bd4</run_address>
         <size>0x42</size>
         <input_file_ref idref="fl-13c"/>
      </object_component>
      <object_component id="oc-16c">
         <name>.text:I2CMStateReadFinal</name>
         <load_address>0x1c16</load_address>
         <run_address>0x1c16</run_address>
         <size>0x3e</size>
         <input_file_ref idref="fl-147"/>
      </object_component>
      <object_component id="oc-166">
         <name>.text:I2CMStateReadPause</name>
         <load_address>0x1c54</load_address>
         <run_address>0x1c54</run_address>
         <size>0x3e</size>
         <input_file_ref idref="fl-147"/>
      </object_component>
      <object_component id="oc-1c0">
         <name>.text:ConfigureMPU9150Interrupt</name>
         <load_address>0x1c94</load_address>
         <run_address>0x1c94</run_address>
         <size>0x3c</size>
         <input_file_ref idref="fl-2"/>
      </object_component>
      <object_component id="oc-2ee">
         <name>.text:UARTFlushTx</name>
         <load_address>0x1cd0</load_address>
         <run_address>0x1cd0</run_address>
         <size>0x3c</size>
         <input_file_ref idref="fl-4"/>
      </object_component>
      <object_component id="oc-376">
         <name>.text:I2CMWrite8Callback</name>
         <load_address>0x1d0c</load_address>
         <run_address>0x1d0c</run_address>
         <size>0x38</size>
         <input_file_ref idref="fl-147"/>
      </object_component>
      <object_component id="oc-41">
         <name>.text:IntGPIOb</name>
         <load_address>0x1d44</load_address>
         <run_address>0x1d44</run_address>
         <size>0x38</size>
         <input_file_ref idref="fl-2"/>
      </object_component>
      <object_component id="oc-53">
         <name>.text:RGBBlinkIntHandler</name>
         <load_address>0x1d7c</load_address>
         <run_address>0x1d7c</run_address>
         <size>0x38</size>
         <input_file_ref idref="fl-5"/>
      </object_component>
      <object_component id="oc-1cc">
         <name>.text:I2CMInit</name>
         <load_address>0x1db4</load_address>
         <run_address>0x1db4</run_address>
         <size>0x34</size>
         <input_file_ref idref="fl-147"/>
      </object_component>
      <object_component id="oc-387">
         <name>.text:I2CMTransferResume</name>
         <load_address>0x1de8</load_address>
         <run_address>0x1de8</run_address>
         <size>0x30</size>
         <input_file_ref idref="fl-147"/>
      </object_component>
      <object_component id="oc-298">
         <name>.text:MPU9150AppI2CWait</name>
         <load_address>0x1e18</load_address>
         <run_address>0x1e18</run_address>
         <size>0x2c</size>
         <input_file_ref idref="fl-2"/>
      </object_component>
      <object_component id="oc-2e8">
         <name>.text:UARTFlushRx</name>
         <load_address>0x1e44</load_address>
         <run_address>0x1e44</run_address>
         <size>0x2c</size>
         <input_file_ref idref="fl-4"/>
      </object_component>
      <object_component id="oc-2f6">
         <name>.text:GPIODirModeSet</name>
         <load_address>0x1e70</load_address>
         <run_address>0x1e70</run_address>
         <size>0x2a</size>
         <input_file_ref idref="fl-144"/>
      </object_component>
      <object_component id="oc-178">
         <name>.text:I2CMStateReadFirst</name>
         <load_address>0x1e9a</load_address>
         <run_address>0x1e9a</run_address>
         <size>0x2a</size>
         <input_file_ref idref="fl-147"/>
      </object_component>
      <object_component id="oc-1b4">
         <name>.text:EnableLED</name>
         <load_address>0x1ec4</load_address>
         <run_address>0x1ec4</run_address>
         <size>0x28</size>
         <input_file_ref idref="fl-2"/>
      </object_component>
      <object_component id="oc-17e">
         <name>.text:I2CMStateReadOne</name>
         <load_address>0x1eec</load_address>
         <run_address>0x1eec</run_address>
         <size>0x20</size>
         <input_file_ref idref="fl-147"/>
      </object_component>
      <object_component id="oc-a1">
         <name>.text:UARTprintf</name>
         <load_address>0x1f0c</load_address>
         <run_address>0x1f0c</run_address>
         <size>0x1a</size>
         <input_file_ref idref="fl-4"/>
      </object_component>
      <object_component id="oc-1e4">
         <name>.text:BMP180DataPressureGetRaw</name>
         <load_address>0x1f26</load_address>
         <run_address>0x1f26</run_address>
         <size>0x18</size>
         <input_file_ref idref="fl-148"/>
      </object_component>
      <object_component id="oc-160">
         <name>.text:I2CMStateReadWait</name>
         <load_address>0x1f3e</load_address>
         <run_address>0x1f3e</run_address>
         <size>0x18</size>
         <input_file_ref idref="fl-147"/>
      </object_component>
      <object_component id="oc-c2">
         <name>.text:IsBufferFull</name>
         <load_address>0x1f56</load_address>
         <run_address>0x1f56</run_address>
         <size>0x18</size>
         <input_file_ref idref="fl-4"/>
      </object_component>
      <object_component id="oc-2ad">
         <name>.text:MPU9150AppCallback</name>
         <load_address>0x1f70</load_address>
         <run_address>0x1f70</run_address>
         <size>0x18</size>
         <input_file_ref idref="fl-2"/>
      </object_component>
      <object_component id="oc-61">
         <name>.text</name>
         <load_address>0x1f88</load_address>
         <run_address>0x1f88</run_address>
         <size>0x18</size>
         <input_file_ref idref="fl-13e"/>
      </object_component>
      <object_component id="oc-1fd">
         <name>.text</name>
         <load_address>0x1fa0</load_address>
         <run_address>0x1fa0</run_address>
         <size>0x14</size>
         <input_file_ref idref="fl-13d"/>
      </object_component>
      <object_component id="oc-270">
         <name>.text:GPIOPinTypeI2CSCL</name>
         <load_address>0x1fb4</load_address>
         <run_address>0x1fb4</run_address>
         <size>0x12</size>
         <input_file_ref idref="fl-144"/>
      </object_component>
      <object_component id="oc-1c">
         <name>.text:decompress:ZI</name>
         <load_address>0x1fc6</load_address>
         <run_address>0x1fc6</run_address>
         <size>0x12</size>
         <input_file_ref idref="fl-137"/>
      </object_component>
      <object_component id="oc-1ef">
         <name>.text:BMP180AppCallback</name>
         <load_address>0x1fd8</load_address>
         <run_address>0x1fd8</run_address>
         <size>0x10</size>
         <input_file_ref idref="fl-2"/>
      </object_component>
      <object_component id="oc-95">
         <name>.text:GPIOIntStatus</name>
         <load_address>0x1fe8</load_address>
         <run_address>0x1fe8</run_address>
         <size>0xe</size>
         <input_file_ref idref="fl-144"/>
      </object_component>
      <object_component id="oc-b6">
         <name>.text:IsBufferEmpty</name>
         <load_address>0x1ff6</load_address>
         <run_address>0x1ff6</run_address>
         <size>0xe</size>
         <input_file_ref idref="fl-4"/>
      </object_component>
      <object_component id="oc-16">
         <name>.text:decompress:none</name>
         <load_address>0x2004</load_address>
         <run_address>0x2004</run_address>
         <size>0xe</size>
         <input_file_ref idref="fl-135"/>
      </object_component>
      <object_component id="oc-277">
         <name>.text:GPIOIntEnable</name>
         <load_address>0x2012</load_address>
         <run_address>0x2012</run_address>
         <size>0xc</size>
         <input_file_ref idref="fl-144"/>
      </object_component>
      <object_component id="oc-343">
         <name>.text:IntTrigger</name>
         <load_address>0x2020</load_address>
         <run_address>0x2020</run_address>
         <size>0xc</size>
         <input_file_ref idref="fl-143"/>
      </object_component>
      <object_component id="oc-4d">
         <name>.text:MPU9150I2CIntHandler</name>
         <load_address>0x202c</load_address>
         <run_address>0x202c</run_address>
         <size>0xc</size>
         <input_file_ref idref="fl-2"/>
      </object_component>
      <object_component id="oc-262">
         <name>.text:UARTFlowControlSet</name>
         <load_address>0x2038</load_address>
         <run_address>0x2038</run_address>
         <size>0xc</size>
         <input_file_ref idref="fl-141"/>
      </object_component>
      <object_component id="oc-304">
         <name>.text:I2CMasterEnable</name>
         <load_address>0x2044</load_address>
         <run_address>0x2044</run_address>
         <size>0xa</size>
         <input_file_ref idref="fl-14c"/>
      </object_component>
      <object_component id="oc-14e">
         <name>.text:I2CMasterIntClear</name>
         <load_address>0x204e</load_address>
         <run_address>0x204e</run_address>
         <size>0x8</size>
         <input_file_ref idref="fl-14c"/>
      </object_component>
      <object_component id="oc-28b">
         <name>.text:I2CMasterIntEnableEx</name>
         <load_address>0x2056</load_address>
         <run_address>0x2056</run_address>
         <size>0x8</size>
         <input_file_ref idref="fl-14c"/>
      </object_component>
      <object_component id="oc-232">
         <name>.text:I2CMasterSlaveAddrSet</name>
         <load_address>0x205e</load_address>
         <run_address>0x205e</run_address>
         <size>0x8</size>
         <input_file_ref idref="fl-14c"/>
      </object_component>
      <object_component id="oc-9b">
         <name>.text:GPIOIntClear</name>
         <load_address>0x2066</load_address>
         <run_address>0x2066</run_address>
         <size>0x6</size>
         <input_file_ref idref="fl-144"/>
      </object_component>
      <object_component id="oc-29">
         <name>.text:ResetISR</name>
         <load_address>0x206c</load_address>
         <run_address>0x206c</run_address>
         <size>0x6</size>
         <input_file_ref idref="fl-3"/>
      </object_component>
      <object_component id="oc-25c">
         <name>.text:UARTClockSourceSet</name>
         <load_address>0x2072</load_address>
         <run_address>0x2072</run_address>
         <size>0x6</size>
         <input_file_ref idref="fl-141"/>
      </object_component>
      <object_component id="oc-22">
         <name>.text:decompress:rle24</name>
         <load_address>0x2078</load_address>
         <run_address>0x2078</run_address>
         <size>0x6</size>
         <input_file_ref idref="fl-136"/>
      </object_component>
      <object_component id="oc-154">
         <name>.text:I2CMasterControl</name>
         <load_address>0x207e</load_address>
         <run_address>0x207e</run_address>
         <size>0x4</size>
         <input_file_ref idref="fl-14c"/>
      </object_component>
      <object_component id="oc-228">
         <name>.text:I2CMasterDataGet</name>
         <load_address>0x2082</load_address>
         <run_address>0x2082</run_address>
         <size>0x4</size>
         <input_file_ref idref="fl-14c"/>
      </object_component>
      <object_component id="oc-23a">
         <name>.text:I2CMasterDataPut</name>
         <load_address>0x2086</load_address>
         <run_address>0x2086</run_address>
         <size>0x4</size>
         <input_file_ref idref="fl-14c"/>
      </object_component>
      <object_component id="oc-30b">
         <name>.const</name>
         <load_address>0x208c</load_address>
         <run_address>0x208c</run_address>
         <size>0x70</size>
         <input_file_ref idref="fl-143"/>
      </object_component>
      <object_component id="oc-13e">
         <name>.const</name>
         <load_address>0x20fc</load_address>
         <run_address>0x20fc</run_address>
         <size>0x28</size>
         <input_file_ref idref="fl-4"/>
      </object_component>
      <object_component id="oc-21f">
         <name>.const:.string</name>
         <load_address>0x2124</load_address>
         <run_address>0x2124</run_address>
         <size>0x12</size>
         <input_file_ref idref="fl-4"/>
      </object_component>
      <object_component id="oc-3ae">
         <name>.cinit..data.load</name>
         <load_address>0x2138</load_address>
         <run_address>0x2138</run_address>
         <size>0x12</size>
      </object_component>
      <object_component id="oc-3ac">
         <name>__TI_handler_table</name>
         <load_address>0x214c</load_address>
         <run_address>0x214c</run_address>
         <size>0xc</size>
      </object_component>
      <object_component id="oc-3af">
         <name>.cinit..bss.load</name>
         <load_address>0x2158</load_address>
         <run_address>0x2158</run_address>
         <size>0x8</size>
      </object_component>
      <object_component id="oc-3ad">
         <name>__TI_cinit_table</name>
         <load_address>0x2160</load_address>
         <run_address>0x2160</run_address>
         <size>0x10</size>
      </object_component>
      <object_component id="oc-6d">
         <name>.data</name>
         <load_address>0x20000a9c</load_address>
         <run_address>0x20000a9c</run_address>
         <size>0x4</size>
         <input_file_ref idref="fl-13b"/>
      </object_component>
      <object_component id="oc-a7">
         <name>.data</name>
         <load_address>0x20000a98</load_address>
         <run_address>0x20000a98</run_address>
         <size>0x4</size>
         <input_file_ref idref="fl-2"/>
      </object_component>
      <object_component id="oc-c8">
         <name>.data</name>
         <load_address>0x20000a70</load_address>
         <run_address>0x20000a70</run_address>
         <size>0x15</size>
         <input_file_ref idref="fl-4"/>
      </object_component>
      <object_component id="oc-105">
         <name>.data</name>
         <load_address>0x20000a88</load_address>
         <run_address>0x20000a88</run_address>
         <size>0x8</size>
         <input_file_ref idref="fl-13d"/>
      </object_component>
      <object_component id="oc-108">
         <name>.data</name>
         <load_address>0x20000a90</load_address>
         <run_address>0x20000a90</run_address>
         <size>0x8</size>
         <input_file_ref idref="fl-138"/>
      </object_component>
      <object_component id="oc-ce">
         <name>.bss:g_pcUARTRxBuffer</name>
         <uninitialized>true</uninitialized>
         <run_address>0x20000524</run_address>
         <size>0x80</size>
         <input_file_ref idref="fl-4"/>
      </object_component>
      <object_component id="oc-dd">
         <name>.bss:g_sI2CInst</name>
         <uninitialized>true</uninitialized>
         <run_address>0x20000400</run_address>
         <size>0x124</size>
         <input_file_ref idref="fl-2"/>
      </object_component>
      <object_component id="oc-141">
         <name>.bss:g_pcUARTTxBuffer</name>
         <uninitialized>true</uninitialized>
         <run_address>0x20000000</run_address>
         <size>0x400</size>
         <input_file_ref idref="fl-4"/>
      </object_component>
      <object_component id="oc-1ea">
         <name>.bss:g_sBMP180Inst</name>
         <uninitialized>true</uninitialized>
         <run_address>0x20000610</run_address>
         <size>0x44</size>
         <input_file_ref idref="fl-2"/>
      </object_component>
      <object_component id="oc-2aa">
         <name>.bss:g_sMPU9150Inst</name>
         <uninitialized>true</uninitialized>
         <run_address>0x200005a4</run_address>
         <size>0x6c</size>
         <input_file_ref idref="fl-2"/>
      </object_component>
      <object_component id="oc-332">
         <name>.common:g_vui8I2CDoneFlag</name>
         <uninitialized>true</uninitialized>
         <run_address>0x20000660</run_address>
         <size>0x4</size>
      </object_component>
      <object_component id="oc-374">
         <name>.common:g_vui8ErrorFlag</name>
         <uninitialized>true</uninitialized>
         <run_address>0x2000065c</run_address>
         <size>0x4</size>
      </object_component>
      <object_component id="oc-2d3">
         <name>.common:g_vui8DataFlag</name>
         <uninitialized>true</uninitialized>
         <run_address>0x20000658</run_address>
         <size>0x4</size>
      </object_component>
      <object_component id="oc-1ed">
         <name>.common:m_pressureValue</name>
         <uninitialized>true</uninitialized>
         <run_address>0x20000664</run_address>
         <size>0x4</size>
      </object_component>
      <object_component id="oc-cb">
         <name>.common:g_bDisableEcho</name>
         <uninitialized>true</uninitialized>
         <run_address>0x2000066c</run_address>
         <size>0x1</size>
      </object_component>
      <object_component id="oc-2f4">
         <name>.common:g_ui32PortNum</name>
         <uninitialized>true</uninitialized>
         <run_address>0x20000654</run_address>
         <size>0x4</size>
      </object_component>
      <object_component id="oc-ed">
         <name>.common:ulFlags$1</name>
         <uninitialized>true</uninitialized>
         <run_address>0x20000668</run_address>
         <size>0x4</size>
      </object_component>
      <object_component id="oc-28">
         <name>.stack</name>
         <uninitialized>true</uninitialized>
         <run_address>0x20000670</run_address>
         <size>0x0</size>
         <input_file_ref idref="fl-134"/>
      </object_component>
      <object_component id="oc-3b0">
         <name>.stack</name>
         <uninitialized>true</uninitialized>
         <run_address>0x20000670</run_address>
         <size>0x0</size>
      </object_component>
      <object_component id="oc-f">
         <name>.debug_info</name>
         <load_address>0x0</load_address>
         <run_address>0x0</run_address>
         <size>0xec</size>
         <input_file_ref idref="fl-3"/>
      </object_component>
      <object_component id="oc-14">
         <name>.debug_info</name>
         <load_address>0xec</load_address>
         <run_address>0xec</run_address>
         <size>0xf2</size>
         <input_file_ref idref="fl-134"/>
      </object_component>
      <object_component id="oc-1a">
         <name>.debug_info</name>
         <load_address>0x1de</load_address>
         <run_address>0x1de</run_address>
         <size>0x180</size>
         <input_file_ref idref="fl-135"/>
      </object_component>
      <object_component id="oc-1d">
         <name>.debug_info</name>
         <load_address>0x35e</load_address>
         <run_address>0x35e</run_address>
         <size>0x16b</size>
         <input_file_ref idref="fl-137"/>
      </object_component>
      <object_component id="oc-23">
         <name>.debug_info</name>
         <load_address>0x4c9</load_address>
         <run_address>0x4c9</run_address>
         <size>0x167</size>
         <input_file_ref idref="fl-136"/>
      </object_component>
      <object_component id="oc-2b">
         <name>.debug_info</name>
         <load_address>0x630</load_address>
         <run_address>0x630</run_address>
         <size>0x11c</size>
         <input_file_ref idref="fl-3"/>
      </object_component>
      <object_component id="oc-31">
         <name>.debug_info</name>
         <load_address>0x74c</load_address>
         <run_address>0x74c</run_address>
         <size>0x10d</size>
         <input_file_ref idref="fl-3"/>
      </object_component>
      <object_component id="oc-36">
         <name>.debug_info</name>
         <load_address>0x859</load_address>
         <run_address>0x859</run_address>
         <size>0x113</size>
         <input_file_ref idref="fl-3"/>
      </object_component>
      <object_component id="oc-3d">
         <name>.debug_info</name>
         <load_address>0x96c</load_address>
         <run_address>0x96c</run_address>
         <size>0x125</size>
         <input_file_ref idref="fl-3"/>
      </object_component>
      <object_component id="oc-42">
         <name>.debug_info</name>
         <load_address>0xa91</load_address>
         <run_address>0xa91</run_address>
         <size>0x179</size>
         <input_file_ref idref="fl-2"/>
      </object_component>
      <object_component id="oc-4a">
         <name>.debug_info</name>
         <load_address>0xc0a</load_address>
         <run_address>0xc0a</run_address>
         <size>0x2d0</size>
         <input_file_ref idref="fl-4"/>
      </object_component>
      <object_component id="oc-4e">
         <name>.debug_info</name>
         <load_address>0xeda</load_address>
         <run_address>0xeda</run_address>
         <size>0x150</size>
         <input_file_ref idref="fl-2"/>
      </object_component>
      <object_component id="oc-57">
         <name>.debug_info</name>
         <load_address>0x102a</load_address>
         <run_address>0x102a</run_address>
         <size>0x268</size>
         <input_file_ref idref="fl-5"/>
      </object_component>
      <object_component id="oc-5b">
         <name>.debug_info</name>
         <load_address>0x1292</load_address>
         <run_address>0x1292</run_address>
         <size>0x1a9</size>
         <input_file_ref idref="fl-3"/>
      </object_component>
      <object_component id="oc-5d">
         <name>.debug_info</name>
         <load_address>0x143b</load_address>
         <run_address>0x143b</run_address>
         <size>0x13a</size>
         <input_file_ref idref="fl-13f"/>
      </object_component>
      <object_component id="oc-62">
         <name>.debug_info</name>
         <load_address>0x1575</load_address>
         <run_address>0x1575</run_address>
         <size>0x11d</size>
         <input_file_ref idref="fl-13e"/>
      </object_component>
      <object_component id="oc-69">
         <name>.debug_info</name>
         <load_address>0x1692</load_address>
         <run_address>0x1692</run_address>
         <size>0x1ae</size>
         <input_file_ref idref="fl-138"/>
      </object_component>
      <object_component id="oc-6e">
         <name>.debug_info</name>
         <load_address>0x1840</load_address>
         <run_address>0x1840</run_address>
         <size>0xbf</size>
         <input_file_ref idref="fl-13b"/>
      </object_component>
      <object_component id="oc-74">
         <name>.debug_info</name>
         <load_address>0x18ff</load_address>
         <run_address>0x18ff</run_address>
         <size>0xcb</size>
         <input_file_ref idref="fl-13a"/>
      </object_component>
      <object_component id="oc-77">
         <name>.debug_info</name>
         <load_address>0x19ca</load_address>
         <run_address>0x19ca</run_address>
         <size>0x46</size>
         <input_file_ref idref="fl-135"/>
      </object_component>
      <object_component id="oc-7c">
         <name>.debug_info</name>
         <load_address>0x1a10</load_address>
         <run_address>0x1a10</run_address>
         <size>0xee</size>
         <input_file_ref idref="fl-135"/>
      </object_component>
      <object_component id="oc-7e">
         <name>.debug_info</name>
         <load_address>0x1afe</load_address>
         <run_address>0x1afe</run_address>
         <size>0x46</size>
         <input_file_ref idref="fl-137"/>
      </object_component>
      <object_component id="oc-83">
         <name>.debug_info</name>
         <load_address>0x1b44</load_address>
         <run_address>0x1b44</run_address>
         <size>0xae</size>
         <input_file_ref idref="fl-137"/>
      </object_component>
      <object_component id="oc-85">
         <name>.debug_info</name>
         <load_address>0x1bf2</load_address>
         <run_address>0x1bf2</run_address>
         <size>0x1f0</size>
         <input_file_ref idref="fl-136"/>
      </object_component>
      <object_component id="oc-8b">
         <name>.debug_info</name>
         <load_address>0x1de2</load_address>
         <run_address>0x1de2</run_address>
         <size>0xb8</size>
         <input_file_ref idref="fl-136"/>
      </object_component>
      <object_component id="oc-8c">
         <name>.debug_info</name>
         <load_address>0x1e9a</load_address>
         <run_address>0x1e9a</run_address>
         <size>0x39</size>
         <input_file_ref idref="fl-136"/>
      </object_component>
      <object_component id="oc-96">
         <name>.debug_info</name>
         <load_address>0x1ed3</load_address>
         <run_address>0x1ed3</run_address>
         <size>0x1e3</size>
         <input_file_ref idref="fl-144"/>
      </object_component>
      <object_component id="oc-9c">
         <name>.debug_info</name>
         <load_address>0x20b6</load_address>
         <run_address>0x20b6</run_address>
         <size>0x1f1</size>
         <input_file_ref idref="fl-144"/>
      </object_component>
      <object_component id="oc-a4">
         <name>.debug_info</name>
         <load_address>0x22a7</load_address>
         <run_address>0x22a7</run_address>
         <size>0x1d4</size>
         <input_file_ref idref="fl-4"/>
      </object_component>
      <object_component id="oc-a8">
         <name>.debug_info</name>
         <load_address>0x247b</load_address>
         <run_address>0x247b</run_address>
         <size>0xe2</size>
         <input_file_ref idref="fl-2"/>
      </object_component>
      <object_component id="oc-ab">
         <name>.debug_info</name>
         <load_address>0x255d</load_address>
         <run_address>0x255d</run_address>
         <size>0x8b</size>
         <input_file_ref idref="fl-2"/>
      </object_component>
      <object_component id="oc-b3">
         <name>.debug_info</name>
         <load_address>0x25e8</load_address>
         <run_address>0x25e8</run_address>
         <size>0x1fc</size>
         <input_file_ref idref="fl-4"/>
      </object_component>
      <object_component id="oc-b9">
         <name>.debug_info</name>
         <load_address>0x27e4</load_address>
         <run_address>0x27e4</run_address>
         <size>0x23c</size>
         <input_file_ref idref="fl-4"/>
      </object_component>
      <object_component id="oc-bf">
         <name>.debug_info</name>
         <load_address>0x2a20</load_address>
         <run_address>0x2a20</run_address>
         <size>0x23f</size>
         <input_file_ref idref="fl-4"/>
      </object_component>
      <object_component id="oc-c4">
         <name>.debug_info</name>
         <load_address>0x2c5f</load_address>
         <run_address>0x2c5f</run_address>
         <size>0x26c</size>
         <input_file_ref idref="fl-4"/>
      </object_component>
      <object_component id="oc-c9">
         <name>.debug_info</name>
         <load_address>0x2ecb</load_address>
         <run_address>0x2ecb</run_address>
         <size>0x1f8</size>
         <input_file_ref idref="fl-4"/>
      </object_component>
      <object_component id="oc-cc">
         <name>.debug_info</name>
         <load_address>0x30c3</load_address>
         <run_address>0x30c3</run_address>
         <size>0x1b3</size>
         <input_file_ref idref="fl-4"/>
      </object_component>
      <object_component id="oc-cf">
         <name>.debug_info</name>
         <load_address>0x3276</load_address>
         <run_address>0x3276</run_address>
         <size>0x118</size>
         <input_file_ref idref="fl-4"/>
      </object_component>
      <object_component id="oc-d2">
         <name>.debug_info</name>
         <load_address>0x338e</load_address>
         <run_address>0x338e</run_address>
         <size>0x18b</size>
         <input_file_ref idref="fl-2"/>
      </object_component>
      <object_component id="oc-d8">
         <name>.debug_info</name>
         <load_address>0x3519</load_address>
         <run_address>0x3519</run_address>
         <size>0x418</size>
         <input_file_ref idref="fl-147"/>
      </object_component>
      <object_component id="oc-de">
         <name>.debug_info</name>
         <load_address>0x3931</load_address>
         <run_address>0x3931</run_address>
         <size>0xec</size>
         <input_file_ref idref="fl-2"/>
      </object_component>
      <object_component id="oc-e5">
         <name>.debug_info</name>
         <load_address>0x3a1d</load_address>
         <run_address>0x3a1d</run_address>
         <size>0x237</size>
         <input_file_ref idref="fl-5"/>
      </object_component>
      <object_component id="oc-e9">
         <name>.debug_info</name>
         <load_address>0x3c54</load_address>
         <run_address>0x3c54</run_address>
         <size>0x25f</size>
         <input_file_ref idref="fl-5"/>
      </object_component>
      <object_component id="oc-ef">
         <name>.debug_info</name>
         <load_address>0x3eb3</load_address>
         <run_address>0x3eb3</run_address>
         <size>0x84</size>
         <input_file_ref idref="fl-3"/>
      </object_component>
      <object_component id="oc-fa">
         <name>.debug_info</name>
         <load_address>0x3f37</load_address>
         <run_address>0x3f37</run_address>
         <size>0x14c</size>
         <input_file_ref idref="fl-140"/>
      </object_component>
      <object_component id="oc-fe">
         <name>.debug_info</name>
         <load_address>0x4083</load_address>
         <run_address>0x4083</run_address>
         <size>0x231</size>
         <input_file_ref idref="fl-2"/>
      </object_component>
      <object_component id="oc-104">
         <name>.debug_info</name>
         <load_address>0x42b4</load_address>
         <run_address>0x42b4</run_address>
         <size>0x11c</size>
         <input_file_ref idref="fl-13e"/>
      </object_component>
      <object_component id="oc-106">
         <name>.debug_info</name>
         <load_address>0x43d0</load_address>
         <run_address>0x43d0</run_address>
         <size>0xc9</size>
         <input_file_ref idref="fl-13d"/>
      </object_component>
      <object_component id="oc-109">
         <name>.debug_info</name>
         <load_address>0x4499</load_address>
         <run_address>0x4499</run_address>
         <size>0xec</size>
         <input_file_ref idref="fl-138"/>
      </object_component>
      <object_component id="oc-10f">
         <name>.debug_info</name>
         <load_address>0x4585</load_address>
         <run_address>0x4585</run_address>
         <size>0x2c</size>
         <input_file_ref idref="fl-135"/>
      </object_component>
      <object_component id="oc-116">
         <name>.debug_info</name>
         <load_address>0x45b1</load_address>
         <run_address>0x45b1</run_address>
         <size>0x2c</size>
         <input_file_ref idref="fl-137"/>
      </object_component>
      <object_component id="oc-121">
         <name>.debug_info</name>
         <load_address>0x45dd</load_address>
         <run_address>0x45dd</run_address>
         <size>0x18b</size>
         <input_file_ref idref="fl-141"/>
      </object_component>
      <object_component id="oc-126">
         <name>.debug_info</name>
         <load_address>0x4768</load_address>
         <run_address>0x4768</run_address>
         <size>0x90</size>
         <input_file_ref idref="fl-141"/>
      </object_component>
      <object_component id="oc-12b">
         <name>.debug_info</name>
         <load_address>0x47f8</load_address>
         <run_address>0x47f8</run_address>
         <size>0x1d7</size>
         <input_file_ref idref="fl-144"/>
      </object_component>
      <object_component id="oc-130">
         <name>.debug_info</name>
         <load_address>0x49cf</load_address>
         <run_address>0x49cf</run_address>
         <size>0x324</size>
         <input_file_ref idref="fl-4"/>
      </object_component>
      <object_component id="oc-134">
         <name>.debug_info</name>
         <load_address>0x4cf3</load_address>
         <run_address>0x4cf3</run_address>
         <size>0x4e</size>
         <input_file_ref idref="fl-2"/>
      </object_component>
      <object_component id="oc-13b">
         <name>.debug_info</name>
         <load_address>0x4d41</load_address>
         <run_address>0x4d41</run_address>
         <size>0x8c8</size>
         <input_file_ref idref="fl-2"/>
      </object_component>
      <object_component id="oc-13f">
         <name>.debug_info</name>
         <load_address>0x5609</load_address>
         <run_address>0x5609</run_address>
         <size>0x18c</size>
         <input_file_ref idref="fl-4"/>
      </object_component>
      <object_component id="oc-142">
         <name>.debug_info</name>
         <load_address>0x5795</load_address>
         <run_address>0x5795</run_address>
         <size>0x118</size>
         <input_file_ref idref="fl-4"/>
      </object_component>
      <object_component id="oc-150">
         <name>.debug_info</name>
         <load_address>0x58ad</load_address>
         <run_address>0x58ad</run_address>
         <size>0x1b6</size>
         <input_file_ref idref="fl-14c"/>
      </object_component>
      <object_component id="oc-156">
         <name>.debug_info</name>
         <load_address>0x5a63</load_address>
         <run_address>0x5a63</run_address>
         <size>0x1e2</size>
         <input_file_ref idref="fl-14c"/>
      </object_component>
      <object_component id="oc-15b">
         <name>.debug_info</name>
         <load_address>0x5c45</load_address>
         <run_address>0x5c45</run_address>
         <size>0x273</size>
         <input_file_ref idref="fl-147"/>
      </object_component>
      <object_component id="oc-161">
         <name>.debug_info</name>
         <load_address>0x5eb8</load_address>
         <run_address>0x5eb8</run_address>
         <size>0x205</size>
         <input_file_ref idref="fl-147"/>
      </object_component>
      <object_component id="oc-167">
         <name>.debug_info</name>
         <load_address>0x60bd</load_address>
         <run_address>0x60bd</run_address>
         <size>0x21e</size>
         <input_file_ref idref="fl-147"/>
      </object_component>
      <object_component id="oc-16d">
         <name>.debug_info</name>
         <load_address>0x62db</load_address>
         <run_address>0x62db</run_address>
         <size>0x22b</size>
         <input_file_ref idref="fl-147"/>
      </object_component>
      <object_component id="oc-173">
         <name>.debug_info</name>
         <load_address>0x6506</load_address>
         <run_address>0x6506</run_address>
         <size>0x229</size>
         <input_file_ref idref="fl-147"/>
      </object_component>
      <object_component id="oc-179">
         <name>.debug_info</name>
         <load_address>0x672f</load_address>
         <run_address>0x672f</run_address>
         <size>0x223</size>
         <input_file_ref idref="fl-147"/>
      </object_component>
      <object_component id="oc-17f">
         <name>.debug_info</name>
         <load_address>0x6952</load_address>
         <run_address>0x6952</run_address>
         <size>0x21f</size>
         <input_file_ref idref="fl-147"/>
      </object_component>
      <object_component id="oc-185">
         <name>.debug_info</name>
         <load_address>0x6b71</load_address>
         <run_address>0x6b71</run_address>
         <size>0x24e</size>
         <input_file_ref idref="fl-147"/>
      </object_component>
      <object_component id="oc-18b">
         <name>.debug_info</name>
         <load_address>0x6dbf</load_address>
         <run_address>0x6dbf</run_address>
         <size>0x244</size>
         <input_file_ref idref="fl-147"/>
      </object_component>
      <object_component id="oc-191">
         <name>.debug_info</name>
         <load_address>0x7003</load_address>
         <run_address>0x7003</run_address>
         <size>0x22b</size>
         <input_file_ref idref="fl-147"/>
      </object_component>
      <object_component id="oc-197">
         <name>.debug_info</name>
         <load_address>0x722e</load_address>
         <run_address>0x722e</run_address>
         <size>0x291</size>
         <input_file_ref idref="fl-147"/>
      </object_component>
      <object_component id="oc-19d">
         <name>.debug_info</name>
         <load_address>0x74bf</load_address>
         <run_address>0x74bf</run_address>
         <size>0x3f7</size>
         <input_file_ref idref="fl-147"/>
      </object_component>
      <object_component id="oc-19e">
         <name>.debug_info</name>
         <load_address>0x78b6</load_address>
         <run_address>0x78b6</run_address>
         <size>0x18b</size>
         <input_file_ref idref="fl-146"/>
      </object_component>
      <object_component id="oc-1a5">
         <name>.debug_info</name>
         <load_address>0x7a41</load_address>
         <run_address>0x7a41</run_address>
         <size>0x4e6</size>
         <input_file_ref idref="fl-2"/>
      </object_component>
      <object_component id="oc-1ad">
         <name>.debug_info</name>
         <load_address>0x7f27</load_address>
         <run_address>0x7f27</run_address>
         <size>0x149</size>
         <input_file_ref idref="fl-140"/>
      </object_component>
      <object_component id="oc-1af">
         <name>.debug_info</name>
         <load_address>0x8070</load_address>
         <run_address>0x8070</run_address>
         <size>0x19d</size>
         <input_file_ref idref="fl-2"/>
      </object_component>
      <object_component id="oc-1b5">
         <name>.debug_info</name>
         <load_address>0x820d</load_address>
         <run_address>0x820d</run_address>
         <size>0x138</size>
         <input_file_ref idref="fl-2"/>
      </object_component>
      <object_component id="oc-1bb">
         <name>.debug_info</name>
         <load_address>0x8345</load_address>
         <run_address>0x8345</run_address>
         <size>0x16b</size>
         <input_file_ref idref="fl-2"/>
      </object_component>
      <object_component id="oc-1c1">
         <name>.debug_info</name>
         <load_address>0x84b0</load_address>
         <run_address>0x84b0</run_address>
         <size>0x173</size>
         <input_file_ref idref="fl-2"/>
      </object_component>
      <object_component id="oc-1c7">
         <name>.debug_info</name>
         <load_address>0x8623</load_address>
         <run_address>0x8623</run_address>
         <size>0x184</size>
         <input_file_ref idref="fl-2"/>
      </object_component>
      <object_component id="oc-1cd">
         <name>.debug_info</name>
         <load_address>0x87a7</load_address>
         <run_address>0x87a7</run_address>
         <size>0x2b4</size>
         <input_file_ref idref="fl-147"/>
      </object_component>
      <object_component id="oc-1d3">
         <name>.debug_info</name>
         <load_address>0x8a5b</load_address>
         <run_address>0x8a5b</run_address>
         <size>0x225</size>
         <input_file_ref idref="fl-2"/>
      </object_component>
      <object_component id="oc-1d9">
         <name>.debug_info</name>
         <load_address>0x8c80</load_address>
         <run_address>0x8c80</run_address>
         <size>0x168</size>
         <input_file_ref idref="fl-2"/>
      </object_component>
      <object_component id="oc-1df">
         <name>.debug_info</name>
         <load_address>0x8de8</load_address>
         <run_address>0x8de8</run_address>
         <size>0x24f</size>
         <input_file_ref idref="fl-148"/>
      </object_component>
      <object_component id="oc-1e5">
         <name>.debug_info</name>
         <load_address>0x9037</load_address>
         <run_address>0x9037</run_address>
         <size>0x20b</size>
         <input_file_ref idref="fl-148"/>
      </object_component>
      <object_component id="oc-1eb">
         <name>.debug_info</name>
         <load_address>0x9242</load_address>
         <run_address>0x9242</run_address>
         <size>0xf2</size>
         <input_file_ref idref="fl-2"/>
      </object_component>
      <object_component id="oc-1f0">
         <name>.debug_info</name>
         <load_address>0x9334</load_address>
         <run_address>0x9334</run_address>
         <size>0x195</size>
         <input_file_ref idref="fl-2"/>
      </object_component>
      <object_component id="oc-1f8">
         <name>.debug_info</name>
         <load_address>0x94c9</load_address>
         <run_address>0x94c9</run_address>
         <size>0x5e</size>
         <input_file_ref idref="fl-13e"/>
      </object_component>
      <object_component id="oc-1ff">
         <name>.debug_info</name>
         <load_address>0x9527</load_address>
         <run_address>0x9527</run_address>
         <size>0x1d5</size>
         <input_file_ref idref="fl-13d"/>
      </object_component>
      <object_component id="oc-205">
         <name>.debug_info</name>
         <load_address>0x96fc</load_address>
         <run_address>0x96fc</run_address>
         <size>0xda</size>
         <input_file_ref idref="fl-13d"/>
      </object_component>
      <object_component id="oc-209">
         <name>.debug_info</name>
         <load_address>0x97d6</load_address>
         <run_address>0x97d6</run_address>
         <size>0x142</size>
         <input_file_ref idref="fl-138"/>
      </object_component>
      <object_component id="oc-20f">
         <name>.debug_info</name>
         <load_address>0x9918</load_address>
         <run_address>0x9918</run_address>
         <size>0x134</size>
         <input_file_ref idref="fl-13c"/>
      </object_component>
      <object_component id="oc-215">
         <name>.debug_info</name>
         <load_address>0x9a4c</load_address>
         <run_address>0x9a4c</run_address>
         <size>0x16c</size>
         <input_file_ref idref="fl-2"/>
      </object_component>
      <object_component id="oc-21a">
         <name>.debug_info</name>
         <load_address>0x9bb8</load_address>
         <run_address>0x9bb8</run_address>
         <size>0x1f8</size>
         <input_file_ref idref="fl-2"/>
      </object_component>
      <object_component id="oc-225">
         <name>.debug_info</name>
         <load_address>0x9db0</load_address>
         <run_address>0x9db0</run_address>
         <size>0x1d8</size>
         <input_file_ref idref="fl-14c"/>
      </object_component>
      <object_component id="oc-22a">
         <name>.debug_info</name>
         <load_address>0x9f88</load_address>
         <run_address>0x9f88</run_address>
         <size>0x1b8</size>
         <input_file_ref idref="fl-14c"/>
      </object_component>
      <object_component id="oc-234">
         <name>.debug_info</name>
         <load_address>0xa140</load_address>
         <run_address>0xa140</run_address>
         <size>0x232</size>
         <input_file_ref idref="fl-14c"/>
      </object_component>
      <object_component id="oc-23c">
         <name>.debug_info</name>
         <load_address>0xa372</load_address>
         <run_address>0xa372</run_address>
         <size>0x1e2</size>
         <input_file_ref idref="fl-14c"/>
      </object_component>
      <object_component id="oc-246">
         <name>.debug_info</name>
         <load_address>0xa554</load_address>
         <run_address>0xa554</run_address>
         <size>0x90</size>
         <input_file_ref idref="fl-147"/>
      </object_component>
      <object_component id="oc-24b">
         <name>.debug_info</name>
         <load_address>0xa5e4</load_address>
         <run_address>0xa5e4</run_address>
         <size>0x4e6</size>
         <input_file_ref idref="fl-147"/>
      </object_component>
      <object_component id="oc-250">
         <name>.debug_info</name>
         <load_address>0xaaca</load_address>
         <run_address>0xaaca</run_address>
         <size>0x89</size>
         <input_file_ref idref="fl-146"/>
      </object_component>
      <object_component id="oc-257">
         <name>.debug_info</name>
         <load_address>0xab53</load_address>
         <run_address>0xab53</run_address>
         <size>0xcd</size>
         <input_file_ref idref="fl-140"/>
      </object_component>
      <object_component id="oc-25d">
         <name>.debug_info</name>
         <load_address>0xac20</load_address>
         <run_address>0xac20</run_address>
         <size>0x1f5</size>
         <input_file_ref idref="fl-141"/>
      </object_component>
      <object_component id="oc-263">
         <name>.debug_info</name>
         <load_address>0xae15</load_address>
         <run_address>0xae15</run_address>
         <size>0x1ed</size>
         <input_file_ref idref="fl-141"/>
      </object_component>
      <object_component id="oc-26b">
         <name>.debug_info</name>
         <load_address>0xb002</load_address>
         <run_address>0xb002</run_address>
         <size>0x270</size>
         <input_file_ref idref="fl-4"/>
      </object_component>
      <object_component id="oc-272">
         <name>.debug_info</name>
         <load_address>0xb272</load_address>
         <run_address>0xb272</run_address>
         <size>0x1e3</size>
         <input_file_ref idref="fl-144"/>
      </object_component>
      <object_component id="oc-278">
         <name>.debug_info</name>
         <load_address>0xb455</load_address>
         <run_address>0xb455</run_address>
         <size>0x1f3</size>
         <input_file_ref idref="fl-144"/>
      </object_component>
      <object_component id="oc-281">
         <name>.debug_info</name>
         <load_address>0xb648</load_address>
         <run_address>0xb648</run_address>
         <size>0x24c</size>
         <input_file_ref idref="fl-14c"/>
      </object_component>
      <object_component id="oc-287">
         <name>.debug_info</name>
         <load_address>0xb894</load_address>
         <run_address>0xb894</run_address>
         <size>0x1cc</size>
         <input_file_ref idref="fl-143"/>
      </object_component>
      <object_component id="oc-28d">
         <name>.debug_info</name>
         <load_address>0xba60</load_address>
         <run_address>0xba60</run_address>
         <size>0x1fe</size>
         <input_file_ref idref="fl-14c"/>
      </object_component>
      <object_component id="oc-294">
         <name>.debug_info</name>
         <load_address>0xbc5e</load_address>
         <run_address>0xbc5e</run_address>
         <size>0x298</size>
         <input_file_ref idref="fl-146"/>
      </object_component>
      <object_component id="oc-299">
         <name>.debug_info</name>
         <load_address>0xbef6</load_address>
         <run_address>0xbef6</run_address>
         <size>0x18d</size>
         <input_file_ref idref="fl-2"/>
      </object_component>
      <object_component id="oc-29f">
         <name>.debug_info</name>
         <load_address>0xc083</load_address>
         <run_address>0xc083</run_address>
         <size>0x29d</size>
         <input_file_ref idref="fl-146"/>
      </object_component>
      <object_component id="oc-2a6">
         <name>.debug_info</name>
         <load_address>0xc320</load_address>
         <run_address>0xc320</run_address>
         <size>0x29e</size>
         <input_file_ref idref="fl-146"/>
      </object_component>
      <object_component id="oc-2ab">
         <name>.debug_info</name>
         <load_address>0xc5be</load_address>
         <run_address>0xc5be</run_address>
         <size>0xf4</size>
         <input_file_ref idref="fl-2"/>
      </object_component>
      <object_component id="oc-2ae">
         <name>.debug_info</name>
         <load_address>0xc6b2</load_address>
         <run_address>0xc6b2</run_address>
         <size>0x197</size>
         <input_file_ref idref="fl-2"/>
      </object_component>
      <object_component id="oc-2b5">
         <name>.debug_info</name>
         <load_address>0xc849</load_address>
         <run_address>0xc849</run_address>
         <size>0x293</size>
         <input_file_ref idref="fl-148"/>
      </object_component>
      <object_component id="oc-2bb">
         <name>.debug_info</name>
         <load_address>0xcadc</load_address>
         <run_address>0xcadc</run_address>
         <size>0x299</size>
         <input_file_ref idref="fl-148"/>
      </object_component>
      <object_component id="oc-2c3">
         <name>.debug_info</name>
         <load_address>0xcd75</load_address>
         <run_address>0xcd75</run_address>
         <size>0x3e8</size>
         <input_file_ref idref="fl-147"/>
      </object_component>
      <object_component id="oc-2c9">
         <name>.debug_info</name>
         <load_address>0xd15d</load_address>
         <run_address>0xd15d</run_address>
         <size>0x244</size>
         <input_file_ref idref="fl-148"/>
      </object_component>
      <object_component id="oc-2cf">
         <name>.debug_info</name>
         <load_address>0xd3a1</load_address>
         <run_address>0xd3a1</run_address>
         <size>0x32e</size>
         <input_file_ref idref="fl-148"/>
      </object_component>
      <object_component id="oc-2db">
         <name>.debug_info</name>
         <load_address>0xd6cf</load_address>
         <run_address>0xd6cf</run_address>
         <size>0x108</size>
         <input_file_ref idref="fl-2"/>
      </object_component>
      <object_component id="oc-2e6">
         <name>.debug_info</name>
         <load_address>0xd7d7</load_address>
         <run_address>0xd7d7</run_address>
         <size>0x1ce</size>
         <input_file_ref idref="fl-141"/>
      </object_component>
      <object_component id="oc-2eb">
         <name>.debug_info</name>
         <load_address>0xd9a5</load_address>
         <run_address>0xd9a5</run_address>
         <size>0x1b9</size>
         <input_file_ref idref="fl-4"/>
      </object_component>
      <object_component id="oc-2f1">
         <name>.debug_info</name>
         <load_address>0xdb5e</load_address>
         <run_address>0xdb5e</run_address>
         <size>0x205</size>
         <input_file_ref idref="fl-4"/>
      </object_component>
      <object_component id="oc-2f8">
         <name>.debug_info</name>
         <load_address>0xdd63</load_address>
         <run_address>0xdd63</run_address>
         <size>0x217</size>
         <input_file_ref idref="fl-144"/>
      </object_component>
      <object_component id="oc-2fe">
         <name>.debug_info</name>
         <load_address>0xdf7a</load_address>
         <run_address>0xdf7a</run_address>
         <size>0x312</size>
         <input_file_ref idref="fl-144"/>
      </object_component>
      <object_component id="oc-306">
         <name>.debug_info</name>
         <load_address>0xe28c</load_address>
         <run_address>0xe28c</run_address>
         <size>0x1b2</size>
         <input_file_ref idref="fl-14c"/>
      </object_component>
      <object_component id="oc-30c">
         <name>.debug_info</name>
         <load_address>0xe43e</load_address>
         <run_address>0xe43e</run_address>
         <size>0x1c2</size>
         <input_file_ref idref="fl-143"/>
      </object_component>
      <object_component id="oc-30f">
         <name>.debug_info</name>
         <load_address>0xe600</load_address>
         <run_address>0xe600</run_address>
         <size>0x1ba</size>
         <input_file_ref idref="fl-143"/>
      </object_component>
      <object_component id="oc-312">
         <name>.debug_info</name>
         <load_address>0xe7ba</load_address>
         <run_address>0xe7ba</run_address>
         <size>0x224</size>
         <input_file_ref idref="fl-146"/>
      </object_component>
      <object_component id="oc-318">
         <name>.debug_info</name>
         <load_address>0xe9de</load_address>
         <run_address>0xe9de</run_address>
         <size>0x348</size>
         <input_file_ref idref="fl-146"/>
      </object_component>
      <object_component id="oc-31a">
         <name>.debug_info</name>
         <load_address>0xed26</load_address>
         <run_address>0xed26</run_address>
         <size>0x1a7</size>
         <input_file_ref idref="fl-2"/>
      </object_component>
      <object_component id="oc-323">
         <name>.debug_info</name>
         <load_address>0xeecd</load_address>
         <run_address>0xeecd</run_address>
         <size>0x2ec</size>
         <input_file_ref idref="fl-147"/>
      </object_component>
      <object_component id="oc-32a">
         <name>.debug_info</name>
         <load_address>0xf1b9</load_address>
         <run_address>0xf1b9</run_address>
         <size>0x308</size>
         <input_file_ref idref="fl-147"/>
      </object_component>
      <object_component id="oc-339">
         <name>.debug_info</name>
         <load_address>0xf4c1</load_address>
         <run_address>0xf4c1</run_address>
         <size>0x205</size>
         <input_file_ref idref="fl-143"/>
      </object_component>
      <object_component id="oc-33f">
         <name>.debug_info</name>
         <load_address>0xf6c6</load_address>
         <run_address>0xf6c6</run_address>
         <size>0x1ce</size>
         <input_file_ref idref="fl-143"/>
      </object_component>
      <object_component id="oc-345">
         <name>.debug_info</name>
         <load_address>0xf894</load_address>
         <run_address>0xf894</run_address>
         <size>0x1ce</size>
         <input_file_ref idref="fl-143"/>
      </object_component>
      <object_component id="oc-34d">
         <name>.debug_info</name>
         <load_address>0xfa62</load_address>
         <run_address>0xfa62</run_address>
         <size>0x4e6</size>
         <input_file_ref idref="fl-148"/>
      </object_component>
      <object_component id="oc-352">
         <name>.debug_info</name>
         <load_address>0xff48</load_address>
         <run_address>0xff48</run_address>
         <size>0x1f8</size>
         <input_file_ref idref="fl-148"/>
      </object_component>
      <object_component id="oc-365">
         <name>.debug_info</name>
         <load_address>0x10140</load_address>
         <run_address>0x10140</run_address>
         <size>0x4e6</size>
         <input_file_ref idref="fl-146"/>
      </object_component>
      <object_component id="oc-36a">
         <name>.debug_info</name>
         <load_address>0x10626</load_address>
         <run_address>0x10626</run_address>
         <size>0x108</size>
         <input_file_ref idref="fl-146"/>
      </object_component>
      <object_component id="oc-36f">
         <name>.debug_info</name>
         <load_address>0x1072e</load_address>
         <run_address>0x1072e</run_address>
         <size>0x16c</size>
         <input_file_ref idref="fl-146"/>
      </object_component>
      <object_component id="oc-377">
         <name>.debug_info</name>
         <load_address>0x1089a</load_address>
         <run_address>0x1089a</run_address>
         <size>0x22a</size>
         <input_file_ref idref="fl-147"/>
      </object_component>
      <object_component id="oc-37e">
         <name>.debug_info</name>
         <load_address>0x10ac4</load_address>
         <run_address>0x10ac4</run_address>
         <size>0x256</size>
         <input_file_ref idref="fl-147"/>
      </object_component>
      <object_component id="oc-388">
         <name>.debug_info</name>
         <load_address>0x10d1a</load_address>
         <run_address>0x10d1a</run_address>
         <size>0x206</size>
         <input_file_ref idref="fl-147"/>
      </object_component>
      <object_component id="oc-3b1">
         <name>.debug_info</name>
         <load_address>0x10f20</load_address>
         <run_address>0x10f20</run_address>
         <size>0xb3</size>
      </object_component>
      <object_component id="oc-10">
         <name>.debug_pubnames</name>
         <load_address>0x0</load_address>
         <run_address>0x0</run_address>
         <size>0x23</size>
         <input_file_ref idref="fl-3"/>
      </object_component>
      <object_component id="oc-15">
         <name>.debug_pubnames</name>
         <load_address>0x23</load_address>
         <run_address>0x23</run_address>
         <size>0x1f</size>
         <input_file_ref idref="fl-134"/>
      </object_component>
      <object_component id="oc-1b">
         <name>.debug_pubnames</name>
         <load_address>0x42</load_address>
         <run_address>0x42</run_address>
         <size>0x2b</size>
         <input_file_ref idref="fl-135"/>
      </object_component>
      <object_component id="oc-1f">
         <name>.debug_pubnames</name>
         <load_address>0x6d</load_address>
         <run_address>0x6d</run_address>
         <size>0x25</size>
         <input_file_ref idref="fl-137"/>
      </object_component>
      <object_component id="oc-24">
         <name>.debug_pubnames</name>
         <load_address>0x92</load_address>
         <run_address>0x92</run_address>
         <size>0x2c</size>
         <input_file_ref idref="fl-136"/>
      </object_component>
      <object_component id="oc-2d">
         <name>.debug_pubnames</name>
         <load_address>0xbe</load_address>
         <run_address>0xbe</run_address>
         <size>0x1f</size>
         <input_file_ref idref="fl-3"/>
      </object_component>
      <object_component id="oc-33">
         <name>.debug_pubnames</name>
         <load_address>0xdd</load_address>
         <run_address>0xdd</run_address>
         <size>0x1c</size>
         <input_file_ref idref="fl-3"/>
      </object_component>
      <object_component id="oc-37">
         <name>.debug_pubnames</name>
         <load_address>0xf9</load_address>
         <run_address>0xf9</run_address>
         <size>0x1f</size>
         <input_file_ref idref="fl-3"/>
      </object_component>
      <object_component id="oc-3f">
         <name>.debug_pubnames</name>
         <load_address>0x118</load_address>
         <run_address>0x118</run_address>
         <size>0x28</size>
         <input_file_ref idref="fl-3"/>
      </object_component>
      <object_component id="oc-43">
         <name>.debug_pubnames</name>
         <load_address>0x140</load_address>
         <run_address>0x140</run_address>
         <size>0x1f</size>
         <input_file_ref idref="fl-2"/>
      </object_component>
      <object_component id="oc-4c">
         <name>.debug_pubnames</name>
         <load_address>0x15f</load_address>
         <run_address>0x15f</run_address>
         <size>0x2a</size>
         <input_file_ref idref="fl-4"/>
      </object_component>
      <object_component id="oc-4f">
         <name>.debug_pubnames</name>
         <load_address>0x189</load_address>
         <run_address>0x189</run_address>
         <size>0x2b</size>
         <input_file_ref idref="fl-2"/>
      </object_component>
      <object_component id="oc-58">
         <name>.debug_pubnames</name>
         <load_address>0x1b4</load_address>
         <run_address>0x1b4</run_address>
         <size>0x29</size>
         <input_file_ref idref="fl-5"/>
      </object_component>
      <object_component id="oc-5e">
         <name>.debug_pubnames</name>
         <load_address>0x1dd</load_address>
         <run_address>0x1dd</run_address>
         <size>0x37</size>
         <input_file_ref idref="fl-13f"/>
      </object_component>
      <object_component id="oc-64">
         <name>.debug_pubnames</name>
         <load_address>0x214</load_address>
         <run_address>0x214</run_address>
         <size>0x21</size>
         <input_file_ref idref="fl-13e"/>
      </object_component>
      <object_component id="oc-6a">
         <name>.debug_pubnames</name>
         <load_address>0x235</load_address>
         <run_address>0x235</run_address>
         <size>0x35</size>
         <input_file_ref idref="fl-138"/>
      </object_component>
      <object_component id="oc-6f">
         <name>.debug_pubnames</name>
         <load_address>0x26a</load_address>
         <run_address>0x26a</run_address>
         <size>0x23</size>
         <input_file_ref idref="fl-13b"/>
      </object_component>
      <object_component id="oc-75">
         <name>.debug_pubnames</name>
         <load_address>0x28d</load_address>
         <run_address>0x28d</run_address>
         <size>0x1d</size>
         <input_file_ref idref="fl-13a"/>
[...]
         <name>FLASH</name>
         <page_id>0x0</page_id>
         <origin>0x0</origin>
         <length>0x40000</length>
         <used_space>0x216c</used_space>
         <unused_space>0x3de94</unused_space>
         <attributes>RX</attributes>
         <usage_details>
            <allocated_space>
               <start_address>0x0</start_address>
               <size>0x26c</size>
               <logical_group_ref idref="lg-3"/>
            </allocated_space>
            <allocated_space>
               <start_address>0x26c</start_address>
               <size>0x1e1e</size>
               <logical_group_ref idref="lg-4"/>
            </allocated_space>
            <available_space>
               <start_address>0x208a</start_address>
               <size>0x2</size>
            </available_space>
            <allocated_space>
               <start_address>0x208c</start_address>
               <size>0xaa</size>
               <logical_group_ref idref="lg-5"/>
            </allocated_space>
            <available_space>
               <start_address>0x2136</start_address>
               <size>0x2</size>
            </available_space>
            <allocated_space>
               <start_address>0x2138</start_address>
               <size>0x38</size>
               <logical_group_ref idref="lg-6"/>
            </allocated_space>
            <available_space>
               <start_address>0x2170</start_address>
               <size>0x3de90</size>
            </available_space>
         </usage_details>
      </memory_area>
      <memory_area display="yes" color="green">
         <name>SRAM</name>
         <page_id>0x0</page_id>
         <origin>0x20000000</origin>
         <length>0x8000</length>
         <used_space>0xa9d</used_space>
         <unused_space>0x7563</unused_space>
         <attributes>RWX</attributes>
         <usage_details>
            <allocated_space>
               <start_address>0x20000000</start_address>
               <size>0x66d</size>
               <logical_group_ref idref="lg-b"/>
            </allocated_space>
            <available_space>
               <start_address>0x2000066d</start_address>
               <size>0x3</size>
            </available_space>
            <allocated_space>
               <start_address>0x20000670</start_address>
               <size>0x400</size>
               <logical_group_ref idref="lg-d"/>
            </allocated_space>
            <allocated_space>
               <start_address>0x20000a70</start_address>
               <size>0x30</size>
               <logical_group_ref idref="lg-a"/>
            </allocated_space>
            <available_space>
               <start_address>0x20000aa0</start_address>
               <size>0x7560</size>
            </available_space>
         </usage_details>
      </memory_area>
   </placement_map>
   <cptbl_list>
      <cptbl>
         <name>__TI_cinit_table</name>
         <cprec>
            <name>.data</name>
            <load_address>0x2138</load_address>
            <load_size>0x12</load_size>
            <run_address>0x20000a70</run_address>
            <run_size>0x30</run_size>
            <compression>rle</compression>
         </cprec>
         <cprec>
            <name>.bss</name>
            <load_address>0x2158</load_address>
            <load_size>0x8</load_size>
            <run_address>0x20000000</run_address>
            <run_size>0x66d</run_size>
            <compression>zero_init</compression>
         </cprec>
      </cptbl>
   </cptbl_list>
   <handler_table>
      <handler_table_name>__TI_handler_table</handler_table_name>
      <handler>
         <index>0x0</index>
         <name>__TI_decompress_rle24</name>
      </handler>
      <handler>
         <index>0x1</index>
         <name>__TI_decompress_none</name>
      </handler>
      <handler>
         <index>0x2</index>
         <name>__TI_zero_init</name>
      </handler>
   </handler_table>
   <symbol_table>
      <symbol id="sm-1">
         <name>__STACK_TOP</name>
         <value>0x20000a70</value>
      </symbol>
      <symbol id="sm-2">
         <name>__TI_CINIT_Base</name>
         <value>0x2160</value>
      </symbol>
      <symbol id="sm-3">
         <name>__TI_CINIT_Limit</name>
         <value>0x2170</value>
      </symbol>
      <symbol id="sm-4">
         <name>__TI_Handler_Table_Base</name>
         <value>0x214c</value>
      </symbol>
      <symbol id="sm-5">
         <name>__TI_Handler_Table_Limit</name>
         <value>0x2158</value>
      </symbol>
      <symbol id="sm-6">
         <name>binit</name>
         <value>0xffffffff</value>
      </symbol>
      <symbol id="sm-7">
         <name>__binit__</name>
         <value>0xffffffff</value>
      </symbol>
      <symbol id="sm-8">
         <name>__STACK_SIZE</name>
         <value>0x400</value>
      </symbol>
      <symbol id="sm-9">
         <name>__STACK_END</name>
         <value>0x20000a70</value>
      </symbol>
      <symbol id="sm-a">
         <name>__c_args__</name>
         <value>0xffffffff</value>
      </symbol>
      <symbol id="sm-117">
         <name>g_vui8I2CDoneFlag</name>
         <value>0x20000660</value>
      </symbol>
      <symbol id="sm-118">
         <name>g_vui8ErrorFlag</name>
         <value>0x2000065c</value>
      </symbol>
      <symbol id="sm-119">
         <name>g_vui8DataFlag</name>
         <value>0x20000658</value>
      </symbol>
      <symbol id="sm-11a">
         <name>m_pressureValue</name>
         <value>0x20000664</value>
      </symbol>
      <symbol id="sm-11b">
         <name>g_sBMP180Inst</name>
         <value>0x20000610</value>
         <object_component_ref idref="oc-1ea"/>
      </symbol>
      <symbol id="sm-11c">
         <name>MPU9150AppCallback</name>
         <value>0x1f71</value>
         <object_component_ref idref="oc-2ad"/>
      </symbol>
      <symbol id="sm-11d">
         <name>g_sI2CInst</name>
         <value>0x20000400</value>
         <object_component_ref idref="oc-dd"/>
      </symbol>
      <symbol id="sm-11e">
         <name>ConfigureI2C</name>
         <value>0x1749</value>
         <object_component_ref idref="oc-1ba"/>
      </symbol>
      <symbol id="sm-11f">
         <name>MPU9150AppErrorHandler</name>
         <value>0x1145</value>
         <object_component_ref idref="oc-319"/>
      </symbol>
      <symbol id="sm-120">
         <name>main</name>
         <value>0xcd1</value>
         <object_component_ref idref="oc-fd"/>
      </symbol>
      <symbol id="sm-121">
         <name>ConfigureMPU9150Interrupt</name>
         <value>0x1c95</value>
         <object_component_ref idref="oc-1c0"/>
      </symbol>
      <symbol id="sm-122">
         <name>BMP180AppCallback</name>
         <value>0x1fd9</value>
         <object_component_ref idref="oc-1ef"/>
      </symbol>
      <symbol id="sm-123">
         <name>ConfigureUART</name>
         <value>0x12e1</value>
         <object_component_ref idref="oc-1ae"/>
      </symbol>
      <symbol id="sm-124">
         <name>InitializeMPU9150</name>
         <value>0xb39</value>
         <object_component_ref idref="oc-1d2"/>
      </symbol>
      <symbol id="sm-125">
         <name>g_sMPU9150Inst</name>
         <value>0x200005a4</value>
         <object_component_ref idref="oc-2aa"/>
      </symbol>
      <symbol id="sm-126">
         <name>MPU9150AppI2CWait</name>
         <value>0x1e19</value>
         <object_component_ref idref="oc-298"/>
      </symbol>
      <symbol id="sm-127">
         <name>IntGPIOb</name>
         <value>0x1d45</value>
         <object_component_ref idref="oc-41"/>
      </symbol>
      <symbol id="sm-128">
         <name>MPU9150I2CIntHandler</name>
         <value>0x202d</value>
         <object_component_ref idref="oc-4d"/>
      </symbol>
      <symbol id="sm-129">
         <name>count</name>
         <value>0x20000a98</value>
         <object_component_ref idref="oc-a7"/>
      </symbol>
      <symbol id="sm-12a">
         <name>InitializeBMP180</name>
         <value>0x199d</value>
         <object_component_ref idref="oc-1d8"/>
      </symbol>
      <symbol id="sm-12b">
         <name>SetUpPeripheralsInterrupts</name>
         <value>0x13c5</value>
         <object_component_ref idref="oc-1c6"/>
      </symbol>
      <symbol id="sm-12c">
         <name>EnableLED</name>
         <value>0x1ec5</value>
         <object_component_ref idref="oc-1b4"/>
      </symbol>
      <symbol id="sm-162">
         <name>ResetISR</name>
         <value>0x206d</value>
         <object_component_ref idref="oc-29"/>
      </symbol>
      <symbol id="sm-163">
         <name>g_pfnVectors</name>
         <value>0x0</value>
         <object_component_ref idref="oc-e"/>
      </symbol>
      <symbol id="sm-24b">
         <name>UARTFlushRx</name>
         <value>0x1e45</value>
         <object_component_ref idref="oc-2e8"/>
      </symbol>
      <symbol id="sm-24c">
         <name>UARTFlushTx</name>
         <value>0x1cd1</value>
         <object_component_ref idref="oc-2ee"/>
      </symbol>
      <symbol id="sm-24d">
         <name>UARTStdioConfig</name>
         <value>0xd85</value>
         <object_component_ref idref="oc-268"/>
      </symbol>
      <symbol id="sm-24e">
         <name>UARTStdioIntHandler</name>
         <value>0x7b5</value>
         <object_component_ref idref="oc-47"/>
      </symbol>
      <symbol id="sm-24f">
         <name>UARTwrite</name>
         <value>0xe35</value>
         <object_component_ref idref="oc-bc"/>
      </symbol>
      <symbol id="sm-250">
         <name>UARTprintf</name>
         <value>0x1f0d</value>
         <object_component_ref idref="oc-a1"/>
      </symbol>
      <symbol id="sm-251">
         <name>UARTvprintf</name>
         <value>0x26d</value>
         <object_component_ref idref="oc-12d"/>
      </symbol>
      <symbol id="sm-27c">
         <name>RGBDisable</name>
         <value>0x14a1</value>
         <object_component_ref idref="oc-e1"/>
      </symbol>
      <symbol id="sm-27d">
         <name>RGBBlinkIntHandler</name>
         <value>0x1d7d</value>
         <object_component_ref idref="oc-53"/>
      </symbol>
      <symbol id="sm-27e">
         <name>RGBEnable</name>
         <value>0xc11</value>
         <object_component_ref idref="oc-e7"/>
      </symbol>
      <symbol id="sm-28e">
         <name>_c_int00</name>
         <value>0x1a79</value>
         <object_component_ref idref="oc-11"/>
      </symbol>
      <symbol id="sm-28f">
         <name>__stack</name>
         <value>0x20000670</value>
         <object_component_ref idref="oc-28"/>
      </symbol>
      <symbol id="sm-2a6">
         <name>__TI_decompress_none</name>
         <value>0x2005</value>
         <object_component_ref idref="oc-16"/>
      </symbol>
      <symbol id="sm-2ca">
         <name>__TI_decompress_rle24</name>
         <value>0x2079</value>
         <object_component_ref idref="oc-22"/>
      </symbol>
      <symbol id="sm-2e3">
         <name>__TI_zero_init</name>
         <value>0x1fc7</value>
         <object_component_ref idref="oc-1c"/>
      </symbol>
      <symbol id="sm-302">
         <name>C$$EXIT</name>
         <value>0x1b91</value>
         <object_component_ref idref="oc-67"/>
      </symbol>
      <symbol id="sm-303">
         <name>abort</name>
         <value>0x1b95</value>
         <object_component_ref idref="oc-67"/>
      </symbol>
      <symbol id="sm-304">
         <name>exit</name>
         <value>0x1b9d</value>
         <object_component_ref idref="oc-67"/>
      </symbol>
      <symbol id="sm-305">
         <name>__TI_dtors_ptr</name>
         <value>0x20000a94</value>
         <object_component_ref idref="oc-108"/>
      </symbol>
      <symbol id="sm-306">
         <name>__TI_cleanup_ptr</name>
         <value>0x20000a90</value>
         <object_component_ref idref="oc-108"/>
      </symbol>
      <symbol id="sm-322">
         <name>memcpy</name>
         <value>0xf7d</value>
         <object_component_ref idref="oc-71"/>
      </symbol>
      <symbol id="sm-323">
         <name>__aeabi_memcpy</name>
         <value>0xf7d</value>
         <object_component_ref idref="oc-71"/>
      </symbol>
      <symbol id="sm-324">
         <name>__aeabi_memcpy8</name>
         <value>0xf7d</value>
         <object_component_ref idref="oc-71"/>
      </symbol>
      <symbol id="sm-325">
         <name>__aeabi_memcpy4</name>
         <value>0xf7d</value>
         <object_component_ref idref="oc-71"/>
      </symbol>
      <symbol id="sm-32d">
         <name>main_func_sp</name>
         <value>0x20000a9c</value>
         <object_component_ref idref="oc-6d"/>
      </symbol>
      <symbol id="sm-33d">
         <name>__aeabi_uidivmod</name>
         <value>0x1bd5</value>
         <object_component_ref idref="oc-20d"/>
      </symbol>
      <symbol id="sm-33e">
         <name>__aeabi_uidiv</name>
         <value>0x1bd5</value>
         <object_component_ref idref="oc-20d"/>
      </symbol>
      <symbol id="sm-357">
         <name>_nop</name>
         <value>0x1faf</value>
         <object_component_ref idref="oc-1fd"/>
      </symbol>
      <symbol id="sm-358">
         <name>_lock</name>
         <value>0x20000a88</value>
         <object_component_ref idref="oc-105"/>
      </symbol>
      <symbol id="sm-359">
         <name>_unlock</name>
         <value>0x20000a8c</value>
         <object_component_ref idref="oc-105"/>
      </symbol>
      <symbol id="sm-35a">
         <name>_register_lock</name>
         <value>0x1fa7</value>
         <object_component_ref idref="oc-1fd"/>
      </symbol>
      <symbol id="sm-35b">
         <name>_register_unlock</name>
         <value>0x1fa1</value>
         <object_component_ref idref="oc-1fd"/>
      </symbol>
      <symbol id="sm-36f">
         <name>_args_main</name>
         <value>0x1f89</value>
         <object_component_ref idref="oc-61"/>
      </symbol>
      <symbol id="sm-38c">
         <name>__TI_auto_init</name>
         <value>0x10b1</value>
         <object_component_ref idref="oc-5c"/>
      </symbol>
      <symbol id="sm-3a5">
         <name>copy_in</name>
         <value>0x1b4d</value>
         <object_component_ref idref="oc-f6"/>
      </symbol>
      <symbol id="sm-3c4">
         <name>UARTFlowControlSet</name>
         <value>0x2039</value>
         <object_component_ref idref="oc-262"/>
      </symbol>
      <symbol id="sm-3c5">
         <name>UARTClockSourceSet</name>
         <value>0x2073</value>
         <object_component_ref idref="oc-25c"/>
      </symbol>
      <symbol id="sm-419">
         <name>IntIsEnabled</name>
         <value>0x1509</value>
         <object_component_ref idref="oc-337"/>
      </symbol>
      <symbol id="sm-41a">
         <name>IntEnable</name>
         <value>0x162d</value>
         <object_component_ref idref="oc-285"/>
      </symbol>
      <symbol id="sm-41b">
         <name>IntTrigger</name>
         <value>0x2021</value>
         <object_component_ref idref="oc-343"/>
      </symbol>
      <symbol id="sm-41c">
         <name>IntDisable</name>
         <value>0x15cd</value>
         <object_component_ref idref="oc-33d"/>
      </symbol>
      <symbol id="sm-459">
         <name>GPIOPinTypeI2CSCL</name>
         <value>0x1fb5</value>
         <object_component_ref idref="oc-270"/>
      </symbol>
      <symbol id="sm-45a">
         <name>GPIOIntEnable</name>
         <value>0x2013</value>
         <object_component_ref idref="oc-277"/>
      </symbol>
      <symbol id="sm-45b">
         <name>GPIOIntClear</name>
         <value>0x2067</value>
         <object_component_ref idref="oc-9b"/>
      </symbol>
      <symbol id="sm-45c">
         <name>GPIOIntStatus</name>
         <value>0x1fe9</value>
         <object_component_ref idref="oc-95"/>
      </symbol>
      <symbol id="sm-45d">
         <name>GPIODirModeSet</name>
         <value>0x1e71</value>
         <object_component_ref idref="oc-2f6"/>
      </symbol>
      <symbol id="sm-45e">
         <name>GPIOPadConfigSet</name>
         <value>0x915</value>
         <object_component_ref idref="oc-2fc"/>
      </symbol>
      <symbol id="sm-4c4">
         <name>MPU9150Write</name>
         <value>0xedd</value>
         <object_component_ref idref="oc-29e"/>
      </symbol>
      <symbol id="sm-4c5">
         <name>MPU9150Init</name>
         <value>0x1435</value>
         <object_component_ref idref="oc-292"/>
      </symbol>
      <symbol id="sm-4c6">
         <name>MPU9150ReadModifyWrite</name>
         <value>0x18ad</value>
         <object_component_ref idref="oc-2a4"/>
      </symbol>
      <symbol id="sm-5d1">
         <name>I2CMWrite8</name>
         <value>0x1855</value>
         <object_component_ref idref="oc-322"/>
      </symbol>
      <symbol id="sm-5d2">
         <name>I2CMCommand</name>
         <value>0x125d</value>
         <object_component_ref idref="oc-2c2"/>
      </symbol>
      <symbol id="sm-5d3">
         <name>I2CMInit</name>
         <value>0x1db5</value>
         <object_component_ref idref="oc-1cc"/>
      </symbol>
      <symbol id="sm-5d4">
         <name>I2CMReadModifyWrite8</name>
         <value>0x1355</value>
         <object_component_ref idref="oc-329"/>
      </symbol>
      <symbol id="sm-5d5">
         <name>I2CMTransferResume</name>
         <value>0x1de9</value>
         <object_component_ref idref="oc-387"/>
      </symbol>
      <symbol id="sm-5d6">
         <name>I2CMIntHandler</name>
         <value>0xa45</value>
         <object_component_ref idref="oc-d7"/>
      </symbol>
      <symbol id="sm-633">
         <name>BMP180DataPressureGetRaw</name>
         <value>0x1f27</value>
         <object_component_ref idref="oc-1e4"/>
      </symbol>
      <symbol id="sm-634">
         <name>BMP180ReadModifyWrite</name>
         <value>0x1951</value>
         <object_component_ref idref="oc-2ba"/>
      </symbol>
      <symbol id="sm-635">
         <name>BMP180DataRead</name>
         <value>0x17a5</value>
         <object_component_ref idref="oc-1de"/>
      </symbol>
      <symbol id="sm-636">
         <name>BMP180Init</name>
         <value>0x17fd</value>
         <object_component_ref idref="oc-2b4"/>
      </symbol>
      <symbol id="sm-682">
         <name>I2CMasterDataPut</name>
         <value>0x2087</value>
         <object_component_ref idref="oc-23a"/>
      </symbol>
      <symbol id="sm-683">
         <name>I2CMasterInitExpClk</name>
         <value>0x1a31</value>
         <object_component_ref idref="oc-27f"/>
      </symbol>
      <symbol id="sm-684">
         <name>I2CMasterSlaveAddrSet</name>
         <value>0x205f</value>
         <object_component_ref idref="oc-232"/>
      </symbol>
      <symbol id="sm-685">
         <name>I2CMasterDataGet</name>
         <value>0x2083</value>
         <object_component_ref idref="oc-228"/>
      </symbol>
      <symbol id="sm-686">
         <name>I2CMasterIntEnableEx</name>
         <value>0x2057</value>
         <object_component_ref idref="oc-28b"/>
      </symbol>
      <symbol id="sm-687">
         <name>I2CMasterControl</name>
         <value>0x207f</value>
         <object_component_ref idref="oc-154"/>
      </symbol>
      <symbol id="sm-688">
         <name>I2CMasterEnable</name>
         <value>0x2045</value>
         <object_component_ref idref="oc-304"/>
      </symbol>
      <symbol id="sm-689">
         <name>I2CMasterIntClear</name>
         <value>0x204f</value>
         <object_component_ref idref="oc-14e"/>
      </symbol>
      <symbol id="sm-68a">
         <name>__TI_static_base__</name>
         <value>0x0</value>
      </symbol>
      <symbol id="sm-68b">
         <name>__TI_args_main</name>
         <value>0x1</value>
      </symbol>
      <symbol id="sm-68c">
         <name>SHT$$INIT_ARRAY$$Limit</name>
         <value>0x0</value>
      </symbol>
      <symbol id="sm-68d">
         <name>SHT$$INIT_ARRAY$$Base</name>
         <value>0x0</value>
      </symbol>
   </symbol_table>
   <title>Link successful</title>
</link_info>
